Component: ARM Compiler 5.06 update 5 (build 528) Tool: armlink [4d35e2]

==============================================================================

Section Cross References

    stm32f10x_it.o(i.USART1_IRQHandler) refers to stm32f10x_usart.o(i.USART_GetITStatus) for USART_GetITStatus
    stm32f10x_it.o(i.USART1_IRQHandler) refers to stm32f10x_usart.o(i.USART_ReceiveData) for USART_ReceiveData
    stm32f10x_it.o(i.USART1_IRQHandler) refers to pm25.o(i.PM25_ReceiveHandler) for PM25_ReceiveHandler
    stm32f10x_it.o(i.USART1_IRQHandler) refers to stm32f10x_usart.o(i.USART_ClearITPendingBit) for USART_ClearITPendingBit
    stm32f10x_it.o(i.USART1_IRQHandler) refers to usart1.o(.data) for Usart1_RxCompleted
    main.o(i.adc_to_ppm) refers to fflt_clz.o(x$fpl$ffltu) for __aeabi_ui2f
    main.o(i.adc_to_ppm) refers to fmul.o(x$fpl$fmul) for __aeabi_fmul
    main.o(i.adc_to_ppm) refers to fdiv.o(x$fpl$fdiv) for __aeabi_fdiv
    main.o(i.adc_to_ppm) refers to faddsub_clz.o(x$fpl$fsub) for __aeabi_fsub
    main.o(i.adc_to_ppm) refers to frleqf.o(x$fpl$frleqf) for __aeabi_cfrcmple
    main.o(i.main) refers to oled.o(i.OLED_Init) for OLED_Init
    main.o(i.main) refers to oled.o(i.OLED_Clear) for OLED_Clear
    main.o(i.main) refers to dht11.o(i.DHT11_Init) for DHT11_Init
    main.o(i.main) refers to ad.o(i.AD_Init) for AD_Init
    main.o(i.main) refers to usart1.o(i.Usart1_Init) for Usart1_Init
    main.o(i.main) refers to fan.o(i.FAN_Init) for FAN_Init
    main.o(i.main) refers to beep.o(i.BEEP_Init) for BEEP_Init
    main.o(i.main) refers to pm25.o(i.PM25_Init) for PM25_Init
    main.o(i.main) refers to oled.o(i.OLED_ShowString) for OLED_ShowString
    main.o(i.main) refers to dht11.o(i.DHT11_Read_Data) for DHT11_Read_Data
    main.o(i.main) refers to pm25.o(i.PM25_GetCurrentData) for PM25_GetCurrentData
    main.o(i.main) refers to main.o(i.adc_to_ppm) for adc_to_ppm
    main.o(i.main) refers to oled.o(i.OLED_ShowNum) for OLED_ShowNum
    main.o(i.main) refers to ffixu.o(x$fpl$ffixu) for __aeabi_f2uiz
    main.o(i.main) refers to f2d.o(x$fpl$f2d) for __aeabi_f2d
    main.o(i.main) refers to usart1.o(i.u1_printf) for u1_printf
    main.o(i.main) refers to delay.o(i.delay_ms) for delay_ms
    main.o(i.main) refers to main.o(.data) for g_humi
    main.o(i.main) refers to ad.o(.data) for AD_Value
    delay.o(i.delay_ms) refers to delay.o(i.delay_us) for delay_us
    delay.o(i.delay_s) refers to delay.o(i.delay_ms) for delay_ms
    timer1.o(i.TIM1_ENABLE_60S) refers to misc.o(i.NVIC_PriorityGroupConfig) for NVIC_PriorityGroupConfig
    timer1.o(i.TIM1_ENABLE_60S) refers to stm32f10x_rcc.o(i.RCC_APB2PeriphClockCmd) for RCC_APB2PeriphClockCmd
    timer1.o(i.TIM1_ENABLE_60S) refers to stm32f10x_tim.o(i.TIM_DeInit) for TIM_DeInit
    timer1.o(i.TIM1_ENABLE_60S) refers to stm32f10x_tim.o(i.TIM_TimeBaseInit) for TIM_TimeBaseInit
    timer1.o(i.TIM1_ENABLE_60S) refers to stm32f10x_tim.o(i.TIM_ClearITPendingBit) for TIM_ClearITPendingBit
    timer1.o(i.TIM1_ENABLE_60S) refers to stm32f10x_tim.o(i.TIM_ITConfig) for TIM_ITConfig
    timer1.o(i.TIM1_ENABLE_60S) refers to misc.o(i.NVIC_Init) for NVIC_Init
    timer1.o(i.TIM1_ENABLE_60S) refers to stm32f10x_tim.o(i.TIM_Cmd) for TIM_Cmd
    timer1.o(i.TIM1_UP_IRQHandler) refers to stm32f10x_tim.o(i.TIM_GetITStatus) for TIM_GetITStatus
    timer1.o(i.TIM1_UP_IRQHandler) refers to stm32f10x_tim.o(i.TIM_ClearITPendingBit) for TIM_ClearITPendingBit
    timer1.o(i.Timer1_Init) refers to stm32f10x_rcc.o(i.RCC_APB2PeriphClockCmd) for RCC_APB2PeriphClockCmd
    timer1.o(i.Timer1_Init) refers to stm32f10x_tim.o(i.TIM_TimeBaseInit) for TIM_TimeBaseInit
    timer1.o(i.Timer1_Init) refers to stm32f10x_tim.o(i.TIM_ITConfig) for TIM_ITConfig
    timer1.o(i.Timer1_Init) refers to misc.o(i.NVIC_Init) for NVIC_Init
    timer1.o(i.Timer1_Init) refers to stm32f10x_tim.o(i.TIM_Cmd) for TIM_Cmd
    timer2.o(i.TIM2_ENABLE_30S) refers to misc.o(i.NVIC_PriorityGroupConfig) for NVIC_PriorityGroupConfig
    timer2.o(i.TIM2_ENABLE_30S) refers to stm32f10x_rcc.o(i.RCC_APB1PeriphClockCmd) for RCC_APB1PeriphClockCmd
    timer2.o(i.TIM2_ENABLE_30S) refers to stm32f10x_tim.o(i.TIM_DeInit) for TIM_DeInit
    timer2.o(i.TIM2_ENABLE_30S) refers to stm32f10x_tim.o(i.TIM_TimeBaseInit) for TIM_TimeBaseInit
    timer2.o(i.TIM2_ENABLE_30S) refers to stm32f10x_tim.o(i.TIM_ClearITPendingBit) for TIM_ClearITPendingBit
    timer2.o(i.TIM2_ENABLE_30S) refers to stm32f10x_tim.o(i.TIM_ITConfig) for TIM_ITConfig
    timer2.o(i.TIM2_ENABLE_30S) refers to stm32f10x_tim.o(i.TIM_Cmd) for TIM_Cmd
    timer2.o(i.TIM2_ENABLE_30S) refers to misc.o(i.NVIC_Init) for NVIC_Init
    timer2.o(i.TIM2_Int_Init) refers to stm32f10x_rcc.o(i.RCC_APB1PeriphClockCmd) for RCC_APB1PeriphClockCmd
    timer2.o(i.TIM2_Int_Init) refers to stm32f10x_tim.o(i.TIM_DeInit) for TIM_DeInit
    timer2.o(i.TIM2_Int_Init) refers to stm32f10x_tim.o(i.TIM_TimeBaseInit) for TIM_TimeBaseInit
[...]
    .text                                    0x08001220   Section        0  _printf_fp_infnan.o(.text)
    .text                                    0x080012a0   Section        0  bigflt0.o(.text)
    .text                                    0x08001384   Section        0  exit.o(.text)
    .text                                    0x08001398   Section      128  strcmpv7m.o(.text)
    .text                                    0x08001418   Section        0  sys_exit.o(.text)
    .text                                    0x08001424   Section        2  use_no_semi.o(.text)
    .text                                    0x08001426   Section        0  indicate_semi.o(.text)
    CL$$btod_d2e                             0x08001426   Section       62  btod.o(CL$$btod_d2e)
    CL$$btod_d2e_denorm_low                  0x08001464   Section       70  btod.o(CL$$btod_d2e_denorm_low)
    CL$$btod_d2e_norm_op1                    0x080014aa   Section       96  btod.o(CL$$btod_d2e_norm_op1)
    CL$$btod_div_common                      0x0800150a   Section      824  btod.o(CL$$btod_div_common)
    CL$$btod_e2e                             0x08001842   Section      220  btod.o(CL$$btod_e2e)
    CL$$btod_ediv                            0x0800191e   Section       42  btod.o(CL$$btod_ediv)
    CL$$btod_emul                            0x08001948   Section       42  btod.o(CL$$btod_emul)
    CL$$btod_mult_common                     0x08001972   Section      580  btod.o(CL$$btod_mult_common)
    i.ADC_Cmd                                0x08001bb6   Section        0  stm32f10x_adc.o(i.ADC_Cmd)
    i.ADC_DMACmd                             0x08001bcc   Section        0  stm32f10x_adc.o(i.ADC_DMACmd)
    i.ADC_GetCalibrationStatus               0x08001be2   Section        0  stm32f10x_adc.o(i.ADC_GetCalibrationStatus)
    i.ADC_GetResetCalibrationStatus          0x08001bf6   Section        0  stm32f10x_adc.o(i.ADC_GetResetCalibrationStatus)
    i.ADC_Init                               0x08001c0c   Section        0  stm32f10x_adc.o(i.ADC_Init)
    i.ADC_RegularChannelConfig               0x08001c5c   Section        0  stm32f10x_adc.o(i.ADC_RegularChannelConfig)
    i.ADC_ResetCalibration                   0x08001d14   Section        0  stm32f10x_adc.o(i.ADC_ResetCalibration)
    i.ADC_SoftwareStartConvCmd               0x08001d1e   Section        0  stm32f10x_adc.o(i.ADC_SoftwareStartConvCmd)
    i.ADC_StartCalibration                   0x08001d34   Section        0  stm32f10x_adc.o(i.ADC_StartCalibration)
    i.AD_Init                                0x08001d40   Section        0  ad.o(i.AD_Init)
    i.BEEP_Init                              0x08001e4c   Section        0  beep.o(i.BEEP_Init)
    i.BEEP_Off                               0x08001e7c   Section        0  beep.o(i.BEEP_Off)
    i.BusFault_Handler                       0x08001e90   Section        0  stm32f10x_it.o(i.BusFault_Handler)
    i.DHT11_Check                            0x08001e94   Section        0  dht11.o(i.DHT11_Check)
    i.DHT11_Init                             0x08001ef0   Section        0  dht11.o(i.DHT11_Init)
    i.DHT11_Mode                             0x08001f30   Section        0  dht11.o(i.DHT11_Mode)
    i.DHT11_Read_Bit                         0x08001f68   Section        0  dht11.o(i.DHT11_Read_Bit)
    i.DHT11_Read_Byte                        0x08001fc4   Section        0  dht11.o(i.DHT11_Read_Byte)
    i.DHT11_Read_Data                        0x08001fe2   Section        0  dht11.o(i.DHT11_Read_Data)
    i.DHT11_Rst                              0x0800203c   Section        0  dht11.o(i.DHT11_Rst)
    i.DMA_Cmd                                0x0800206c   Section        0  stm32f10x_dma.o(i.DMA_Cmd)
    i.DMA_Init                               0x08002084   Section        0  stm32f10x_dma.o(i.DMA_Init)
    i.DebugMon_Handler                       0x080020c0   Section        0  stm32f10x_it.o(i.DebugMon_Handler)
    i.FAN_Init                               0x080020c4   Section        0  fan.o(i.FAN_Init)
    i.FAN_Off                                0x080020f4   Section        0  fan.o(i.FAN_Off)
    i.FucCheckSum                            0x08002108   Section        0  pm25.o(i.FucCheckSum)
    i.GPIO_Init                              0x0800212a   Section        0  stm32f10x_gpio.o(i.GPIO_Init)
    i.GPIO_ReadInputDataBit                  0x08002240   Section        0  stm32f10x_gpio.o(i.GPIO_ReadInputDataBit)
    i.GPIO_ResetBits                         0x08002252   Section        0  stm32f10x_gpio.o(i.GPIO_ResetBits)
    i.GPIO_SetBits                           0x08002256   Section        0  stm32f10x_gpio.o(i.GPIO_SetBits)
    i.GPIO_WriteBit                          0x0800225a   Section        0  stm32f10x_gpio.o(i.GPIO_WriteBit)
    i.HardFault_Handler                      0x08002264   Section        0  stm32f10x_it.o(i.HardFault_Handler)
    i.MemManage_Handler                      0x08002268   Section        0  stm32f10x_it.o(i.MemManage_Handler)
    i.NMI_Handler                            0x0800226c   Section        0  stm32f10x_it.o(i.NMI_Handler)
    i.NVIC_Init                              0x08002270   Section        0  misc.o(i.NVIC_Init)
    i.OLED_Clear                             0x080022e0   Section        0  oled.o(i.OLED_Clear)
    i.OLED_I2C_Init                          0x0800230c   Section        0  oled.o(i.OLED_I2C_Init)
    i.OLED_I2C_SendByte                      0x08002358   Section        0  oled.o(i.OLED_I2C_SendByte)
    i.OLED_I2C_Start                         0x080023a8   Section        0  oled.o(i.OLED_I2C_Start)
    i.OLED_I2C_Stop                          0x080023d8   Section        0  oled.o(i.OLED_I2C_Stop)
    i.OLED_Init                              0x08002400   Section        0  oled.o(i.OLED_Init)
    i.OLED_Pow                               0x080024ae   Section        0  oled.o(i.OLED_Pow)
    i.OLED_SetCursor                         0x080024c2   Section        0  oled.o(i.OLED_SetCursor)
    i.OLED_ShowChar                          0x080024e4   Section        0  oled.o(i.OLED_ShowChar)
    i.OLED_ShowNum                           0x08002558   Section        0  oled.o(i.OLED_ShowNum)
    i.OLED_ShowString                        0x0800259c   Section        0  oled.o(i.OLED_ShowString)
    i.OLED_WriteCommand                      0x080025c4   Section        0  oled.o(i.OLED_WriteCommand)
    i.OLED_WriteData                         0x080025e4   Section        0  oled.o(i.OLED_WriteData)
    i.PM25_GetCurrentData                    0x08002604   Section        0  pm25.o(i.PM25_GetCurrentData)
    i.PM25_Init                              0x08002614   Section        0  pm25.o(i.PM25_Init)
    i.PM25_ReceiveHandler                    0x08002624   Section        0  pm25.o(i.PM25_ReceiveHandler)
    i.ParsePM25Data                          0x08002684   Section        0  pm25.o(i.ParsePM25Data)
    ParsePM25Data                            0x08002685   Thumb Code   214  pm25.o(i.ParsePM25Data)
    i.PendSV_Handler                         0x08002780   Section        0  stm32f10x_it.o(i.PendSV_Handler)
    i.RCC_ADCCLKConfig                       0x08002784   Section        0  stm32f10x_rcc.o(i.RCC_ADCCLKConfig)
    i.RCC_AHBPeriphClockCmd                  0x0800279c   Section        0  stm32f10x_rcc.o(i.RCC_AHBPeriphClockCmd)
    i.RCC_APB2PeriphClockCmd                 0x080027bc   Section        0  stm32f10x_rcc.o(i.RCC_APB2PeriphClockCmd)
    i.RCC_GetClocksFreq                      0x080027dc   Section        0  stm32f10x_rcc.o(i.RCC_GetClocksFreq)
    i.SVC_Handler                            0x080028b0   Section        0  stm32f10x_it.o(i.SVC_Handler)
    i.SetSysClock                            0x080028b2   Section        0  system_stm32f10x.o(i.SetSysClock)
    SetSysClock                              0x080028b3   Thumb Code     8  system_stm32f10x.o(i.SetSysClock)
    i.SetSysClockTo72                        0x080028bc   Section        0  system_stm32f10x.o(i.SetSysClockTo72)
    SetSysClockTo72                          0x080028bd   Thumb Code   214  system_stm32f10x.o(i.SetSysClockTo72)
    i.SysTick_Handler                        0x0800299c   Section        0  stm32f10x_it.o(i.SysTick_Handler)
    i.SystemInit                             0x080029a0   Section        0  system_stm32f10x.o(i.SystemInit)
    i.USART1_IRQHandler                      0x08002a00   Section        0  stm32f10x_it.o(i.USART1_IRQHandler)
    i.USART_ClearITPendingBit                0x08002a38   Section        0  stm32f10x_usart.o(i.USART_ClearITPendingBit)
    i.USART_Cmd                              0x08002a56   Section        0  stm32f10x_usart.o(i.USART_Cmd)
    i.USART_GetFlagStatus                    0x08002a6e   Section        0  stm32f10x_usart.o(i.USART_GetFlagStatus)
    i.USART_GetITStatus                      0x08002a88   Section        0  stm32f10x_usart.o(i.USART_GetITStatus)
    i.USART_ITConfig                         0x08002adc   Section        0  stm32f10x_usart.o(i.USART_ITConfig)
    i.USART_Init                             0x08002b28   Section        0  stm32f10x_usart.o(i.USART_Init)
    i.USART_ReceiveData                      0x08002c00   Section        0  stm32f10x_usart.o(i.USART_ReceiveData)
    i.USART_SendData                         0x08002c0a   Section        0  stm32f10x_usart.o(i.USART_SendData)
    i.UsageFault_Handler                     0x08002c12   Section        0  stm32f10x_it.o(i.UsageFault_Handler)
    i.Usart1_Init                            0x08002c18   Section        0  usart1.o(i.Usart1_Init)
    i.__ARM_fpclassify                       0x08002cb8   Section        0  fpclassify.o(i.__ARM_fpclassify)
    i._is_digit                              0x08002ce0   Section        0  __printf_wp.o(i._is_digit)
    i.adc_to_ppm                             0x08002cf0   Section        0  main.o(i.adc_to_ppm)
    i.delay_ms                               0x08002d5c   Section        0  delay.o(i.delay_ms)
    i.delay_us                               0x08002d74   Section        0  delay.o(i.delay_us)
    i.main                                   0x08002da4   Section        0  main.o(i.main)
    i.u1_printf                              0x08002f30   Section        0  usart1.o(i.u1_printf)
    locale$$code                             0x08002f80   Section       44  lc_numeric_c.o(locale$$code)
    locale$$code                             0x08002fac   Section       44  lc_ctype_c.o(locale$$code)
    x$fpl$d2f                                0x08002fd8   Section       98  d2f.o(x$fpl$d2f)
    x$fpl$dadd                               0x0800303c   Section      336  daddsub_clz.o(x$fpl$dadd)
    _dadd1                                   0x0800304d   Thumb Code     0  daddsub_clz.o(x$fpl$dadd)
    x$fpl$ddiv                               0x0800318c   Section      688  ddiv.o(x$fpl$ddiv)
    ddiv_entry                               0x08003193   Thumb Code     0  ddiv.o(x$fpl$ddiv)
    x$fpl$dmul                               0x0800343c   Section      340  dmul.o(x$fpl$dmul)
    x$fpl$dnaninf                            0x08003590   Section      156  dnaninf.o(x$fpl$dnaninf)
    x$fpl$dretinf                            0x0800362c   Section       12  dretinf.o(x$fpl$dretinf)
    x$fpl$dsub                               0x08003638   Section      468  daddsub_clz.o(x$fpl$dsub)
    _dsub1                                   0x08003649   Thumb Code     0  daddsub_clz.o(x$fpl$dsub)
    x$fpl$f2d                                0x0800380c   Section       86  f2d.o(x$fpl$f2d)
    x$fpl$fadd                               0x08003864   Section      196  faddsub_clz.o(x$fpl$fadd)
    _fadd1                                   0x08003873   Thumb Code     0  faddsub_clz.o(x$fpl$fadd)
    x$fpl$fcmpinf                            0x08003928   Section       24  fcmpi.o(x$fpl$fcmpinf)
    x$fpl$fdiv                               0x08003940   Section      388  fdiv.o(x$fpl$fdiv)
    _fdiv1                                   0x08003941   Thumb Code     0  fdiv.o(x$fpl$fdiv)
    x$fpl$ffixu                              0x08003ac4   Section       62  ffixu.o(x$fpl$ffixu)
    x$fpl$fflt                               0x08003b04   Section       48  fflt_clz.o(x$fpl$fflt)
    x$fpl$ffltu                              0x08003b34   Section       38  fflt_clz.o(x$fpl$ffltu)
    x$fpl$fleqf                              0x08003b5c   Section      104  fleqf.o(x$fpl$fleqf)
    x$fpl$fmul                               0x08003bc4   Section      258  fmul.o(x$fpl$fmul)
    x$fpl$fnaninf                            0x08003cc6   Section      140  fnaninf.o(x$fpl$fnaninf)
    x$fpl$fretinf                            0x08003d52   Section       10  fretinf.o(x$fpl$fretinf)
    x$fpl$frleqf                             0x08003d5c   Section       98  frleqf.o(x$fpl$frleqf)
    x$fpl$fsub                               0x08003dc0   Section      234  faddsub_clz.o(x$fpl$fsub)
    _fsub1                                   0x08003dcf   Thumb Code     0  faddsub_clz.o(x$fpl$fsub)
    x$fpl$printf1                            0x08003eaa   Section        4  printf1.o(x$fpl$printf1)
    x$fpl$printf2                            0x08003eae   Section        4  printf2.o(x$fpl$printf2)
    .constdata                               0x08003eb2   Section     1520  oled.o(.constdata)
    x$fpl$usenofp                            0x08003eb2   Section        0  usenofp.o(x$fpl$usenofp)
    .constdata                               0x080044a4   Section        8  _printf_wctomb.o(.constdata)
    initial_mbstate                          0x080044a4   Data           8  _printf_wctomb.o(.constdata)
    .constdata                               0x080044ac   Section       40  _printf_hex_int_ll_ptr.o(.constdata)
    uc_hextab                                0x080044ac   Data          20  _printf_hex_int_ll_ptr.o(.constdata)
    lc_hextab                                0x080044c0   Data          20  _printf_hex_int_ll_ptr.o(.constdata)
    .constdata                               0x080044d4   Section       17  __printf_flags_ss_wp.o(.constdata)
    maptable                                 0x080044d4   Data          17  __printf_flags_ss_wp.o(.constdata)
    .constdata                               0x080044e5   Section       38  _printf_fp_hex.o(.constdata)
    lc_hextab                                0x080044e5   Data          19  _printf_fp_hex.o(.constdata)
    uc_hextab                                0x080044f8   Data          19  _printf_fp_hex.o(.constdata)
    .constdata                               0x0800450c   Section      148  bigflt0.o(.constdata)
    tenpwrs_x                                0x0800450c   Data          60  bigflt0.o(.constdata)
    tenpwrs_i                                0x08004548   Data          64  bigflt0.o(.constdata)
    locale$$data                             0x080045c0   Section       28  lc_numeric_c.o(locale$$data)
    __lcnum_c_name                           0x080045c4   Data           2  lc_numeric_c.o(locale$$data)
    __lcnum_c_start                          0x080045cc   Data           0  lc_numeric_c.o(locale$$data)
    __lcnum_c_point                          0x080045d8   Data           0  lc_numeric_c.o(locale$$data)
    __lcnum_c_thousands                      0x080045da   Data           0  lc_numeric_c.o(locale$$data)
    __lcnum_c_grouping                       0x080045db   Data           0  lc_numeric_c.o(locale$$data)
    locale$$data                             0x080045dc   Section      272  lc_ctype_c.o(locale$$data)
    __lcnum_c_end                            0x080045dc   Data           0  lc_numeric_c.o(locale$$data)
    __lcctype_c_name                         0x080045e0   Data           2  lc_ctype_c.o(locale$$data)
    __lcctype_c_start                        0x080045e8   Data           0  lc_ctype_c.o(locale$$data)
    __lcctype_c_end                          0x080046ec   Data           0  lc_ctype_c.o(locale$$data)
    .data                                    0x20000000   Section       16  main.o(.data)
    .data                                    0x20000010   Section        8  usart1.o(.data)
    .data                                    0x20000018   Section       20  stm32f10x_rcc.o(.data)
    APBAHBPrescTable                         0x20000018   Data          16  stm32f10x_rcc.o(.data)
    ADCPrescTable                            0x20000028   Data           4  stm32f10x_rcc.o(.data)
    .data                                    0x2000002c   Section        3  pm25.o(.data)
    rx_index                                 0x2000002c   Data           1  pm25.o(.data)
    frame_started                            0x2000002d   Data           1  pm25.o(.data)
    frame_started                            0x2000002e   Data           1  pm25.o(.data)
    .data                                    0x20000030   Section        8  ad.o(.data)
    .bss                                     0x20000038   Section     2048  usart1.o(.bss)
    .bss                                     0x20000838   Section       21  pm25.o(.bss)
    current_data                             0x20000838   Data          12  pm25.o(.bss)
    rx_buffer                                0x20000844   Data           9  pm25.o(.bss)
    .bss                                     0x20000850   Section       96  libspace.o(.bss)
    HEAP                                     0x200008b0   Section      512  startup_stm32f10x_md_vl.o(HEAP)
    Heap_Mem                                 0x200008b0   Data         512  startup_stm32f10x_md_vl.o(HEAP)
    STACK                                    0x20000ab0   Section     1024  startup_stm32f10x_md_vl.o(STACK)
    Stack_Mem                                0x20000ab0   Data        1024  startup_stm32f10x_md_vl.o(STACK)
    __initial_sp                             0x20000eb0   Data           0  startup_stm32f10x_md_vl.o(STACK)

    Global Symbols

    Symbol Name                              Value     Ov Type        Size  Object(Section)

    BuildAttributes$$THM_ISAv4$P$D$K$B$S$PE$A:L22UL41UL21$X:L11$S22US41US21$IEEE1$IW$USESV6$~STKCKD$USESV7$~SHL$OTIME$ROPI$IEEEX$EBA8$UX$STANDARDLIB$REQ8$PRES8$EABIv2 0x00000000   Number         0  anon$$obj.o ABSOLUTE
    __ARM_use_no_argv                        0x00000000   Number         0  main.o ABSOLUTE
    _printf_flags                            0x00000000   Number         0  printf_stubs.o ABSOLUTE
    _printf_return_value                     0x00000000   Number         0  printf_stubs.o ABSOLUTE
    _printf_sizespec                         0x00000000   Number         0  printf_stubs.o ABSOLUTE
    _printf_widthprec                        0x00000000   Number         0  printf_stubs.o ABSOLUTE
    __ARM_exceptions_init                     - Undefined Weak Reference
    __alloca_initialize                       - Undefined Weak Reference
    __arm_preinit_                            - Undefined Weak Reference
    __cpp_initialize__aeabi_                  - Undefined Weak Reference
    __cxa_finalize                            - Undefined Weak Reference
    __sigvec_lookup                           - Undefined Weak Reference
    _atexit_init                              - Undefined Weak Reference
    _call_atexit_fns                          - Undefined Weak Reference
    _clock_init                               - Undefined Weak Reference
    _fp_trap_init                             - Undefined Weak Reference
    _fp_trap_shutdown                         - Undefined Weak Reference
    _get_lc_collate                           - Undefined Weak Reference
    _get_lc_monetary                          - Undefined Weak Reference
    _get_lc_time                              - Undefined Weak Reference
    _getenv_init                              - Undefined Weak Reference
    _handle_redirection                       - Undefined Weak Reference
    _init_alloc                               - Undefined Weak Reference
    _init_user_alloc                          - Undefined Weak Reference
    _initio                                   - Undefined Weak Reference
    _printf_mbtowc                            - Undefined Weak Reference
    _printf_wc                                - Undefined Weak Reference
    _rand_init                                - Undefined Weak Reference
    _signal_finish                            - Undefined Weak Reference
    _signal_init                              - Undefined Weak Reference
    _terminate_alloc                          - Undefined Weak Reference
    _terminate_user_alloc                     - Undefined Weak Reference
    _terminateio                              - Undefined Weak Reference
    __Vectors_Size                           0x00000120   Number         0  startup_stm32f10x_md_vl.o ABSOLUTE
    __Vectors                                0x08000000   Data           4  startup_stm32f10x_md_vl.o(RESET)
    __Vectors_End                            0x08000120   Data           0  startup_stm32f10x_md_vl.o(RESET)
    __main                                   0x08000121   Thumb Code     8  __main.o(!!!main)
    __scatterload                            0x08000129   Thumb Code     0  __scatter.o(!!!scatter)
    __scatterload_rt2                        0x08000129   Thumb Code    44  __scatter.o(!!!scatter)
    __scatterload_rt2_thumb_only             0x08000129   Thumb Code     0  __scatter.o(!!!scatter)
    __scatterload_null                       0x08000137   Thumb Code     0  __scatter.o(!!!scatter)
    __scatterload_copy                       0x0800015d   Thumb Code    26  __scatter_copy.o(!!handler_copy)
    __scatterload_zeroinit                   0x08000179   Thumb Code    28  __scatter_zi.o(!!handler_zi)
    _printf_n                                0x08000195   Thumb Code     0  _printf_n.o(.ARM.Collect$$_printf_percent$$00000001)
    _printf_percent                          0x08000195   Thumb Code     0  _printf_percent.o(.ARM.Collect$$_printf_percent$$00000000)
    _printf_p                                0x0800019b   Thumb Code     0  _printf_p.o(.ARM.Collect$$_printf_percent$$00000002)
    _printf_f                                0x080001a1   Thumb Code     0  _printf_f.o(.ARM.Collect$$_printf_percent$$00000003)
    _printf_e                                0x080001a7   Thumb Code     0  _printf_e.o(.ARM.Collect$$_printf_percent$$00000004)
    _printf_g                                0x080001ad   Thumb Code     0  _printf_g.o(.ARM.Collect$$_printf_percent$$00000005)
    _printf_a                                0x080001b3   Thumb Code     0  _printf_a.o(.ARM.Collect$$_printf_percent$$00000006)
    _printf_ll                               0x080001b9   Thumb Code     0  _printf_ll.o(.ARM.Collect$$_printf_percent$$00000007)
    _printf_i                                0x080001c3   Thumb Code     0  _printf_i.o(.ARM.Collect$$_printf_percent$$00000008)
    _printf_d                                0x080001c9   Thumb Code     0  _printf_d.o(.ARM.Collect$$_printf_percent$$00000009)
    _printf_u                                0x080001cf   Thumb Code     0  _printf_u.o(.ARM.Collect$$_printf_percent$$0000000A)
    _printf_o                                0x080001d5   Thumb Code     0  _printf_o.o(.ARM.Collect$$_printf_percent$$0000000B)
    _printf_x                                0x080001db   Thumb Code     0  _printf_x.o(.ARM.Collect$$_printf_percent$$0000000C)
    _printf_lli                              0x080001e1   Thumb Code     0  _printf_lli.o(.ARM.Collect$$_printf_percent$$0000000D)
    _printf_lld                              0x080001e7   Thumb Code     0  _printf_lld.o(.ARM.Collect$$_printf_percent$$0000000E)
    _printf_llu                              0x080001ed   Thumb Code     0  _printf_llu.o(.ARM.Collect$$_printf_percent$$0000000F)
    _printf_llo                              0x080001f3   Thumb Code     0  _printf_llo.o(.ARM.Collect$$_printf_percent$$00000010)
    _printf_llx                              0x080001f9   Thumb Code     0  _printf_llx.o(.ARM.Collect$$_printf_percent$$00000011)
    _printf_l                                0x080001ff   Thumb Code     0  _printf_l.o(.ARM.Collect$$_printf_percent$$00000012)
    _printf_c                                0x08000209   Thumb Code     0  _printf_c.o(.ARM.Collect$$_printf_percent$$00000013)
    _printf_s                                0x0800020f   Thumb Code     0  _printf_s.o(.ARM.Collect$$_printf_percent$$00000014)
    _printf_lc                               0x08000215   Thumb Code     0  _printf_lc.o(.ARM.Collect$$_printf_percent$$00000015)
    _printf_ls                               0x0800021b   Thumb Code     0  _printf_ls.o(.ARM.Collect$$_printf_percent$$00000016)
    _printf_percent_end                      0x08000221   Thumb Code     0  _printf_percent_end.o(.ARM.Collect$$_printf_percent$$00000017)
    __rt_lib_init                            0x08000225   Thumb Code     0  libinit.o(.ARM.Collect$$libinit$$00000000)
    __rt_lib_init_fp_1                       0x08000227   Thumb Code     0  libinit2.o(.ARM.Collect$$libinit$$00000002)
    __rt_lib_init_heap_1                     0x08000227   Thumb Code     0  libinit2.o(.ARM.Collect$$libinit$$0000000A)
    __rt_lib_init_lc_common                  0x08000227   Thumb Code     0  libinit2.o(.ARM.Collect$$libinit$$0000000F)
    __rt_lib_init_preinit_1                  0x08000227   Thumb Code     0  libinit2.o(.ARM.Collect$$libinit$$00000004)
    __rt_lib_init_rand_1                     0x08000227   Thumb Code     0  libinit2.o(.ARM.Collect$$libinit$$0000000E)
    __rt_lib_init_user_alloc_1               0x08000227   Thumb Code     0  libinit2.o(.ARM.Collect$$libinit$$0000000C)
    __rt_lib_init_lc_collate_1               0x0800022d   Thumb Code     0  libinit2.o(.ARM.Collect$$libinit$$00000011)
    __rt_lib_init_lc_ctype_2                 0x0800022d   Thumb Code     0  libinit2.o(.ARM.Collect$$libinit$$00000012)
    __rt_lib_init_lc_ctype_1                 0x08000239   Thumb Code     0  libinit2.o(.ARM.Collect$$libinit$$00000013)
    __rt_lib_init_lc_monetary_1              0x08000239   Thumb Code     0  libinit2.o(.ARM.Collect$$libinit$$00000015)
    __rt_lib_init_lc_numeric_2               0x08000239   Thumb Code     0  libinit2.o(.ARM.Collect$$libinit$$00000016)
    __rt_lib_init_alloca_1                   0x08000243   Thumb Code     0  libinit2.o(.ARM.Collect$$libinit$$0000002E)
    __rt_lib_init_argv_1                     0x08000243   Thumb Code     0  libinit2.o(.ARM.Collect$$libinit$$0000002C)
    __rt_lib_init_atexit_1                   0x08000243   Thumb Code     0  libinit2.o(.ARM.Collect$$libinit$$0000001B)
    __rt_lib_init_clock_1                    0x08000243   Thumb Code     0  libinit2.o(.ARM.Collect$$libinit$$00000021)
    __rt_lib_init_cpp_1                      0x08000243   Thumb Code     0  libinit2.o(.ARM.Collect$$libinit$$00000032)
    __rt_lib_init_exceptions_1               0x08000243   Thumb Code     0  libinit2.o(.ARM.Collect$$libinit$$00000030)
    __rt_lib_init_fp_trap_1                  0x08000243   Thumb Code     0  libinit2.o(.ARM.Collect$$libinit$$0000001F)
    __rt_lib_init_getenv_1                   0x08000243   Thumb Code     0  libinit2.o(.ARM.Collect$$libinit$$00000023)
    __rt_lib_init_lc_numeric_1               0x08000243   Thumb Code     0  libinit2.o(.ARM.Collect$$libinit$$00000017)
    __rt_lib_init_lc_time_1                  0x08000243   Thumb Code     0  libinit2.o(.ARM.Collect$$libinit$$00000019)
    __rt_lib_init_return                     0x08000243   Thumb Code     0  libinit2.o(.ARM.Collect$$libinit$$00000033)
    __rt_lib_init_signal_1                   0x08000243   Thumb Code     0  libinit2.o(.ARM.Collect$$libinit$$0000001D)
    __rt_lib_init_stdio_1                    0x08000243   Thumb Code     0  libinit2.o(.ARM.Collect$$libinit$$00000025)
    __rt_lib_shutdown                        0x08000245   Thumb Code     0  libshutdown.o(.ARM.Collect$$libshutdown$$00000000)
    __rt_lib_shutdown_cpp_1                  0x08000247   Thumb Code     0  libshutdown2.o(.ARM.Collect$$libshutdown$$00000002)
    __rt_lib_shutdown_fp_trap_1              0x08000247   Thumb Code     0  libshutdown2.o(.ARM.Collect$$libshutdown$$00000007)
    __rt_lib_shutdown_heap_1                 0x08000247   Thumb Code     0  libshutdown2.o(.ARM.Collect$$libshutdown$$0000000F)
    __rt_lib_shutdown_return                 0x08000247   Thumb Code     0  libshutdown2.o(.ARM.Collect$$libshutdown$$00000010)
    __rt_lib_shutdown_signal_1               0x08000247   Thumb Code     0  libshutdown2.o(.ARM.Collect$$libshutdown$$0000000A)
    __rt_lib_shutdown_stdio_1                0x08000247   Thumb Code     0  libshutdown2.o(.ARM.Collect$$libshutdown$$00000004)
    __rt_lib_shutdown_user_alloc_1           0x08000247   Thumb Code     0  libshutdown2.o(.ARM.Collect$$libshutdown$$0000000C)
    __rt_entry                               0x08000249   Thumb Code     0  __rtentry.o(.ARM.Collect$$rtentry$$00000000)
    __rt_entry_presh_1                       0x08000249   Thumb Code     0  __rtentry2.o(.ARM.Collect$$rtentry$$00000002)
    __rt_entry_sh                            0x08000249   Thumb Code     0  __rtentry4.o(.ARM.Collect$$rtentry$$00000004)
    __rt_entry_li                            0x0800024f   Thumb Code     0  __rtentry2.o(.ARM.Collect$$rtentry$$0000000A)
    __rt_entry_postsh_1                      0x0800024f   Thumb Code     0  __rtentry2.o(.ARM.Collect$$rtentry$$00000009)
    __rt_entry_main                          0x08000253   Thumb Code     0  __rtentry2.o(.ARM.Collect$$rtentry$$0000000D)
    __rt_entry_postli_1                      0x08000253   Thumb Code     0  __rtentry2.o(.ARM.Collect$$rtentry$$0000000C)
    __rt_exit                                0x0800025b   Thumb Code     0  rtexit.o(.ARM.Collect$$rtexit$$00000000)
    __rt_exit_ls                             0x0800025d   Thumb Code     0  rtexit2.o(.ARM.Collect$$rtexit$$00000003)
    __rt_exit_prels_1                        0x0800025d   Thumb Code     0  rtexit2.o(.ARM.Collect$$rtexit$$00000002)
    __rt_exit_exit                           0x08000261   Thumb Code     0  rtexit2.o(.ARM.Collect$$rtexit$$00000004)
    Reset_Handler                            0x08000269   Thumb Code     8  startup_stm32f10x_md_vl.o(.text)
    ADC1_IRQHandler                          0x08000283   Thumb Code     0  startup_stm32f10x_md_vl.o(.text)
    CEC_IRQHandler                           0x08000283   Thumb Code     0  startup_stm32f10x_md_vl.o(.text)
    DMA1_Channel1_IRQHandler                 0x08000283   Thumb Code     0  startup_stm32f10x_md_vl.o(.text)
    DMA1_Channel2_IRQHandler                 0x08000283   Thumb Code     0  startup_stm32f10x_md_vl.o(.text)
    DMA1_Channel3_IRQHandler                 0x08000283   Thumb Code     0  startup_stm32f10x_md_vl.o(.text)
    DMA1_Channel4_IRQHandler                 0x08000283   Thumb Code     0  startup_stm32f10x_md_vl.o(.text)
    DMA1_Channel5_IRQHandler                 0x08000283   Thumb Code     0  startup_stm32f10x_md_vl.o(.text)
    DMA1_Channel6_IRQHandler                 0x08000283   Thumb Code     0  startup_stm32f10x_md_vl.o(.text)
    DMA1_Channel7_IRQHandler                 0x08000283   Thumb Code     0  startup_stm32f10x_md_vl.o(.text)
    EXTI0_IRQHandler                         0x08000283   Thumb Code     0  startup_stm32f10x_md_vl.o(.text)
    EXTI15_10_IRQHandler                     0x08000283   Thumb Code     0  startup_stm32f10x_md_vl.o(.text)
    EXTI1_IRQHandler                         0x08000283   Thumb Code     0  startup_stm32f10x_md_vl.o(.text)
    EXTI2_IRQHandler                         0x08000283   Thumb Code     0  startup_stm32f10x_md_vl.o(.text)
    EXTI3_IRQHandler                         0x08000283   Thumb Code     0  startup_stm32f10x_md_vl.o(.text)
    EXTI4_IRQHandler                         0x08000283   Thumb Code     0  startup_stm32f10x_md_vl.o(.text)
    EXTI9_5_IRQHandler                       0x08000283   Thumb Code     0  startup_stm32f10x_md_vl.o(.text)
    FLASH_IRQHandler                         0x08000283   Thumb Code     0  startup_stm32f10x_md_vl.o(.text)
    I2C1_ER_IRQHandler                       0x08000283   Thumb Code     0  startup_stm32f10x_md_vl.o(.text)
    I2C1_EV_IRQHandler                       0x08000283   Thumb Code     0  startup_stm32f10x_md_vl.o(.text)
    I2C2_ER_IRQHandler                       0x08000283   Thumb Code     0  startup_stm32f10x_md_vl.o(.text)
    I2C2_EV_IRQHandler                       0x08000283   Thumb Code     0  startup_stm32f10x_md_vl.o(.text)
    PVD_IRQHandler                           0x08000283   Thumb Code     0  startup_stm32f10x_md_vl.o(.text)
    RCC_IRQHandler                           0x08000283   Thumb Code     0  startup_stm32f10x_md_vl.o(.text)
    RTCAlarm_IRQHandler                      0x08000283   Thumb Code     0  startup_stm32f10x_md_vl.o(.text)
    RTC_IRQHandler                           0x08000283   Thumb Code     0  startup_stm32f10x_md_vl.o(.text)
    SPI1_IRQHandler                          0x08000283   Thumb Code     0  startup_stm32f10x_md_vl.o(.text)
    SPI2_IRQHandler                          0x08000283   Thumb Code     0  startup_stm32f10x_md_vl.o(.text)
    TAMPER_IRQHandler                        0x08000283   Thumb Code     0  startup_stm32f10x_md_vl.o(.text)
    TIM1_BRK_TIM15_IRQHandler                0x08000283   Thumb Code     0  startup_stm32f10x_md_vl.o(.text)
    TIM1_CC_IRQHandler                       0x08000283   Thumb Code     0  startup_stm32f10x_md_vl.o(.text)
    TIM1_TRG_COM_TIM17_IRQHandler            0x08000283   Thumb Code     0  startup_stm32f10x_md_vl.o(.text)
    TIM1_UP_TIM16_IRQHandler                 0x08000283   Thumb Code     0  startup_stm32f10x_md_vl.o(.text)
    TIM2_IRQHandler                          0x08000283   Thumb Code     0  startup_stm32f10x_md_vl.o(.text)
    TIM3_IRQHandler                          0x08000283   Thumb Code     0  startup_stm32f10x_md_vl.o(.text)
    TIM4_IRQHandler                          0x08000283   Thumb Code     0  startup_stm32f10x_md_vl.o(.text)
    TIM6_DAC_IRQHandler                      0x08000283   Thumb Code     0  startup_stm32f10x_md_vl.o(.text)
    TIM7_IRQHandler                          0x08000283   Thumb Code     0  startup_stm32f10x_md_vl.o(.text)
    USART2_IRQHandler                        0x08000283   Thumb Code     0  startup_stm32f10x_md_vl.o(.text)
    USART3_IRQHandler                        0x08000283   Thumb Code     0  startup_stm32f10x_md_vl.o(.text)
    WWDG_IRQHandler                          0x08000283   Thumb Code     0  startup_stm32f10x_md_vl.o(.text)
    __user_initial_stackheap                 0x08000285   Thumb Code     0  startup_stm32f10x_md_vl.o(.text)
    vsprintf                                 0x080002a9   Thumb Code    32  vsprintf.o(.text)
    strlen                                   0x080002cd   Thumb Code    62  strlen.o(.text)
    __aeabi_memclr4                          0x0800030b   Thumb Code     0  rt_memclr_w.o(.text)
    __aeabi_memclr8                          0x0800030b   Thumb Code     0  rt_memclr_w.o(.text)
    __rt_memclr_w                            0x0800030b   Thumb Code    78  rt_memclr_w.o(.text)
    _memset_w                                0x0800030f   Thumb Code     0  rt_memclr_w.o(.text)
    __use_two_region_memory                  0x08000359   Thumb Code     2  heapauxi.o(.text)
    __rt_heap_escrow$2region                 0x0800035b   Thumb Code     2  heapauxi.o(.text)
    __rt_heap_expand$2region                 0x0800035d   Thumb Code     2  heapauxi.o(.text)
    _printf_pre_padding                      0x0800035f   Thumb Code    44  _printf_pad.o(.text)
    _printf_post_padding                     0x0800038b   Thumb Code    34  _printf_pad.o(.text)
    _printf_truncate_signed                  0x080003ad   Thumb Code    18  _printf_truncate.o(.text)
    _printf_truncate_unsigned                0x080003bf   Thumb Code    18  _printf_truncate.o(.text)
    _printf_str                              0x080003d1   Thumb Code    82  _printf_str.o(.text)
    _printf_int_dec                          0x08000425   Thumb Code   104  _printf_dec.o(.text)
    _printf_charcount                        0x0800049d   Thumb Code    40  _printf_charcount.o(.text)
    _printf_char_common                      0x080004cf   Thumb Code    32  _printf_char_common.o(.text)
    _sputc                                   0x080004f5   Thumb Code    10  _sputc.o(.text)
    _printf_wctomb                           0x08000501   Thumb Code   182  _printf_wctomb.o(.text)
    _printf_longlong_dec                     0x080005bd   Thumb Code   108  _printf_longlong_dec.o(.text)
    _printf_longlong_oct                     0x08000639   Thumb Code    66  _printf_oct_int_ll.o(.text)
    _printf_int_oct                          0x0800067b   Thumb Code    24  _printf_oct_int_ll.o(.text)
    _printf_ll_oct                           0x08000693   Thumb Code    12  _printf_oct_int_ll.o(.text)
    _printf_longlong_hex                     0x080006a9   Thumb Code    86  _printf_hex_int_ll_ptr.o(.text)
    _printf_int_hex                          0x080006ff   Thumb Code    28  _printf_hex_int_ll_ptr.o(.text)
    _printf_ll_hex                           0x0800071b   Thumb Code    12  _printf_hex_int_ll_ptr.o(.text)
    _printf_hex_ptr                          0x08000727   Thumb Code    18  _printf_hex_int_ll_ptr.o(.text)
    __printf                                 0x0800073d   Thumb Code   388  __printf_flags_ss_wp.o(.text)
    _ll_udiv10                               0x080008c5   Thumb Code   138  lludiv10.o(.text)
    _printf_int_common                       0x0800094f   Thumb Code   178  _printf_intcommon.o(.text)
    __lib_sel_fp_printf                      0x08000a01   Thumb Code     2  _printf_fp_dec.o(.text)
    _printf_fp_dec_real                      0x08000bb3   Thumb Code   620  _printf_fp_dec.o(.text)
    _printf_fp_hex_real                      0x08000e21   Thumb Code   756  _printf_fp_hex.o(.text)
    _printf_cs_common                        0x0800111d   Thumb Code    20  _printf_char.o(.text)
    _printf_char                             0x08001131   Thumb Code    16  _printf_char.o(.text)
    _printf_string                           0x08001141   Thumb Code     8  _printf_char.o(.text)
    _printf_lcs_common                       0x08001149   Thumb Code    20  _printf_wchar.o(.text)
    _printf_wchar                            0x0800115d   Thumb Code    16  _printf_wchar.o(.text)
    _printf_wstring                          0x0800116d   Thumb Code     8  _printf_wchar.o(.text)
    _wcrtomb                                 0x08001175   Thumb Code    64  _wcrtomb.o(.text)
    __user_libspace                          0x080011b5   Thumb Code     8  libspace.o(.text)
    __user_perproc_libspace                  0x080011b5   Thumb Code     0  libspace.o(.text)
    __user_perthread_libspace                0x080011b5   Thumb Code     0  libspace.o(.text)
    __user_setup_stackheap                   0x080011bd   Thumb Code    74  sys_stackheap_outer.o(.text)
    __rt_ctype_table                         0x08001209   Thumb Code    16  rt_ctype_table.o(.text)
    __rt_locale                              0x08001219   Thumb Code     8  rt_locale_intlibspace.o(.text)
    _printf_fp_infnan                        0x08001221   Thumb Code   112  _printf_fp_infnan.o(.text)
    _btod_etento                             0x080012a1   Thumb Code   224  bigflt0.o(.text)
    exit                                     0x08001385   Thumb Code    18  exit.o(.text)
    strcmp                                   0x08001399   Thumb Code   128  strcmpv7m.o(.text)
    _sys_exit                                0x08001419   Thumb Code     8  sys_exit.o(.text)
    __I$use$semihosting                      0x08001425   Thumb Code     0  use_no_semi.o(.text)
    __use_no_semihosting_swi                 0x08001425   Thumb Code     2  use_no_semi.o(.text)
    __semihosting_library_function           0x08001427   Thumb Code     0  indicate_semi.o(.text)
    _btod_d2e                                0x08001427   Thumb Code    62  btod.o(CL$$btod_d2e)
    _d2e_denorm_low                          0x08001465   Thumb Code    70  btod.o(CL$$btod_d2e_denorm_low)
    _d2e_norm_op1                            0x080014ab   Thumb Code    96  btod.o(CL$$btod_d2e_norm_op1)
    __btod_div_common                        0x0800150b   Thumb Code   696  btod.o(CL$$btod_div_common)
    _e2e                                     0x08001843   Thumb Code   220  btod.o(CL$$btod_e2e)
    _btod_ediv                               0x0800191f   Thumb Code    42  btod.o(CL$$btod_ediv)
    _btod_emul                               0x08001949   Thumb Code    42  btod.o(CL$$btod_emul)
    __btod_mult_common                       0x08001973   Thumb Code   580  btod.o(CL$$btod_mult_common)
    ADC_Cmd                                  0x08001bb7   Thumb Code    22  stm32f10x_adc.o(i.ADC_Cmd)
    ADC_DMACmd                               0x08001bcd   Thumb Code    22  stm32f10x_adc.o(i.ADC_DMACmd)
    ADC_GetCalibrationStatus                 0x08001be3   Thumb Code    20  stm32f10x_adc.o(i.ADC_GetCalibrationStatus)
    ADC_GetResetCalibrationStatus            0x08001bf7   Thumb Code    20  stm32f10x_adc.o(i.ADC_GetResetCalibrationStatus)
    ADC_Init                                 0x08001c0d   Thumb Code    70  stm32f10x_adc.o(i.ADC_Init)
    ADC_RegularChannelConfig                 0x08001c5d   Thumb Code   184  stm32f10x_adc.o(i.ADC_RegularChannelConfig)
    ADC_ResetCalibration                     0x08001d15   Thumb Code    10  stm32f10x_adc.o(i.ADC_ResetCalibration)
    ADC_SoftwareStartConvCmd                 0x08001d1f   Thumb Code    22  stm32f10x_adc.o(i.ADC_SoftwareStartConvCmd)
    ADC_StartCalibration                     0x08001d35   Thumb Code    10  stm32f10x_adc.o(i.ADC_StartCalibration)
    AD_Init                                  0x08001d41   Thumb Code   252  ad.o(i.AD_Init)
    BEEP_Init                                0x08001e4d   Thumb Code    44  beep.o(i.BEEP_Init)
    BEEP_Off                                 0x08001e7d   Thumb Code    14  beep.o(i.BEEP_Off)
    BusFault_Handler                         0x08001e91   Thumb Code     4  stm32f10x_it.o(i.BusFault_Handler)
    DHT11_Check                              0x08001e95   Thumb Code    88  dht11.o(i.DHT11_Check)
    DHT11_Init                               0x08001ef1   Thumb Code    58  dht11.o(i.DHT11_Init)
    DHT11_Mode                               0x08001f31   Thumb Code    52  dht11.o(i.DHT11_Mode)
    DHT11_Read_Bit                           0x08001f69   Thumb Code    88  dht11.o(i.DHT11_Read_Bit)
    DHT11_Read_Byte                          0x08001fc5   Thumb Code    30  dht11.o(i.DHT11_Read_Byte)
    DHT11_Read_Data                          0x08001fe3   Thumb Code    88  dht11.o(i.DHT11_Read_Data)
    DHT11_Rst                                0x0800203d   Thumb Code    42  dht11.o(i.DHT11_Rst)
    DMA_Cmd                                  0x0800206d   Thumb Code    24  stm32f10x_dma.o(i.DMA_Cmd)
    DMA_Init                                 0x08002085   Thumb Code    60  stm32f10x_dma.o(i.DMA_Init)
    DebugMon_Handler                         0x080020c1   Thumb Code     2  stm32f10x_it.o(i.DebugMon_Handler)
    FAN_Init                                 0x080020c5   Thumb Code    44  fan.o(i.FAN_Init)
    FAN_Off                                  0x080020f5   Thumb Code    14  fan.o(i.FAN_Off)
    FucCheckSum                              0x08002109   Thumb Code    34  pm25.o(i.FucCheckSum)
    GPIO_Init                                0x0800212b   Thumb Code   278  stm32f10x_gpio.o(i.GPIO_Init)
    GPIO_ReadInputDataBit                    0x08002241   Thumb Code    18  stm32f10x_gpio.o(i.GPIO_ReadInputDataBit)
    GPIO_ResetBits                           0x08002253   Thumb Code     4  stm32f10x_gpio.o(i.GPIO_ResetBits)
    GPIO_SetBits                             0x08002257   Thumb Code     4  stm32f10x_gpio.o(i.GPIO_SetBits)
    GPIO_WriteBit                            0x0800225b   Thumb Code    10  stm32f10x_gpio.o(i.GPIO_WriteBit)
    HardFault_Handler                        0x08002265   Thumb Code     4  stm32f10x_it.o(i.HardFault_Handler)
    MemManage_Handler                        0x08002269   Thumb Code     4  stm32f10x_it.o(i.MemManage_Handler)
    NMI_Handler                              0x0800226d   Thumb Code     2  stm32f10x_it.o(i.NMI_Handler)
    NVIC_Init                                0x08002271   Thumb Code   100  misc.o(i.NVIC_Init)
    OLED_Clear                               0x080022e1   Thumb Code    42  oled.o(i.OLED_Clear)
    OLED_I2C_Init                            0x0800230d   Thumb Code    72  oled.o(i.OLED_I2C_Init)
    OLED_I2C_SendByte                        0x08002359   Thumb Code    74  oled.o(i.OLED_I2C_SendByte)
    OLED_I2C_Start                           0x080023a9   Thumb Code    44  oled.o(i.OLED_I2C_Start)
    OLED_I2C_Stop                            0x080023d9   Thumb Code    34  oled.o(i.OLED_I2C_Stop)
    OLED_Init                                0x08002401   Thumb Code   174  oled.o(i.OLED_Init)
    OLED_Pow                                 0x080024af   Thumb Code    20  oled.o(i.OLED_Pow)
    OLED_SetCursor                           0x080024c3   Thumb Code    34  oled.o(i.OLED_SetCursor)
    OLED_ShowChar                            0x080024e5   Thumb Code   110  oled.o(i.OLED_ShowChar)
    OLED_ShowNum                             0x08002559   Thumb Code    68  oled.o(i.OLED_ShowNum)
    OLED_ShowString                          0x0800259d   Thumb Code    40  oled.o(i.OLED_ShowString)
    OLED_WriteCommand                        0x080025c5   Thumb Code    32  oled.o(i.OLED_WriteCommand)
    OLED_WriteData                           0x080025e5   Thumb Code    32  oled.o(i.OLED_WriteData)
    PM25_GetCurrentData                      0x08002605   Thumb Code    10  pm25.o(i.PM25_GetCurrentData)
    PM25_Init                                0x08002615   Thumb Code    12  pm25.o(i.PM25_Init)
    PM25_ReceiveHandler                      0x08002625   Thumb Code    84  pm25.o(i.PM25_ReceiveHandler)
    PendSV_Handler                           0x08002781   Thumb Code     2  stm32f10x_it.o(i.PendSV_Handler)
    RCC_ADCCLKConfig                         0x08002785   Thumb Code    18  stm32f10x_rcc.o(i.RCC_ADCCLKConfig)
    RCC_AHBPeriphClockCmd                    0x0800279d   Thumb Code    26  stm32f10x_rcc.o(i.RCC_AHBPeriphClockCmd)
    RCC_APB2PeriphClockCmd                   0x080027bd   Thumb Code    26  stm32f10x_rcc.o(i.RCC_APB2PeriphClockCmd)
    RCC_GetClocksFreq                        0x080027dd   Thumb Code   192  stm32f10x_rcc.o(i.RCC_GetClocksFreq)
    SVC_Handler                              0x080028b1   Thumb Code     2  stm32f10x_it.o(i.SVC_Handler)
    SysTick_Handler                          0x0800299d   Thumb Code     2  stm32f10x_it.o(i.SysTick_Handler)
    SystemInit                               0x080029a1   Thumb Code    78  system_stm32f10x.o(i.SystemInit)
    USART1_IRQHandler                        0x08002a01   Thumb Code    48  stm32f10x_it.o(i.USART1_IRQHandler)
    USART_ClearITPendingBit                  0x08002a39   Thumb Code    30  stm32f10x_usart.o(i.USART_ClearITPendingBit)
    USART_Cmd                                0x08002a57   Thumb Code    24  stm32f10x_usart.o(i.USART_Cmd)
    USART_GetFlagStatus                      0x08002a6f   Thumb Code    26  stm32f10x_usart.o(i.USART_GetFlagStatus)
    USART_GetITStatus                        0x08002a89   Thumb Code    84  stm32f10x_usart.o(i.USART_GetITStatus)
    USART_ITConfig                           0x08002add   Thumb Code    74  stm32f10x_usart.o(i.USART_ITConfig)
    USART_Init                               0x08002b29   Thumb Code   210  stm32f10x_usart.o(i.USART_Init)
    USART_ReceiveData                        0x08002c01   Thumb Code    10  stm32f10x_usart.o(i.USART_ReceiveData)
    USART_SendData                           0x08002c0b   Thumb Code     8  stm32f10x_usart.o(i.USART_SendData)
    UsageFault_Handler                       0x08002c13   Thumb Code     4  stm32f10x_it.o(i.UsageFault_Handler)
    Usart1_Init                              0x08002c19   Thumb Code   150  usart1.o(i.Usart1_Init)
    __ARM_fpclassify                         0x08002cb9   Thumb Code    40  fpclassify.o(i.__ARM_fpclassify)
    _is_digit                                0x08002ce1   Thumb Code    14  __printf_wp.o(i._is_digit)
    adc_to_ppm                               0x08002cf1   Thumb Code    92  main.o(i.adc_to_ppm)
    delay_ms                                 0x08002d5d   Thumb Code    24  delay.o(i.delay_ms)
    delay_us                                 0x08002d75   Thumb Code    46  delay.o(i.delay_us)
    main                                     0x08002da5   Thumb Code   284  main.o(i.main)
    u1_printf                                0x08002f31   Thumb Code    72  usart1.o(i.u1_printf)
    _get_lc_numeric                          0x08002f81   Thumb Code    44  lc_numeric_c.o(locale$$code)
    _get_lc_ctype                            0x08002fad   Thumb Code    44  lc_ctype_c.o(locale$$code)
    __aeabi_d2f                              0x08002fd9   Thumb Code     0  d2f.o(x$fpl$d2f)
    _d2f                                     0x08002fd9   Thumb Code    98  d2f.o(x$fpl$d2f)
    __aeabi_dadd                             0x0800303d   Thumb Code     0  daddsub_clz.o(x$fpl$dadd)
    _dadd                                    0x0800303d   Thumb Code   332  daddsub_clz.o(x$fpl$dadd)
    __aeabi_ddiv                             0x0800318d   Thumb Code     0  ddiv.o(x$fpl$ddiv)
    _ddiv                                    0x0800318d   Thumb Code   552  ddiv.o(x$fpl$ddiv)
    __aeabi_dmul                             0x0800343d   Thumb Code     0  dmul.o(x$fpl$dmul)
    _dmul                                    0x0800343d   Thumb Code   332  dmul.o(x$fpl$dmul)
    __fpl_dnaninf                            0x08003591   Thumb Code   156  dnaninf.o(x$fpl$dnaninf)
    __fpl_dretinf                            0x0800362d   Thumb Code    12  dretinf.o(x$fpl$dretinf)
    __aeabi_dsub                             0x08003639   Thumb Code     0  daddsub_clz.o(x$fpl$dsub)
    _dsub                                    0x08003639   Thumb Code   464  daddsub_clz.o(x$fpl$dsub)
    __aeabi_f2d                              0x0800380d   Thumb Code     0  f2d.o(x$fpl$f2d)
    _f2d                                     0x0800380d   Thumb Code    86  f2d.o(x$fpl$f2d)
    __aeabi_fadd                             0x08003865   Thumb Code     0  faddsub_clz.o(x$fpl$fadd)
    _fadd                                    0x08003865   Thumb Code   196  faddsub_clz.o(x$fpl$fadd)
    __fpl_fcmp_Inf                           0x08003929   Thumb Code    24  fcmpi.o(x$fpl$fcmpinf)
    __aeabi_fdiv                             0x08003941   Thumb Code     0  fdiv.o(x$fpl$fdiv)
    _fdiv                                    0x08003941   Thumb Code   384  fdiv.o(x$fpl$fdiv)
    __aeabi_f2uiz                            0x08003ac5   Thumb Code     0  ffixu.o(x$fpl$ffixu)
    _ffixu                                   0x08003ac5   Thumb Code    62  ffixu.o(x$fpl$ffixu)
    __aeabi_i2f                              0x08003b05   Thumb Code     0  fflt_clz.o(x$fpl$fflt)
    _fflt                                    0x08003b05   Thumb Code    48  fflt_clz.o(x$fpl$fflt)
    __aeabi_ui2f                             0x08003b35   Thumb Code     0  fflt_clz.o(x$fpl$ffltu)
    _ffltu                                   0x08003b35   Thumb Code    38  fflt_clz.o(x$fpl$ffltu)
    __aeabi_cfcmple                          0x08003b5d   Thumb Code     0  fleqf.o(x$fpl$fleqf)
    _fcmple                                  0x08003b5d   Thumb Code   104  fleqf.o(x$fpl$fleqf)
    __fpl_fcmple_InfNaN                      0x08003baf   Thumb Code     0  fleqf.o(x$fpl$fleqf)
    __aeabi_fmul                             0x08003bc5   Thumb Code     0  fmul.o(x$fpl$fmul)
    _fmul                                    0x08003bc5   Thumb Code   258  fmul.o(x$fpl$fmul)
    __fpl_fnaninf                            0x08003cc7   Thumb Code   140  fnaninf.o(x$fpl$fnaninf)
    __fpl_fretinf                            0x08003d53   Thumb Code    10  fretinf.o(x$fpl$fretinf)
    __aeabi_cfrcmple                         0x08003d5d   Thumb Code     0  frleqf.o(x$fpl$frleqf)
    _frcmple                                 0x08003d5d   Thumb Code    98  frleqf.o(x$fpl$frleqf)
    __aeabi_fsub                             0x08003dc1   Thumb Code     0  faddsub_clz.o(x$fpl$fsub)
    _fsub                                    0x08003dc1   Thumb Code   234  faddsub_clz.o(x$fpl$fsub)
    _printf_fp_dec                           0x08003eab   Thumb Code     4  printf1.o(x$fpl$printf1)
    _printf_fp_hex                           0x08003eaf   Thumb Code     4  printf2.o(x$fpl$printf2)
    OLED_F8x16                               0x08003eb2   Data        1520  oled.o(.constdata)
    __I$use$fp                               0x08003eb2   Number         0  usenofp.o(x$fpl$usenofp)
    Region$$Table$$Base                      0x080045a0   Number         0  anon$$obj.o(Region$$Table)
    Region$$Table$$Limit                     0x080045c0   Number         0  anon$$obj.o(Region$$Table)
    __ctype                                  0x080045e9   Data           0  lc_ctype_c.o(locale$$data)
    g_temp                                   0x20000000   Data           1  main.o(.data)
    g_humi                                   0x20000001   Data           1  main.o(.data)
    g_PM25                                   0x20000004   Data           4  main.o(.data)
    g_MQ2                                    0x20000008   Data           4  main.o(.data)
    g_MQ135                                  0x2000000c   Data           4  main.o(.data)
    Usart1_RxCompleted                       0x20000010   Data           1  usart1.o(.data)
    Usart1_RxCounter                         0x20000014   Data           4  usart1.o(.data)
    AD_Value                                 0x20000030   Data           8  ad.o(.data)
    Usart1_RxBuff                            0x20000038   Data        1024  usart1.o(.bss)
    USART1_TxBuff                            0x20000438   Data        1024  usart1.o(.bss)
    __libspace_start                         0x20000850   Data          96  libspace.o(.bss)
    __temporary_stack_top$libspace           0x200008b0   Data           0  libspace.o(.bss)



==============================================================================

Memory Map of the image

  Image Entry point : 0x08000121

  Load Region LR_IROM1 (Base: 0x08000000, Size: 0x00004724, Max: 0x00010000, ABSOLUTE)

    Execution Region ER_IROM1 (Exec base: 0x08000000, Load base: 0x08000000, Size: 0x000046ec, Max: 0x00010000, ABSOLUTE)

    Exec Addr    Load Addr    Size         Type   Attr      Idx    E Section Name        Object

    0x08000000   0x08000000   0x00000120   Data   RO          470    RESET               startup_stm32f10x_md_vl.o
    0x08000120   0x08000120   0x00000008   Code   RO         3949  * !!!main             c_w.l(__main.o)
    0x08000128   0x08000128   0x00000034   Code   RO         4367    !!!scatter          c_w.l(__scatter.o)
    0x0800015c   0x0800015c   0x0000001a   Code   RO         4369    !!handler_copy      c_w.l(__scatter_copy.o)
    0x08000176   0x08000176   0x00000002   PAD
    0x08000178   0x08000178   0x0000001c   Code   RO         4371    !!handler_zi        c_w.l(__scatter_zi.o)
    0x08000194   0x08000194   0x00000000   Code   RO         4087    .ARM.Collect$$_printf_percent$$00000000  c_w.l(_printf_percent.o)
    0x08000194   0x08000194   0x00000006   Code   RO         4076    .ARM.Collect$$_printf_percent$$00000001  c_w.l(_printf_n.o)
    0x0800019a   0x0800019a   0x00000006   Code   RO         4078    .ARM.Collect$$_printf_percent$$00000002  c_w.l(_printf_p.o)
    0x080001a0   0x080001a0   0x00000006   Code   RO         4083    .ARM.Collect$$_printf_percent$$00000003  c_w.l(_printf_f.o)
    0x080001a6   0x080001a6   0x00000006   Code   RO         4084    .ARM.Collect$$_printf_percent$$00000004  c_w.l(_printf_e.o)
    0x080001ac   0x080001ac   0x00000006   Code   RO         4085    .ARM.Collect$$_printf_percent$$00000005  c_w.l(_printf_g.o)
    0x080001b2   0x080001b2   0x00000006   Code   RO         4086    .ARM.Collect$$_printf_percent$$00000006  c_w.l(_printf_a.o)
    0x080001b8   0x080001b8   0x0000000a   Code   RO         4091    .ARM.Collect$$_printf_percent$$00000007  c_w.l(_printf_ll.o)
    0x080001c2   0x080001c2   0x00000006   Code   RO         4080    .ARM.Collect$$_printf_percent$$00000008  c_w.l(_printf_i.o)
    0x080001c8   0x080001c8   0x00000006   Code   RO         4081    .ARM.Collect$$_printf_percent$$00000009  c_w.l(_printf_d.o)
    0x080001ce   0x080001ce   0x00000006   Code   RO         4082    .ARM.Collect$$_printf_percent$$0000000A  c_w.l(_printf_u.o)
    0x080001d4   0x080001d4   0x00000006   Code   RO         4079    .ARM.Collect$$_printf_percent$$0000000B  c_w.l(_printf_o.o)
    0x080001da   0x080001da   0x00000006   Code   RO         4077    .ARM.Collect$$_printf_percent$$0000000C  c_w.l(_printf_x.o)
    0x080001e0   0x080001e0   0x00000006   Code   RO         4088    .ARM.Collect$$_printf_percent$$0000000D  c_w.l(_printf_lli.o)
    0x080001e6   0x080001e6   0x00000006   Code   RO         4089    .ARM.Collect$$_printf_percent$$0000000E  c_w.l(_printf_lld.o)
    0x080001ec   0x080001ec   0x00000006   Code   RO         4090    .ARM.Collect$$_printf_percent$$0000000F  c_w.l(_printf_llu.o)
    0x080001f2   0x080001f2   0x00000006   Code   RO         4095    .ARM.Collect$$_printf_percent$$00000010  c_w.l(_printf_llo.o)
    0x080001f8   0x080001f8   0x00000006   Code   RO         4096    .ARM.Collect$$_printf_percent$$00000011  c_w.l(_printf_llx.o)
    0x080001fe   0x080001fe   0x0000000a   Code   RO         4092    .ARM.Collect$$_printf_percent$$00000012  c_w.l(_printf_l.o)
    0x08000208   0x08000208   0x00000006   Code   RO         4074    .ARM.Collect$$_printf_percent$$00000013  c_w.l(_printf_c.o)
    0x0800020e   0x0800020e   0x00000006   Code   RO         4075    .ARM.Collect$$_printf_percent$$00000014  c_w.l(_printf_s.o)
    0x08000214   0x08000214   0x00000006   Code   RO         4093    .ARM.Collect$$_printf_percent$$00000015  c_w.l(_printf_lc.o)
    0x0800021a   0x0800021a   0x00000006   Code   RO         4094    .ARM.Collect$$_printf_percent$$00000016  c_w.l(_printf_ls.o)
    0x08000220   0x08000220   0x00000004   Code   RO         4175    .ARM.Collect$$_printf_percent$$00000017  c_w.l(_printf_percent_end.o)
    0x08000224   0x08000224   0x00000002   Code   RO         4229    .ARM.Collect$$libinit$$00000000  c_w.l(libinit.o)
    0x08000226   0x08000226   0x00000000   Code   RO         4242    .ARM.Collect$$libinit$$00000002  c_w.l(libinit2.o)
    0x08000226   0x08000226   0x00000000   Code   RO         4244    .ARM.Collect$$libinit$$00000004  c_w.l(libinit2.o)
    0x08000226   0x08000226   0x00000000   Code   RO         4247    .ARM.Collect$$libinit$$0000000A  c_w.l(libinit2.o)
    0x08000226   0x08000226   0x00000000   Code   RO         4249    .ARM.Collect$$libinit$$0000000C  c_w.l(libinit2.o)
    0x08000226   0x08000226   0x00000000   Code   RO         4251    .ARM.Collect$$libinit$$0000000E  c_w.l(libinit2.o)
    0x08000226   0x08000226   0x00000006   Code   RO         4252    .ARM.Collect$$libinit$$0000000F  c_w.l(libinit2.o)
    0x0800022c   0x0800022c   0x00000000   Code   RO         4254    .ARM.Collect$$libinit$$00000011  c_w.l(libinit2.o)
    0x0800022c   0x0800022c   0x0000000c   Code   RO         4255    .ARM.Collect$$libinit$$00000012  c_w.l(libinit2.o)
    0x08000238   0x08000238   0x00000000   Code   RO         4256    .ARM.Collect$$libinit$$00000013  c_w.l(libinit2.o)
    0x08000238   0x08000238   0x00000000   Code   RO         4258    .ARM.Collect$$libinit$$00000015  c_w.l(libinit2.o)
    0x08000238   0x08000238   0x0000000a   Code   RO         4259    .ARM.Collect$$libinit$$00000016  c_w.l(libinit2.o)
    0x08000242   0x08000242   0x00000000   Code   RO         4260    .ARM.Collect$$libinit$$00000017  c_w.l(libinit2.o)
    0x08000242   0x08000242   0x00000000   Code   RO         4262    .ARM.Collect$$libinit$$00000019  c_w.l(libinit2.o)
    0x08000242   0x08000242   0x00000000   Code   RO         4264    .ARM.Collect$$libinit$$0000001B  c_w.l(libinit2.o)
    0x08000242   0x08000242   0x00000000   Code   RO         4266    .ARM.Collect$$libinit$$0000001D  c_w.l(libinit2.o)
    0x08000242   0x08000242   0x00000000   Code   RO         4268    .ARM.Collect$$libinit$$0000001F  c_w.l(libinit2.o)
    0x08000242   0x08000242   0x00000000   Code   RO         4270    .ARM.Collect$$libinit$$00000021  c_w.l(libinit2.o)
    0x08000242   0x08000242   0x00000000   Code   RO         4272    .ARM.Collect$$libinit$$00000023  c_w.l(libinit2.o)
    0x08000242   0x08000242   0x00000000   Code   RO         4274    .ARM.Collect$$libinit$$00000025  c_w.l(libinit2.o)
    0x08000242   0x08000242   0x00000000   Code   RO         4278    .ARM.Collect$$libinit$$0000002C  c_w.l(libinit2.o)
    0x08000242   0x08000242   0x00000000   Code   RO         4280    .ARM.Collect$$libinit$$0000002E  c_w.l(libinit2.o)
    0x08000242   0x08000242   0x00000000   Code   RO         4282    .ARM.Collect$$libinit$$00000030  c_w.l(libinit2.o)
    0x08000242   0x08000242   0x00000000   Code   RO         4284    .ARM.Collect$$libinit$$00000032  c_w.l(libinit2.o)
    0x08000242   0x08000242   0x00000002   Code   RO         4285    .ARM.Collect$$libinit$$00000033  c_w.l(libinit2.o)
    0x08000244   0x08000244   0x00000002   Code   RO         4307    .ARM.Collect$$libshutdown$$00000000  c_w.l(libshutdown.o)
    0x08000246   0x08000246   0x00000000   Code   RO         4320    .ARM.Collect$$libshutdown$$00000002  c_w.l(libshutdown2.o)
    0x08000246   0x08000246   0x00000000   Code   RO         4322    .ARM.Collect$$libshutdown$$00000004  c_w.l(libshutdown2.o)
    0x08000246   0x08000246   0x00000000   Code   RO         4325    .ARM.Collect$$libshutdown$$00000007  c_w.l(libshutdown2.o)
    0x08000246   0x08000246   0x00000000   Code   RO         4328    .ARM.Collect$$libshutdown$$0000000A  c_w.l(libshutdown2.o)
    0x08000246   0x08000246   0x00000000   Code   RO         4330    .ARM.Collect$$libshutdown$$0000000C  c_w.l(libshutdown2.o)
    0x08000246   0x08000246   0x00000000   Code   RO         4333    .ARM.Collect$$libshutdown$$0000000F  c_w.l(libshutdown2.o)
    0x08000246   0x08000246   0x00000002   Code   RO         4334    .ARM.Collect$$libshutdown$$00000010  c_w.l(libshutdown2.o)
    0x08000248   0x08000248   0x00000000   Code   RO         4003    .ARM.Collect$$rtentry$$00000000  c_w.l(__rtentry.o)
    0x08000248   0x08000248   0x00000000   Code   RO         4141    .ARM.Collect$$rtentry$$00000002  c_w.l(__rtentry2.o)
    0x08000248   0x08000248   0x00000006   Code   RO         4153    .ARM.Collect$$rtentry$$00000004  c_w.l(__rtentry4.o)
    0x0800024e   0x0800024e   0x00000000   Code   RO         4143    .ARM.Collect$$rtentry$$00000009  c_w.l(__rtentry2.o)
    0x0800024e   0x0800024e   0x00000004   Code   RO         4144    .ARM.Collect$$rtentry$$0000000A  c_w.l(__rtentry2.o)
    0x08000252   0x08000252   0x00000000   Code   RO         4146    .ARM.Collect$$rtentry$$0000000C  c_w.l(__rtentry2.o)
    0x08000252   0x08000252   0x00000008   Code   RO         4147    .ARM.Collect$$rtentry$$0000000D  c_w.l(__rtentry2.o)
    0x0800025a   0x0800025a   0x00000002   Code   RO         4234    .ARM.Collect$$rtexit$$00000000  c_w.l(rtexit.o)
    0x0800025c   0x0800025c   0x00000000   Code   RO         4289    .ARM.Collect$$rtexit$$00000002  c_w.l(rtexit2.o)
    0x0800025c   0x0800025c   0x00000004   Code   RO         4290    .ARM.Collect$$rtexit$$00000003  c_w.l(rtexit2.o)
    0x08000260   0x08000260   0x00000006   Code   RO         4291    .ARM.Collect$$rtexit$$00000004  c_w.l(rtexit2.o)
    0x08000266   0x08000266   0x00000002   PAD
    0x08000268   0x08000268   0x00000040   Code   RO          471    .text               startup_stm32f10x_md_vl.o
    0x080002a8   0x080002a8   0x00000024   Code   RO         3941    .text               c_w.l(vsprintf.o)
    0x080002cc   0x080002cc   0x0000003e   Code   RO         3943    .text               c_w.l(strlen.o)
    0x0800030a   0x0800030a   0x0000004e   Code   RO         3945    .text               c_w.l(rt_memclr_w.o)
    0x08000358   0x08000358   0x00000006   Code   RO         3947    .text               c_w.l(heapauxi.o)
    0x0800035e   0x0800035e   0x0000004e   Code   RO         4008    .text               c_w.l(_printf_pad.o)
    0x080003ac   0x080003ac   0x00000024   Code   RO         4010    .text               c_w.l(_printf_truncate.o)
    0x080003d0   0x080003d0   0x00000052   Code   RO         4012    .text               c_w.l(_printf_str.o)
    0x08000422   0x08000422   0x00000002   PAD
    0x08000424   0x08000424   0x00000078   Code   RO         4014    .text               c_w.l(_printf_dec.o)
    0x0800049c   0x0800049c   0x00000028   Code   RO         4016    .text               c_w.l(_printf_charcount.o)
    0x080004c4   0x080004c4   0x00000030   Code   RO         4018    .text               c_w.l(_printf_char_common.o)
    0x080004f4   0x080004f4   0x0000000a   Code   RO         4020    .text               c_w.l(_sputc.o)
    0x080004fe   0x080004fe   0x00000002   PAD
    0x08000500   0x08000500   0x000000bc   Code   RO         4022    .text               c_w.l(_printf_wctomb.o)
    0x080005bc   0x080005bc   0x0000007c   Code   RO         4025    .text               c_w.l(_printf_longlong_dec.o)
    0x08000638   0x08000638   0x00000070   Code   RO         4031    .text               c_w.l(_printf_oct_int_ll.o)
    0x080006a8   0x080006a8   0x00000094   Code   RO         4051    .text               c_w.l(_printf_hex_int_ll_ptr.o)
    0x0800073c   0x0800073c   0x00000188   Code   RO         4071    .text               c_w.l(__printf_flags_ss_wp.o)
    0x080008c4   0x080008c4   0x0000008a   Code   RO         4160    .text               c_w.l(lludiv10.o)
    0x0800094e   0x0800094e   0x000000b2   Code   RO         4162    .text               c_w.l(_printf_intcommon.o)
    0x08000a00   0x08000a00   0x0000041e   Code   RO         4164    .text               c_w.l(_printf_fp_dec.o)
    0x08000e1e   0x08000e1e   0x00000002   PAD
    0x08000e20   0x08000e20   0x000002fc   Code   RO         4166    .text               c_w.l(_printf_fp_hex.o)
    0x0800111c   0x0800111c   0x0000002c   Code   RO         4171    .text               c_w.l(_printf_char.o)
    0x08001148   0x08001148   0x0000002c   Code   RO         4173    .text               c_w.l(_printf_wchar.o)
    0x08001174   0x08001174   0x00000040   Code   RO         4176    .text               c_w.l(_wcrtomb.o)
    0x080011b4   0x080011b4   0x00000008   Code   RO         4180    .text               c_w.l(libspace.o)
    0x080011bc   0x080011bc   0x0000004a   Code   RO         4183    .text               c_w.l(sys_stackheap_outer.o)
    0x08001206   0x08001206   0x00000002   PAD
    0x08001208   0x08001208   0x00000010   Code   RO         4185    .text               c_w.l(rt_ctype_table.o)
    0x08001218   0x08001218   0x00000008   Code   RO         4190    .text               c_w.l(rt_locale_intlibspace.o)
    0x08001220   0x08001220   0x00000080   Code   RO         4192    .text               c_w.l(_printf_fp_infnan.o)
    0x080012a0   0x080012a0   0x000000e4   Code   RO         4194    .text               c_w.l(bigflt0.o)
    0x08001384   0x08001384   0x00000012   Code   RO         4222    .text               c_w.l(exit.o)
    0x08001396   0x08001396   0x00000002   PAD
    0x08001398   0x08001398   0x00000080   Code   RO         4239    .text               c_w.l(strcmpv7m.o)
    0x08001418   0x08001418   0x0000000c   Code   RO         4299    .text               c_w.l(sys_exit.o)
    0x08001424   0x08001424   0x00000002   Code   RO         4310    .text               c_w.l(use_no_semi.o)
    0x08001426   0x08001426   0x00000000   Code   RO         4312    .text               c_w.l(indicate_semi.o)
    0x08001426   0x08001426   0x0000003e   Code   RO         4197    CL$$btod_d2e        c_w.l(btod.o)
    0x08001464   0x08001464   0x00000046   Code   RO         4199    CL$$btod_d2e_denorm_low  c_w.l(btod.o)
    0x080014aa   0x080014aa   0x00000060   Code   RO         4198    CL$$btod_d2e_norm_op1  c_w.l(btod.o)
    0x0800150a   0x0800150a   0x00000338   Code   RO         4207    CL$$btod_div_common  c_w.l(btod.o)
    0x08001842   0x08001842   0x000000dc   Code   RO         4204    CL$$btod_e2e        c_w.l(btod.o)
    0x0800191e   0x0800191e   0x0000002a   Code   RO         4201    CL$$btod_ediv       c_w.l(btod.o)
    0x08001948   0x08001948   0x0000002a   Code   RO         4200    CL$$btod_emul       c_w.l(btod.o)
    0x08001972   0x08001972   0x00000244   Code   RO         4206    CL$$btod_mult_common  c_w.l(btod.o)
    0x08001bb6   0x08001bb6   0x00000016   Code   RO          573    i.ADC_Cmd           stm32f10x_adc.o
    0x08001bcc   0x08001bcc   0x00000016   Code   RO          574    i.ADC_DMACmd        stm32f10x_adc.o
    0x08001be2   0x08001be2   0x00000014   Code   RO          581    i.ADC_GetCalibrationStatus  stm32f10x_adc.o
    0x08001bf6   0x08001bf6   0x00000014   Code   RO          587    i.ADC_GetResetCalibrationStatus  stm32f10x_adc.o
    0x08001c0a   0x08001c0a   0x00000002   PAD
    0x08001c0c   0x08001c0c   0x00000050   Code   RO          591    i.ADC_Init          stm32f10x_adc.o
    0x08001c5c   0x08001c5c   0x000000b8   Code   RO          595    i.ADC_RegularChannelConfig  stm32f10x_adc.o
    0x08001d14   0x08001d14   0x0000000a   Code   RO          596    i.ADC_ResetCalibration  stm32f10x_adc.o
    0x08001d1e   0x08001d1e   0x00000016   Code   RO          598    i.ADC_SoftwareStartConvCmd  stm32f10x_adc.o
    0x08001d34   0x08001d34   0x0000000a   Code   RO          600    i.ADC_StartCalibration  stm32f10x_adc.o
    0x08001d3e   0x08001d3e   0x00000002   PAD
    0x08001d40   0x08001d40   0x0000010c   Code   RO         3924    i.AD_Init           ad.o
    0x08001e4c   0x08001e4c   0x00000030   Code   RO         3565    i.BEEP_Init         beep.o
    0x08001e7c   0x08001e7c   0x00000014   Code   RO         3566    i.BEEP_Off          beep.o
    0x08001e90   0x08001e90   0x00000004   Code   RO            1    i.BusFault_Handler  stm32f10x_it.o
    0x08001e94   0x08001e94   0x0000005c   Code   RO         3730    i.DHT11_Check       dht11.o
    0x08001ef0   0x08001ef0   0x00000040   Code   RO         3731    i.DHT11_Init        dht11.o
    0x08001f30   0x08001f30   0x00000038   Code   RO         3732    i.DHT11_Mode        dht11.o
    0x08001f68   0x08001f68   0x0000005c   Code   RO         3733    i.DHT11_Read_Bit    dht11.o
    0x08001fc4   0x08001fc4   0x0000001e   Code   RO         3734    i.DHT11_Read_Byte   dht11.o
    0x08001fe2   0x08001fe2   0x00000058   Code   RO         3735    i.DHT11_Read_Data   dht11.o
    0x0800203a   0x0800203a   0x00000002   PAD
    0x0800203c   0x0800203c   0x00000030   Code   RO         3736    i.DHT11_Rst         dht11.o
    0x0800206c   0x0800206c   0x00000018   Code   RO         1279    i.DMA_Cmd           stm32f10x_dma.o
    0x08002084   0x08002084   0x0000003c   Code   RO         1285    i.DMA_Init          stm32f10x_dma.o
    0x080020c0   0x080020c0   0x00000002   Code   RO            2    i.DebugMon_Handler  stm32f10x_it.o
    0x080020c2   0x080020c2   0x00000002   PAD
    0x080020c4   0x080020c4   0x00000030   Code   RO         3892    i.FAN_Init          fan.o
    0x080020f4   0x080020f4   0x00000014   Code   RO         3893    i.FAN_Off           fan.o
    0x08002108   0x08002108   0x00000022   Code   RO         3781    i.FucCheckSum       pm25.o
    0x0800212a   0x0800212a   0x00000116   Code   RO         1715    i.GPIO_Init         stm32f10x_gpio.o
    0x08002240   0x08002240   0x00000012   Code   RO         1719    i.GPIO_ReadInputDataBit  stm32f10x_gpio.o
    0x08002252   0x08002252   0x00000004   Code   RO         1722    i.GPIO_ResetBits    stm32f10x_gpio.o
    0x08002256   0x08002256   0x00000004   Code   RO         1723    i.GPIO_SetBits      stm32f10x_gpio.o
    0x0800225a   0x0800225a   0x0000000a   Code   RO         1726    i.GPIO_WriteBit     stm32f10x_gpio.o
    0x08002264   0x08002264   0x00000004   Code   RO            3    i.HardFault_Handler  stm32f10x_it.o
    0x08002268   0x08002268   0x00000004   Code   RO            4    i.MemManage_Handler  stm32f10x_it.o
    0x0800226c   0x0800226c   0x00000002   Code   RO            5    i.NMI_Handler       stm32f10x_it.o
    0x0800226e   0x0800226e   0x00000002   PAD
    0x08002270   0x08002270   0x00000070   Code   RO          528    i.NVIC_Init         misc.o
    0x080022e0   0x080022e0   0x0000002a   Code   RO         3619    i.OLED_Clear        oled.o
    0x0800230a   0x0800230a   0x00000002   PAD
    0x0800230c   0x0800230c   0x0000004c   Code   RO         3620    i.OLED_I2C_Init     oled.o
    0x08002358   0x08002358   0x00000050   Code   RO         3621    i.OLED_I2C_SendByte  oled.o
    0x080023a8   0x080023a8   0x00000030   Code   RO         3622    i.OLED_I2C_Start    oled.o
    0x080023d8   0x080023d8   0x00000028   Code   RO         3623    i.OLED_I2C_Stop     oled.o
    0x08002400   0x08002400   0x000000ae   Code   RO         3624    i.OLED_Init         oled.o
    0x080024ae   0x080024ae   0x00000014   Code   RO         3625    i.OLED_Pow          oled.o
    0x080024c2   0x080024c2   0x00000022   Code   RO         3626    i.OLED_SetCursor    oled.o
    0x080024e4   0x080024e4   0x00000074   Code   RO         3628    i.OLED_ShowChar     oled.o
    0x08002558   0x08002558   0x00000044   Code   RO         3630    i.OLED_ShowNum      oled.o
    0x0800259c   0x0800259c   0x00000028   Code   RO         3632    i.OLED_ShowString   oled.o
    0x080025c4   0x080025c4   0x00000020   Code   RO         3633    i.OLED_WriteCommand  oled.o
    0x080025e4   0x080025e4   0x00000020   Code   RO         3634    i.OLED_WriteData    oled.o
    0x08002604   0x08002604   0x00000010   Code   RO         3782    i.PM25_GetCurrentData  pm25.o
    0x08002614   0x08002614   0x00000010   Code   RO         3783    i.PM25_Init         pm25.o
    0x08002624   0x08002624   0x00000060   Code   RO         3784    i.PM25_ReceiveHandler  pm25.o
    0x08002684   0x08002684   0x000000fc   Code   RO         3785    i.ParsePM25Data     pm25.o
    0x08002780   0x08002780   0x00000002   Code   RO            6    i.PendSV_Handler    stm32f10x_it.o
    0x08002782   0x08002782   0x00000002   PAD
    0x08002784   0x08002784   0x00000018   Code   RO         2141    i.RCC_ADCCLKConfig  stm32f10x_rcc.o
    0x0800279c   0x0800279c   0x00000020   Code   RO         2142    i.RCC_AHBPeriphClockCmd  stm32f10x_rcc.o
    0x080027bc   0x080027bc   0x00000020   Code   RO         2145    i.RCC_APB2PeriphClockCmd  stm32f10x_rcc.o
    0x080027dc   0x080027dc   0x000000d4   Code   RO         2153    i.RCC_GetClocksFreq  stm32f10x_rcc.o
    0x080028b0   0x080028b0   0x00000002   Code   RO            7    i.SVC_Handler       stm32f10x_it.o
    0x080028b2   0x080028b2   0x00000008   Code   RO          475    i.SetSysClock       system_stm32f10x.o
    0x080028ba   0x080028ba   0x00000002   PAD
    0x080028bc   0x080028bc   0x000000e0   Code   RO          476    i.SetSysClockTo72   system_stm32f10x.o
    0x0800299c   0x0800299c   0x00000002   Code   RO            8    i.SysTick_Handler   stm32f10x_it.o
    0x0800299e   0x0800299e   0x00000002   PAD
    0x080029a0   0x080029a0   0x00000060   Code   RO          478    i.SystemInit        system_stm32f10x.o
    0x08002a00   0x08002a00   0x00000038   Code   RO            9    i.USART1_IRQHandler  stm32f10x_it.o
    0x08002a38   0x08002a38   0x0000001e   Code   RO         3325    i.USART_ClearITPendingBit  stm32f10x_usart.o
    0x08002a56   0x08002a56   0x00000018   Code   RO         3328    i.USART_Cmd         stm32f10x_usart.o
    0x08002a6e   0x08002a6e   0x0000001a   Code   RO         3331    i.USART_GetFlagStatus  stm32f10x_usart.o
    0x08002a88   0x08002a88   0x00000054   Code   RO         3332    i.USART_GetITStatus  stm32f10x_usart.o
    0x08002adc   0x08002adc   0x0000004a   Code   RO         3334    i.USART_ITConfig    stm32f10x_usart.o
    0x08002b26   0x08002b26   0x00000002   PAD
    0x08002b28   0x08002b28   0x000000d8   Code   RO         3335    i.USART_Init        stm32f10x_usart.o
    0x08002c00   0x08002c00   0x0000000a   Code   RO         3342    i.USART_ReceiveData  stm32f10x_usart.o
    0x08002c0a   0x08002c0a   0x00000008   Code   RO         3345    i.USART_SendData    stm32f10x_usart.o
    0x08002c12   0x08002c12   0x00000004   Code   RO           10    i.UsageFault_Handler  stm32f10x_it.o
    0x08002c16   0x08002c16   0x00000002   PAD
    0x08002c18   0x08002c18   0x000000a0   Code   RO          350    i.Usart1_Init       usart1.o
    0x08002cb8   0x08002cb8   0x00000028   Code   RO         4232    i.__ARM_fpclassify  m_ws.l(fpclassify.o)
    0x08002ce0   0x08002ce0   0x0000000e   Code   RO         4064    i._is_digit         c_w.l(__printf_wp.o)
    0x08002cee   0x08002cee   0x00000002   PAD
    0x08002cf0   0x08002cf0   0x0000006c   Code   RO          162    i.adc_to_ppm        main.o
    0x08002d5c   0x08002d5c   0x00000018   Code   RO          216    i.delay_ms          delay.o
    0x08002d74   0x08002d74   0x0000002e   Code   RO          218    i.delay_us          delay.o
    0x08002da2   0x08002da2   0x00000002   PAD
    0x08002da4   0x08002da4   0x0000018c   Code   RO          163    i.main              main.o
    0x08002f30   0x08002f30   0x00000050   Code   RO          352    i.u1_printf         usart1.o
    0x08002f80   0x08002f80   0x0000002c   Code   RO         4220    locale$$code        c_w.l(lc_numeric_c.o)
    0x08002fac   0x08002fac   0x0000002c   Code   RO         4237    locale$$code        c_w.l(lc_ctype_c.o)
    0x08002fd8   0x08002fd8   0x00000062   Code   RO         3951    x$fpl$d2f           fz_ws.l(d2f.o)
    0x0800303a   0x0800303a   0x00000002   PAD
    0x0800303c   0x0800303c   0x00000150   Code   RO         3953    x$fpl$dadd          fz_ws.l(daddsub_clz.o)
    0x0800318c   0x0800318c   0x000002b0   Code   RO         3960    x$fpl$ddiv          fz_ws.l(ddiv.o)
    0x0800343c   0x0800343c   0x00000154   Code   RO         3963    x$fpl$dmul          fz_ws.l(dmul.o)
    0x08003590   0x08003590   0x0000009c   Code   RO         4097    x$fpl$dnaninf       fz_ws.l(dnaninf.o)
    0x0800362c   0x0800362c   0x0000000c   Code   RO         4099    x$fpl$dretinf       fz_ws.l(dretinf.o)
    0x08003638   0x08003638   0x000001d4   Code   RO         3955    x$fpl$dsub          fz_ws.l(daddsub_clz.o)
    0x0800380c   0x0800380c   0x00000056   Code   RO         3965    x$fpl$f2d           fz_ws.l(f2d.o)
    0x08003862   0x08003862   0x00000002   PAD
    0x08003864   0x08003864   0x000000c4   Code   RO         3967    x$fpl$fadd          fz_ws.l(faddsub_clz.o)
    0x08003928   0x08003928   0x00000018   Code   RO         4101    x$fpl$fcmpinf       fz_ws.l(fcmpi.o)
    0x08003940   0x08003940   0x00000184   Code   RO         3974    x$fpl$fdiv          fz_ws.l(fdiv.o)
    0x08003ac4   0x08003ac4   0x0000003e   Code   RO         3977    x$fpl$ffixu         fz_ws.l(ffixu.o)
    0x08003b02   0x08003b02   0x00000002   PAD
    0x08003b04   0x08003b04   0x00000030   Code   RO         3982    x$fpl$fflt          fz_ws.l(fflt_clz.o)
    0x08003b34   0x08003b34   0x00000026   Code   RO         3981    x$fpl$ffltu         fz_ws.l(fflt_clz.o)
    0x08003b5a   0x08003b5a   0x00000002   PAD
    0x08003b5c   0x08003b5c   0x00000068   Code   RO         3987    x$fpl$fleqf         fz_ws.l(fleqf.o)
    0x08003bc4   0x08003bc4   0x00000102   Code   RO         3989    x$fpl$fmul          fz_ws.l(fmul.o)
    0x08003cc6   0x08003cc6   0x0000008c   Code   RO         4107    x$fpl$fnaninf       fz_ws.l(fnaninf.o)
    0x08003d52   0x08003d52   0x0000000a   Code   RO         4109    x$fpl$fretinf       fz_ws.l(fretinf.o)
    0x08003d5c   0x08003d5c   0x00000062   Code   RO         3991    x$fpl$frleqf        fz_ws.l(frleqf.o)
    0x08003dbe   0x08003dbe   0x00000002   PAD
    0x08003dc0   0x08003dc0   0x000000ea   Code   RO         3969    x$fpl$fsub          fz_ws.l(faddsub_clz.o)
    0x08003eaa   0x08003eaa   0x00000004   Code   RO         4113    x$fpl$printf1       fz_ws.l(printf1.o)
    0x08003eae   0x08003eae   0x00000004   Code   RO         4115    x$fpl$printf2       fz_ws.l(printf2.o)
    0x08003eb2   0x08003eb2   0x00000000   Code   RO         4123    x$fpl$usenofp       fz_ws.l(usenofp.o)
    0x08003eb2   0x08003eb2   0x000005f0   Data   RO         3635    .constdata          oled.o
    0x080044a2   0x080044a2   0x00000002   PAD
    0x080044a4   0x080044a4   0x00000008   Data   RO         4023    .constdata          c_w.l(_printf_wctomb.o)
    0x080044ac   0x080044ac   0x00000028   Data   RO         4052    .constdata          c_w.l(_printf_hex_int_ll_ptr.o)
    0x080044d4   0x080044d4   0x00000011   Data   RO         4072    .constdata          c_w.l(__printf_flags_ss_wp.o)
    0x080044e5   0x080044e5   0x00000026   Data   RO         4167    .constdata          c_w.l(_printf_fp_hex.o)
    0x0800450b   0x0800450b   0x00000001   PAD
    0x0800450c   0x0800450c   0x00000094   Data   RO         4195    .constdata          c_w.l(bigflt0.o)
    0x080045a0   0x080045a0   0x00000020   Data   RO         4365    Region$$Table       anon$$obj.o
    0x080045c0   0x080045c0   0x0000001c   Data   RO         4219    locale$$data        c_w.l(lc_numeric_c.o)
    0x080045dc   0x080045dc   0x00000110   Data   RO         4236    locale$$data        c_w.l(lc_ctype_c.o)


    Execution Region RW_IRAM1 (Exec base: 0x20000000, Load base: 0x080046ec, Size: 0x00000eb0, Max: 0x00005000, ABSOLUTE)

    Exec Addr    Load Addr    Size         Type   Attr      Idx    E Section Name        Object

    0x20000000   0x080046ec   0x00000010   Data   RW          164    .data               main.o
    0x20000010   0x080046fc   0x00000008   Data   RW          354    .data               usart1.o
    0x20000018   0x08004704   0x00000014   Data   RW         2173    .data               stm32f10x_rcc.o
    0x2000002c   0x08004718   0x00000003   Data   RW         3787    .data               pm25.o
    0x2000002f   0x0800471b   0x00000001   PAD
    0x20000030   0x0800471c   0x00000008   Data   RW         3925    .data               ad.o
    0x20000038        -       0x00000800   Zero   RW          353    .bss                usart1.o
    0x20000838        -       0x00000015   Zero   RW         3786    .bss                pm25.o
    0x2000084d   0x08004724   0x00000003   PAD
    0x20000850        -       0x00000060   Zero   RW         4181    .bss                c_w.l(libspace.o)
    0x200008b0        -       0x00000200   Zero   RW          469    HEAP                startup_stm32f10x_md_vl.o
    0x20000ab0        -       0x00000400   Zero   RW          468    STACK               startup_stm32f10x_md_vl.o


==============================================================================

Image component sizes


      Code (inc. data)   RO Data    RW Data    ZI Data      Debug   Object Name

       268         16          0          8          0       1189   ad.o
        68         10          0          0          0        903   beep.o
        70          0          0          0          0        962   delay.o
       470         24          0          0          0       4261   dht11.o
        68         10          0          0          0        893   fan.o
       504        128          0         16          0       1721   main.o
       112         12          0          0          0       2604   misc.o
       802         26       1520          0          0       7641   oled.o
       414         60          0          3         21       3786   pm25.o
        64         26        288          0       1536        796   startup_stm32f10x_md_vl.o
       390         10          0          0          0      16109   stm32f10x_adc.o
        84          0          0          0          0      12469   stm32f10x_dma.o
       314          0          0          0          0      12376   stm32f10x_gpio.o
        82          8          0          0          0     254570   stm32f10x_it.o
       300         38          0         20          0      13516   stm32f10x_rcc.o
       472          6          0          0          0      12539   stm32f10x_usart.o
         0          0          0          0          0         32   sys.o
       328         28          0          0          0       1853   system_stm32f10x.o
       240         18          0          8       2048       2696   usart1.o

    ----------------------------------------------------------------------
      5074        420       1842         56       3608     350916   Object Totals
         0          0         32          0          0          0   (incl. Generated)
        24          0          2          1          3          0   (incl. Padding)

    ----------------------------------------------------------------------

      Code (inc. data)   RO Data    RW Data    ZI Data      Debug   Library Member Name

         8          0          0          0          0         68   __main.o
       392          4         17          0          0         92   __printf_flags_ss_wp.o
        14          0          0          0          0         68   __printf_wp.o
         0          0          0          0          0          0   __rtentry.o
        12          0          0          0          0          0   __rtentry2.o
         6          0          0          0          0          0   __rtentry4.o
        52          8          0          0          0          0   __scatter.o
        26          0          0          0          0          0   __scatter_copy.o
        28          0          0          0          0          0   __scatter_zi.o
         6          0          0          0          0          0   _printf_a.o
         6          0          0          0          0          0   _printf_c.o
        44          0          0          0          0        108   _printf_char.o
        48          6          0          0          0         96   _printf_char_common.o
        40          0          0          0          0         68   _printf_charcount.o
         6          0          0          0          0          0   _printf_d.o
       120         16          0          0          0         92   _printf_dec.o
         6          0          0          0          0          0   _printf_e.o
         6          0          0          0          0          0   _printf_f.o
      1054          0          0          0          0        216   _printf_fp_dec.o
       764          8         38          0          0        100   _printf_fp_hex.o
       128         16          0          0          0         84   _printf_fp_infnan.o
         6          0          0          0          0          0   _printf_g.o
       148          4         40          0          0        160   _printf_hex_int_ll_ptr.o
         6          0          0          0          0          0   _printf_i.o
       178          0          0          0          0         88   _printf_intcommon.o
        10          0          0          0          0          0   _printf_l.o
         6          0          0          0          0          0   _printf_lc.o
        10          0          0          0          0          0   _printf_ll.o
         6          0          0          0          0          0   _printf_lld.o
         6          0          0          0          0          0   _printf_lli.o
         6          0          0          0          0          0   _printf_llo.o
         6          0          0          0          0          0   _printf_llu.o
         6          0          0          0          0          0   _printf_llx.o
       124         16          0          0          0         92   _printf_longlong_dec.o
         6          0          0          0          0          0   _printf_ls.o
         6          0          0          0          0          0   _printf_n.o
         6          0          0          0          0          0   _printf_o.o
       112         10          0          0          0        124   _printf_oct_int_ll.o
         6          0          0          0          0          0   _printf_p.o
        78          0          0          0          0        108   _printf_pad.o
         0          0          0          0          0          0   _printf_percent.o
         4          0          0          0          0          0   _printf_percent_end.o
         6          0          0          0          0          0   _printf_s.o
        82          0          0          0          0         80   _printf_str.o
        36          0          0          0          0         84   _printf_truncate.o
         6          0          0          0          0          0   _printf_u.o
        44          0          0          0          0        108   _printf_wchar.o
       188          6          8          0          0         92   _printf_wctomb.o
         6          0          0          0          0          0   _printf_x.o
        10          0          0          0          0         68   _sputc.o
        64          0          0          0          0         92   _wcrtomb.o
       228          4        148          0          0         96   bigflt0.o
      1936        128          0          0          0        672   btod.o
        18          0          0          0          0         80   exit.o
         6          0          0          0          0        152   heapauxi.o
         0          0          0          0          0          0   indicate_semi.o
        44         10        272          0          0         76   lc_ctype_c.o
        44         10         28          0          0         76   lc_numeric_c.o
         2          0          0          0          0          0   libinit.o
        30          0          0          0          0          0   libinit2.o
         2          0          0          0          0          0   libshutdown.o
         2          0          0          0          0          0   libshutdown2.o
         8          4          0          0         96         68   libspace.o
       138          0          0          0          0         80   lludiv10.o
        16          4          0          0          0         76   rt_ctype_table.o
         8          4          0          0          0         68   rt_locale_intlibspace.o
        78          0          0          0          0         80   rt_memclr_w.o
         2          0          0          0          0          0   rtexit.o
        10          0          0          0          0          0   rtexit2.o
       128          0          0          0          0         68   strcmpv7m.o
        62          0          0          0          0         76   strlen.o
        12          4          0          0          0         68   sys_exit.o
        74          0          0          0          0         80   sys_stackheap_outer.o
         2          0          0          0          0         68   use_no_semi.o
        36          4          0          0          0         76   vsprintf.o
        98          4          0          0          0         92   d2f.o
       804         16          0          0          0        272   daddsub_clz.o
       688        140          0          0          0        208   ddiv.o
       340         12          0          0          0        104   dmul.o
       156          4          0          0          0         92   dnaninf.o
        12          0          0          0          0         68   dretinf.o
        86          4          0          0          0         84   f2d.o
       430          8          0          0          0        168   faddsub_clz.o
        24          0          0          0          0         68   fcmpi.o
       388         76          0          0          0         96   fdiv.o
        62          4          0          0          0         84   ffixu.o
        86          0          0          0          0        136   fflt_clz.o
       104          4          0          0          0         84   fleqf.o
       258          4          0          0          0         84   fmul.o
       140          4          0          0          0         84   fnaninf.o
        10          0          0          0          0         68   fretinf.o
        98          0          0          0          0         68   frleqf.o
         4          0          0          0          0         68   printf1.o
         4          0          0          0          0         68   printf2.o
         0          0          0          0          0          0   usenofp.o
        40          0          0          0          0         68   fpclassify.o

    ----------------------------------------------------------------------
     10688        546        552          0         96       6112   Library Totals
        26          0          1          0          0          0   (incl. Padding)

    ----------------------------------------------------------------------

      Code (inc. data)   RO Data    RW Data    ZI Data      Debug   Library Name

      6830        266        551          0         96       4048   c_w.l
      3792        280          0          0          0       1996   fz_ws.l
        40          0          0          0          0         68   m_ws.l

    ----------------------------------------------------------------------
     10688        546        552          0         96       6112   Library Totals

    ----------------------------------------------------------------------

==============================================================================


      Code (inc. data)   RO Data    RW Data    ZI Data      Debug   

     15762        966       2394         56       3704     349796   Grand Totals
     15762        966       2394         56       3704     349796   ELF Image Totals
     15762        966       2394         56          0          0   ROM Totals

==============================================================================

    Total RO  Size (Code + RO Data)                18156 (  17.73kB)
    Total RW  Size (RW Data + ZI Data)              3760 (   3.67kB)
    Total ROM Size (Code + RO Data + RW Data)      18212 (  17.79kB)

==============================================================================

