Component: ARM Compiler 5.06 update 5 (build 528) Tool: armlink [4d35e2]

==============================================================================

Section Cross References

    stm32f10x_it.o(i.TIM4_IRQHandler) refers to stm32f10x_tim.o(i.TIM_GetITStatus) for TIM_GetITStatus
    stm32f10x_it.o(i.TIM4_IRQHandler) refers to stm32f10x_tim.o(i.TIM_ClearITPendingBit) for TIM_ClearITPendingBit
    stm32f10x_it.o(i.TIM4_IRQHandler) refers to gizwits_product.o(i.gizTimerMs) for gizTimerMs
    stm32f10x_it.o(i.USART1_IRQHandler) refers to stm32f10x_usart.o(i.USART_GetITStatus) for USART_GetITStatus
    stm32f10x_it.o(i.USART1_IRQHandler) refers to stm32f10x_usart.o(i.USART_ReceiveData) for USART_ReceiveData
    stm32f10x_it.o(i.USART1_IRQHandler) refers to pm25.o(i.PM25_ReceiveHandler) for PM25_ReceiveHandler
    stm32f10x_it.o(i.USART1_IRQHandler) refers to stm32f10x_usart.o(i.USART_ClearITPendingBit) for USART_ClearITPendingBit
    stm32f10x_it.o(i.USART1_IRQHandler) refers to usart1.o(.data) for Usart1_RxCompleted
    stm32f10x_it.o(i.USART2_IRQHandler) refers to stm32f10x_usart.o(i.USART_GetITStatus) for USART_GetITStatus
    stm32f10x_it.o(i.USART2_IRQHandler) refers to stm32f10x_usart.o(i.USART_ClearITPendingBit) for USART_ClearITPendingBit
    stm32f10x_it.o(i.USART2_IRQHandler) refers to stm32f10x_usart.o(i.USART_ReceiveData) for USART_ReceiveData
    stm32f10x_it.o(i.USART2_IRQHandler) refers to gizwits_protocol.o(i.gizPutData) for gizPutData
    main.o(i.adc_to_ppm) refers to fflt_clz.o(x$fpl$ffltu) for __aeabi_ui2f
    main.o(i.adc_to_ppm) refers to fmul.o(x$fpl$fmul) for __aeabi_fmul
    main.o(i.adc_to_ppm) refers to fdiv.o(x$fpl$fdiv) for __aeabi_fdiv
    main.o(i.adc_to_ppm) refers to faddsub_clz.o(x$fpl$fsub) for __aeabi_fsub
    main.o(i.adc_to_ppm) refers to frleqf.o(x$fpl$frleqf) for __aeabi_cfrcmple
    main.o(i.check_alarm_conditions) refers to fflt_clz.o(x$fpl$fflt) for __aeabi_i2f
    main.o(i.check_alarm_conditions) refers to fleqf.o(x$fpl$fleqf) for __aeabi_cfcmple
    main.o(i.check_alarm_conditions) refers to beep.o(i.BEEP_On) for BEEP_On
    main.o(i.check_alarm_conditions) refers to fan.o(i.FAN_On) for FAN_On
    main.o(i.check_alarm_conditions) refers to beep.o(i.BEEP_Off) for BEEP_Off
    main.o(i.check_alarm_conditions) refers to fan.o(i.FAN_Off) for FAN_Off
    main.o(i.check_alarm_conditions) refers to main.o(.data) for threshold
    main.o(i.main) refers to oled.o(i.OLED_Init) for OLED_Init
    main.o(i.main) refers to oled.o(i.OLED_Clear) for OLED_Clear
    main.o(i.main) refers to dht11.o(i.DHT11_Init) for DHT11_Init
    main.o(i.main) refers to ad.o(i.AD_Init) for AD_Init
    main.o(i.main) refers to usart1.o(i.Usart1_Init) for Usart1_Init
    main.o(i.main) refers to usart2.o(i.Usart2_Init) for Usart2_Init
    main.o(i.main) refers to timer4.o(i.TIM4_Init) for TIM4_Init
    main.o(i.main) refers to stm32f10x_tim.o(i.TIM_Cmd) for TIM_Cmd
    main.o(i.main) refers to fan.o(i.FAN_Init) for FAN_Init
    main.o(i.main) refers to beep.o(i.BEEP_Init) for BEEP_Init
    main.o(i.main) refers to pm25.o(i.PM25_Init) for PM25_Init
    main.o(i.main) refers to keys.o(i.Key_Init) for Key_Init
    main.o(i.main) refers to main.o(i.update_main_display) for update_main_display
    main.o(i.main) refers to gizwits_product.o(i.userInit) for userInit
    main.o(i.main) refers to delay.o(i.delay_ms) for delay_ms
    main.o(i.main) refers to gizwits_protocol.o(i.gizwitsInit) for gizwitsInit
    main.o(i.main) refers to gizwits_protocol.o(i.gizwitsSetMode) for gizwitsSetMode
    main.o(i.main) refers to dht11.o(i.DHT11_Read_Data) for DHT11_Read_Data
    main.o(i.main) refers to pm25.o(i.PM25_GetCurrentData) for PM25_GetCurrentData
    main.o(i.main) refers to main.o(i.adc_to_ppm) for adc_to_ppm
    main.o(i.main) refers to keys.o(i.Key_Scan) for Key_Scan
    main.o(i.main) refers to main.o(i.update_threshold_display) for update_threshold_display
    main.o(i.main) refers to main.o(i.check_alarm_conditions) for check_alarm_conditions
    main.o(i.main) refers to gizwits_product.o(i.userHandle) for userHandle
    main.o(i.main) refers to gizwits_protocol.o(i.gizwitsHandle) for gizwitsHandle
    main.o(i.main) refers to main.o(.data) for g_humi
    main.o(i.main) refers to ad.o(.data) for AD_Value
    main.o(i.main) refers to gizwits_product.o(.bss) for currentDataPoint
    main.o(i.update_main_display) refers to oled.o(i.OLED_ShowString) for OLED_ShowString
    main.o(i.update_main_display) refers to oled.o(i.OLED_ShowNum) for OLED_ShowNum
    main.o(i.update_main_display) refers to ffixu.o(x$fpl$ffixu) for __aeabi_f2uiz
    main.o(i.update_main_display) refers to main.o(.data) for g_temp
    main.o(i.update_threshold_display) refers to oled.o(i.OLED_ShowString) for OLED_ShowString
    main.o(i.update_threshold_display) refers to oled.o(i.OLED_ShowNum) for OLED_ShowNum
    main.o(i.update_threshold_display) refers to main.o(.data) for threshold
[...]
    protocolFlag                             0x20000054   Data           1  gizwits_protocol.o(.data)
    protocolCount                            0x20000056   Data           2  gizwits_protocol.o(.data)
    lastData                                 0x20000058   Data           1  gizwits_protocol.o(.data)
    debugCount                               0x20000059   Data           1  gizwits_protocol.o(.data)
    lastStatus                               0x2000005a   Data           2  gizwits_protocol.o(.data)
    .bss                                     0x20000060   Section     2048  usart1.o(.bss)
    .bss                                     0x20000860   Section       21  pm25.o(.bss)
    current_data                             0x20000860   Data          12  pm25.o(.bss)
    rx_buffer                                0x2000086c   Data           9  pm25.o(.bss)
    .bss                                     0x20000875   Section       22  gizwits_product.o(.bss)
    .bss                                     0x2000088c   Section      592  gizwits_protocol.o(.bss)
    rbBuf                                    0x20000a58   Data         132  gizwits_protocol.o(.bss)
    .bss                                     0x20000adc   Section       96  libspace.o(.bss)
    HEAP                                     0x20000b40   Section      512  startup_stm32f10x_md_vl.o(HEAP)
    Heap_Mem                                 0x20000b40   Data         512  startup_stm32f10x_md_vl.o(HEAP)
    STACK                                    0x20000d40   Section     1024  startup_stm32f10x_md_vl.o(STACK)
    Stack_Mem                                0x20000d40   Data        1024  startup_stm32f10x_md_vl.o(STACK)
    __initial_sp                             0x20001140   Data           0  startup_stm32f10x_md_vl.o(STACK)

    Global Symbols

    Symbol Name                              Value     Ov Type        Size  Object(Section)

    BuildAttributes$$THM_ISAv4$P$D$K$B$S$PE$A:L22UL41UL21$X:L11$S22US41US21$IEEE1$IW$USESV6$~STKCKD$USESV7$~SHL$OTIME$ROPI$IEEEX$EBA8$UX$STANDARDLIB$REQ8$PRES8$EABIv2 0x00000000   Number         0  anon$$obj.o ABSOLUTE
    __ARM_use_no_argv                        0x00000000   Number         0  main.o ABSOLUTE
    _printf_flags                            0x00000000   Number         0  printf_stubs.o ABSOLUTE
    _printf_return_value                     0x00000000   Number         0  printf_stubs.o ABSOLUTE
    _printf_sizespec                         0x00000000   Number         0  printf_stubs.o ABSOLUTE
    _printf_widthprec                        0x00000000   Number         0  printf_stubs.o ABSOLUTE
    __ARM_exceptions_init                     - Undefined Weak Reference
    __alloca_initialize                       - Undefined Weak Reference
    __arm_preinit_                            - Undefined Weak Reference
    __cpp_initialize__aeabi_                  - Undefined Weak Reference
    __cxa_finalize                            - Undefined Weak Reference
    __sigvec_lookup                           - Undefined Weak Reference
    _atexit_init                              - Undefined Weak Reference
    _call_atexit_fns                          - Undefined Weak Reference
    _clock_init                               - Undefined Weak Reference
    _fp_trap_init                             - Undefined Weak Reference
    _fp_trap_shutdown                         - Undefined Weak Reference
    _get_lc_collate                           - Undefined Weak Reference
    _get_lc_monetary                          - Undefined Weak Reference
    _get_lc_time                              - Undefined Weak Reference
    _getenv_init                              - Undefined Weak Reference
    _handle_redirection                       - Undefined Weak Reference
    _init_alloc                               - Undefined Weak Reference
    _init_user_alloc                          - Undefined Weak Reference
    _initio                                   - Undefined Weak Reference
    _printf_mbtowc                            - Undefined Weak Reference
    _printf_wc                                - Undefined Weak Reference
    _rand_init                                - Undefined Weak Reference
    _signal_finish                            - Undefined Weak Reference
    _signal_init                              - Undefined Weak Reference
    _terminate_alloc                          - Undefined Weak Reference
    _terminate_user_alloc                     - Undefined Weak Reference
    _terminateio                              - Undefined Weak Reference
    __Vectors_Size                           0x00000120   Number         0  startup_stm32f10x_md_vl.o ABSOLUTE
    __Vectors                                0x08000000   Data           4  startup_stm32f10x_md_vl.o(RESET)
    __Vectors_End                            0x08000120   Data           0  startup_stm32f10x_md_vl.o(RESET)
    __main                                   0x08000121   Thumb Code     8  __main.o(!!!main)
    __scatterload                            0x08000129   Thumb Code     0  __scatter.o(!!!scatter)
    __scatterload_rt2                        0x08000129   Thumb Code    44  __scatter.o(!!!scatter)
    __scatterload_rt2_thumb_only             0x08000129   Thumb Code     0  __scatter.o(!!!scatter)
    __scatterload_null                       0x08000137   Thumb Code     0  __scatter.o(!!!scatter)
    __scatterload_copy                       0x0800015d   Thumb Code    26  __scatter_copy.o(!!handler_copy)
    __scatterload_zeroinit                   0x08000179   Thumb Code    28  __scatter_zi.o(!!handler_zi)
    _printf_n                                0x08000195   Thumb Code     0  _printf_n.o(.ARM.Collect$$_printf_percent$$00000001)
    _printf_percent                          0x08000195   Thumb Code     0  _printf_percent.o(.ARM.Collect$$_printf_percent$$00000000)
    _printf_p                                0x0800019b   Thumb Code     0  _printf_p.o(.ARM.Collect$$_printf_percent$$00000002)
    _printf_f                                0x080001a1   Thumb Code     0  _printf_f.o(.ARM.Collect$$_printf_percent$$00000003)
    _printf_e                                0x080001a7   Thumb Code     0  _printf_e.o(.ARM.Collect$$_printf_percent$$00000004)
    _printf_g                                0x080001ad   Thumb Code     0  _printf_g.o(.ARM.Collect$$_printf_percent$$00000005)
    _printf_a                                0x080001b3   Thumb Code     0  _printf_a.o(.ARM.Collect$$_printf_percent$$00000006)
    _printf_ll                               0x080001b9   Thumb Code     0  _printf_ll.o(.ARM.Collect$$_printf_percent$$00000007)
    _printf_i                                0x080001c3   Thumb Code     0  _printf_i.o(.ARM.Collect$$_printf_percent$$00000008)
    _printf_d                                0x080001c9   Thumb Code     0  _printf_d.o(.ARM.Collect$$_printf_percent$$00000009)
    _printf_u                                0x080001cf   Thumb Code     0  _printf_u.o(.ARM.Collect$$_printf_percent$$0000000A)
    _printf_o                                0x080001d5   Thumb Code     0  _printf_o.o(.ARM.Collect$$_printf_percent$$0000000B)
    _printf_x                                0x080001db   Thumb Code     0  _printf_x.o(.ARM.Collect$$_printf_percent$$0000000C)
    _printf_lli                              0x080001e1   Thumb Code     0  _printf_lli.o(.ARM.Collect$$_printf_percent$$0000000D)
    _printf_lld                              0x080001e7   Thumb Code     0  _printf_lld.o(.ARM.Collect$$_printf_percent$$0000000E)
    _printf_llu                              0x080001ed   Thumb Code     0  _printf_llu.o(.ARM.Collect$$_printf_percent$$0000000F)
    _printf_llo                              0x080001f3   Thumb Code     0  _printf_llo.o(.ARM.Collect$$_printf_percent$$00000010)
    _printf_llx                              0x080001f9   Thumb Code     0  _printf_llx.o(.ARM.Collect$$_printf_percent$$00000011)
    _printf_l                                0x080001ff   Thumb Code     0  _printf_l.o(.ARM.Collect$$_printf_percent$$00000012)
    _printf_c                                0x08000209   Thumb Code     0  _printf_c.o(.ARM.Collect$$_printf_percent$$00000013)
    _printf_s                                0x0800020f   Thumb Code     0  _printf_s.o(.ARM.Collect$$_printf_percent$$00000014)
    _printf_lc                               0x08000215   Thumb Code     0  _printf_lc.o(.ARM.Collect$$_printf_percent$$00000015)
    _printf_ls                               0x0800021b   Thumb Code     0  _printf_ls.o(.ARM.Collect$$_printf_percent$$00000016)
    _printf_percent_end                      0x08000221   Thumb Code     0  _printf_percent_end.o(.ARM.Collect$$_printf_percent$$00000017)
    __rt_lib_init                            0x08000225   Thumb Code     0  libinit.o(.ARM.Collect$$libinit$$00000000)
    __rt_lib_init_fp_1                       0x08000227   Thumb Code     0  libinit2.o(.ARM.Collect$$libinit$$00000002)
    __rt_lib_init_heap_1                     0x08000227   Thumb Code     0  libinit2.o(.ARM.Collect$$libinit$$0000000A)
    __rt_lib_init_lc_common                  0x08000227   Thumb Code     0  libinit2.o(.ARM.Collect$$libinit$$0000000F)
    __rt_lib_init_preinit_1                  0x08000227   Thumb Code     0  libinit2.o(.ARM.Collect$$libinit$$00000004)
    __rt_lib_init_rand_1                     0x08000227   Thumb Code     0  libinit2.o(.ARM.Collect$$libinit$$0000000E)
    __rt_lib_init_user_alloc_1               0x08000227   Thumb Code     0  libinit2.o(.ARM.Collect$$libinit$$0000000C)
    __rt_lib_init_lc_collate_1               0x0800022d   Thumb Code     0  libinit2.o(.ARM.Collect$$libinit$$00000011)
    __rt_lib_init_lc_ctype_2                 0x0800022d   Thumb Code     0  libinit2.o(.ARM.Collect$$libinit$$00000012)
    __rt_lib_init_lc_ctype_1                 0x08000239   Thumb Code     0  libinit2.o(.ARM.Collect$$libinit$$00000013)
    __rt_lib_init_lc_monetary_1              0x08000239   Thumb Code     0  libinit2.o(.ARM.Collect$$libinit$$00000015)
    __rt_lib_init_lc_numeric_2               0x08000239   Thumb Code     0  libinit2.o(.ARM.Collect$$libinit$$00000016)
    __rt_lib_init_alloca_1                   0x08000243   Thumb Code     0  libinit2.o(.ARM.Collect$$libinit$$0000002E)
    __rt_lib_init_argv_1                     0x08000243   Thumb Code     0  libinit2.o(.ARM.Collect$$libinit$$0000002C)
    __rt_lib_init_atexit_1                   0x08000243   Thumb Code     0  libinit2.o(.ARM.Collect$$libinit$$0000001B)
    __rt_lib_init_clock_1                    0x08000243   Thumb Code     0  libinit2.o(.ARM.Collect$$libinit$$00000021)
    __rt_lib_init_cpp_1                      0x08000243   Thumb Code     0  libinit2.o(.ARM.Collect$$libinit$$00000032)
    __rt_lib_init_exceptions_1               0x08000243   Thumb Code     0  libinit2.o(.ARM.Collect$$libinit$$00000030)
    __rt_lib_init_fp_trap_1                  0x08000243   Thumb Code     0  libinit2.o(.ARM.Collect$$libinit$$0000001F)
    __rt_lib_init_getenv_1                   0x08000243   Thumb Code     0  libinit2.o(.ARM.Collect$$libinit$$00000023)
    __rt_lib_init_lc_numeric_1               0x08000243   Thumb Code     0  libinit2.o(.ARM.Collect$$libinit$$00000017)
    __rt_lib_init_lc_time_1                  0x08000243   Thumb Code     0  libinit2.o(.ARM.Collect$$libinit$$00000019)
    __rt_lib_init_return                     0x08000243   Thumb Code     0  libinit2.o(.ARM.Collect$$libinit$$00000033)
    __rt_lib_init_signal_1                   0x08000243   Thumb Code     0  libinit2.o(.ARM.Collect$$libinit$$0000001D)
    __rt_lib_init_stdio_1                    0x08000243   Thumb Code     0  libinit2.o(.ARM.Collect$$libinit$$00000025)
    __rt_lib_shutdown                        0x08000245   Thumb Code     0  libshutdown.o(.ARM.Collect$$libshutdown$$00000000)
    __rt_lib_shutdown_cpp_1                  0x08000247   Thumb Code     0  libshutdown2.o(.ARM.Collect$$libshutdown$$00000002)
    __rt_lib_shutdown_fp_trap_1              0x08000247   Thumb Code     0  libshutdown2.o(.ARM.Collect$$libshutdown$$00000007)
    __rt_lib_shutdown_heap_1                 0x08000247   Thumb Code     0  libshutdown2.o(.ARM.Collect$$libshutdown$$0000000F)
    __rt_lib_shutdown_return                 0x08000247   Thumb Code     0  libshutdown2.o(.ARM.Collect$$libshutdown$$00000010)
    __rt_lib_shutdown_signal_1               0x08000247   Thumb Code     0  libshutdown2.o(.ARM.Collect$$libshutdown$$0000000A)
    __rt_lib_shutdown_stdio_1                0x08000247   Thumb Code     0  libshutdown2.o(.ARM.Collect$$libshutdown$$00000004)
    __rt_lib_shutdown_user_alloc_1           0x08000247   Thumb Code     0  libshutdown2.o(.ARM.Collect$$libshutdown$$0000000C)
    __rt_entry                               0x08000249   Thumb Code     0  __rtentry.o(.ARM.Collect$$rtentry$$00000000)
    __rt_entry_presh_1                       0x08000249   Thumb Code     0  __rtentry2.o(.ARM.Collect$$rtentry$$00000002)
    __rt_entry_sh                            0x08000249   Thumb Code     0  __rtentry4.o(.ARM.Collect$$rtentry$$00000004)
    __rt_entry_li                            0x0800024f   Thumb Code     0  __rtentry2.o(.ARM.Collect$$rtentry$$0000000A)
    __rt_entry_postsh_1                      0x0800024f   Thumb Code     0  __rtentry2.o(.ARM.Collect$$rtentry$$00000009)
    __rt_entry_main                          0x08000253   Thumb Code     0  __rtentry2.o(.ARM.Collect$$rtentry$$0000000D)
    __rt_entry_postli_1                      0x08000253   Thumb Code     0  __rtentry2.o(.ARM.Collect$$rtentry$$0000000C)
    __rt_exit                                0x0800025b   Thumb Code     0  rtexit.o(.ARM.Collect$$rtexit$$00000000)
    __rt_exit_ls                             0x0800025d   Thumb Code     0  rtexit2.o(.ARM.Collect$$rtexit$$00000003)
    __rt_exit_prels_1                        0x0800025d   Thumb Code     0  rtexit2.o(.ARM.Collect$$rtexit$$00000002)
    __rt_exit_exit                           0x08000261   Thumb Code     0  rtexit2.o(.ARM.Collect$$rtexit$$00000004)
    Reset_Handler                            0x08000269   Thumb Code     8  startup_stm32f10x_md_vl.o(.text)
    ADC1_IRQHandler                          0x08000283   Thumb Code     0  startup_stm32f10x_md_vl.o(.text)
    CEC_IRQHandler                           0x08000283   Thumb Code     0  startup_stm32f10x_md_vl.o(.text)
    DMA1_Channel1_IRQHandler                 0x08000283   Thumb Code     0  startup_stm32f10x_md_vl.o(.text)
    DMA1_Channel2_IRQHandler                 0x08000283   Thumb Code     0  startup_stm32f10x_md_vl.o(.text)
    DMA1_Channel3_IRQHandler                 0x08000283   Thumb Code     0  startup_stm32f10x_md_vl.o(.text)
    DMA1_Channel4_IRQHandler                 0x08000283   Thumb Code     0  startup_stm32f10x_md_vl.o(.text)
    DMA1_Channel5_IRQHandler                 0x08000283   Thumb Code     0  startup_stm32f10x_md_vl.o(.text)
    DMA1_Channel6_IRQHandler                 0x08000283   Thumb Code     0  startup_stm32f10x_md_vl.o(.text)
    DMA1_Channel7_IRQHandler                 0x08000283   Thumb Code     0  startup_stm32f10x_md_vl.o(.text)
    EXTI0_IRQHandler                         0x08000283   Thumb Code     0  startup_stm32f10x_md_vl.o(.text)
    EXTI15_10_IRQHandler                     0x08000283   Thumb Code     0  startup_stm32f10x_md_vl.o(.text)
    EXTI1_IRQHandler                         0x08000283   Thumb Code     0  startup_stm32f10x_md_vl.o(.text)
    EXTI2_IRQHandler                         0x08000283   Thumb Code     0  startup_stm32f10x_md_vl.o(.text)
    EXTI3_IRQHandler                         0x08000283   Thumb Code     0  startup_stm32f10x_md_vl.o(.text)
    EXTI4_IRQHandler                         0x08000283   Thumb Code     0  startup_stm32f10x_md_vl.o(.text)
    EXTI9_5_IRQHandler                       0x08000283   Thumb Code     0  startup_stm32f10x_md_vl.o(.text)
    FLASH_IRQHandler                         0x08000283   Thumb Code     0  startup_stm32f10x_md_vl.o(.text)
    I2C1_ER_IRQHandler                       0x08000283   Thumb Code     0  startup_stm32f10x_md_vl.o(.text)
    I2C1_EV_IRQHandler                       0x08000283   Thumb Code     0  startup_stm32f10x_md_vl.o(.text)
    I2C2_ER_IRQHandler                       0x08000283   Thumb Code     0  startup_stm32f10x_md_vl.o(.text)
    I2C2_EV_IRQHandler                       0x08000283   Thumb Code     0  startup_stm32f10x_md_vl.o(.text)
    PVD_IRQHandler                           0x08000283   Thumb Code     0  startup_stm32f10x_md_vl.o(.text)
    RCC_IRQHandler                           0x08000283   Thumb Code     0  startup_stm32f10x_md_vl.o(.text)
    RTCAlarm_IRQHandler                      0x08000283   Thumb Code     0  startup_stm32f10x_md_vl.o(.text)
    RTC_IRQHandler                           0x08000283   Thumb Code     0  startup_stm32f10x_md_vl.o(.text)
    SPI1_IRQHandler                          0x08000283   Thumb Code     0  startup_stm32f10x_md_vl.o(.text)
    SPI2_IRQHandler                          0x08000283   Thumb Code     0  startup_stm32f10x_md_vl.o(.text)
    TAMPER_IRQHandler                        0x08000283   Thumb Code     0  startup_stm32f10x_md_vl.o(.text)
    TIM1_BRK_TIM15_IRQHandler                0x08000283   Thumb Code     0  startup_stm32f10x_md_vl.o(.text)
    TIM1_CC_IRQHandler                       0x08000283   Thumb Code     0  startup_stm32f10x_md_vl.o(.text)
    TIM1_TRG_COM_TIM17_IRQHandler            0x08000283   Thumb Code     0  startup_stm32f10x_md_vl.o(.text)
    TIM1_UP_TIM16_IRQHandler                 0x08000283   Thumb Code     0  startup_stm32f10x_md_vl.o(.text)
    TIM2_IRQHandler                          0x08000283   Thumb Code     0  startup_stm32f10x_md_vl.o(.text)
    TIM3_IRQHandler                          0x08000283   Thumb Code     0  startup_stm32f10x_md_vl.o(.text)
    TIM6_DAC_IRQHandler                      0x08000283   Thumb Code     0  startup_stm32f10x_md_vl.o(.text)
    TIM7_IRQHandler                          0x08000283   Thumb Code     0  startup_stm32f10x_md_vl.o(.text)
    USART3_IRQHandler                        0x08000283   Thumb Code     0  startup_stm32f10x_md_vl.o(.text)
    WWDG_IRQHandler                          0x08000283   Thumb Code     0  startup_stm32f10x_md_vl.o(.text)
    __user_initial_stackheap                 0x08000285   Thumb Code     0  startup_stm32f10x_md_vl.o(.text)
    vsprintf                                 0x080002a9   Thumb Code    32  vsprintf.o(.text)
    strlen                                   0x080002cd   Thumb Code    62  strlen.o(.text)
    __aeabi_memcpy                           0x0800030b   Thumb Code     0  rt_memcpy_v6.o(.text)
    __rt_memcpy                              0x0800030b   Thumb Code   138  rt_memcpy_v6.o(.text)
    _memcpy_lastbytes                        0x08000371   Thumb Code     0  rt_memcpy_v6.o(.text)
    __aeabi_memcpy4                          0x08000395   Thumb Code     0  rt_memcpy_w.o(.text)
    __aeabi_memcpy8                          0x08000395   Thumb Code     0  rt_memcpy_w.o(.text)
    __rt_memcpy_w                            0x08000395   Thumb Code   100  rt_memcpy_w.o(.text)
    _memcpy_lastbytes_aligned                0x080003dd   Thumb Code     0  rt_memcpy_w.o(.text)
    __aeabi_memclr                           0x080003f9   Thumb Code     0  rt_memclr.o(.text)
    __rt_memclr                              0x080003f9   Thumb Code    68  rt_memclr.o(.text)
    _memset                                  0x080003fd   Thumb Code     0  rt_memclr.o(.text)
    __aeabi_memclr4                          0x0800043d   Thumb Code     0  rt_memclr_w.o(.text)
    __aeabi_memclr8                          0x0800043d   Thumb Code     0  rt_memclr_w.o(.text)
    __rt_memclr_w                            0x0800043d   Thumb Code    78  rt_memclr_w.o(.text)
    _memset_w                                0x08000441   Thumb Code     0  rt_memclr_w.o(.text)
    __use_two_region_memory                  0x0800048b   Thumb Code     2  heapauxi.o(.text)
    __rt_heap_escrow$2region                 0x0800048d   Thumb Code     2  heapauxi.o(.text)
    __rt_heap_expand$2region                 0x0800048f   Thumb Code     2  heapauxi.o(.text)
    __rt_ctype_table                         0x08000491   Thumb Code    16  rt_ctype_table.o(.text)
    _printf_pre_padding                      0x080004a1   Thumb Code    44  _printf_pad.o(.text)
    _printf_post_padding                     0x080004cd   Thumb Code    34  _printf_pad.o(.text)
    _printf_truncate_signed                  0x080004ef   Thumb Code    18  _printf_truncate.o(.text)
    _printf_truncate_unsigned                0x08000501   Thumb Code    18  _printf_truncate.o(.text)
    _printf_str                              0x08000513   Thumb Code    82  _printf_str.o(.text)
    _printf_int_dec                          0x08000565   Thumb Code   104  _printf_dec.o(.text)
    _printf_charcount                        0x080005dd   Thumb Code    40  _printf_charcount.o(.text)
    _printf_char_common                      0x0800060f   Thumb Code    32  _printf_char_common.o(.text)
    _sputc                                   0x08000635   Thumb Code    10  _sputc.o(.text)
    _printf_wctomb                           0x08000641   Thumb Code   182  _printf_wctomb.o(.text)
    _printf_longlong_dec                     0x080006fd   Thumb Code   108  _printf_longlong_dec.o(.text)
    _printf_longlong_oct                     0x08000779   Thumb Code    66  _printf_oct_int_ll.o(.text)
    _printf_int_oct                          0x080007bb   Thumb Code    24  _printf_oct_int_ll.o(.text)
    _printf_ll_oct                           0x080007d3   Thumb Code    12  _printf_oct_int_ll.o(.text)
    _printf_longlong_hex                     0x080007e9   Thumb Code    86  _printf_hex_int_ll_ptr.o(.text)
    _printf_int_hex                          0x0800083f   Thumb Code    28  _printf_hex_int_ll_ptr.o(.text)
    _printf_ll_hex                           0x0800085b   Thumb Code    12  _printf_hex_int_ll_ptr.o(.text)
    _printf_hex_ptr                          0x08000867   Thumb Code    18  _printf_hex_int_ll_ptr.o(.text)
    __printf                                 0x0800087d   Thumb Code   388  __printf_flags_ss_wp.o(.text)
    __rt_locale                              0x08000a05   Thumb Code     8  rt_locale_intlibspace.o(.text)
    _ll_udiv10                               0x08000a0d   Thumb Code   138  lludiv10.o(.text)
    _printf_int_common                       0x08000a97   Thumb Code   178  _printf_intcommon.o(.text)
    __lib_sel_fp_printf                      0x08000b49   Thumb Code     2  _printf_fp_dec.o(.text)
    _printf_fp_dec_real                      0x08000cfb   Thumb Code   620  _printf_fp_dec.o(.text)
    _printf_fp_hex_real                      0x08000f69   Thumb Code   756  _printf_fp_hex.o(.text)
    _printf_cs_common                        0x08001265   Thumb Code    20  _printf_char.o(.text)
    _printf_char                             0x08001279   Thumb Code    16  _printf_char.o(.text)
    _printf_string                           0x08001289   Thumb Code     8  _printf_char.o(.text)
    _printf_lcs_common                       0x08001291   Thumb Code    20  _printf_wchar.o(.text)
    _printf_wchar                            0x080012a5   Thumb Code    16  _printf_wchar.o(.text)
    _printf_wstring                          0x080012b5   Thumb Code     8  _printf_wchar.o(.text)
    _wcrtomb                                 0x080012bd   Thumb Code    64  _wcrtomb.o(.text)
    __user_libspace                          0x080012fd   Thumb Code     8  libspace.o(.text)
    __user_perproc_libspace                  0x080012fd   Thumb Code     0  libspace.o(.text)
    __user_perthread_libspace                0x080012fd   Thumb Code     0  libspace.o(.text)
    __user_setup_stackheap                   0x08001305   Thumb Code    74  sys_stackheap_outer.o(.text)
    _printf_fp_infnan                        0x08001351   Thumb Code   112  _printf_fp_infnan.o(.text)
    _btod_etento                             0x080013d1   Thumb Code   224  bigflt0.o(.text)
    exit                                     0x080014b5   Thumb Code    18  exit.o(.text)
    strcmp                                   0x080014c9   Thumb Code   128  strcmpv7m.o(.text)
    _sys_exit                                0x08001549   Thumb Code     8  sys_exit.o(.text)
    __I$use$semihosting                      0x08001555   Thumb Code     0  use_no_semi.o(.text)
    __use_no_semihosting_swi                 0x08001555   Thumb Code     2  use_no_semi.o(.text)
    __semihosting_library_function           0x08001557   Thumb Code     0  indicate_semi.o(.text)
    _btod_d2e                                0x08001557   Thumb Code    62  btod.o(CL$$btod_d2e)
    _d2e_denorm_low                          0x08001595   Thumb Code    70  btod.o(CL$$btod_d2e_denorm_low)
    _d2e_norm_op1                            0x080015db   Thumb Code    96  btod.o(CL$$btod_d2e_norm_op1)
    __btod_div_common                        0x0800163b   Thumb Code   696  btod.o(CL$$btod_div_common)
    _e2e                                     0x08001973   Thumb Code   220  btod.o(CL$$btod_e2e)
    _btod_ediv                               0x08001a4f   Thumb Code    42  btod.o(CL$$btod_ediv)
    _btod_emul                               0x08001a79   Thumb Code    42  btod.o(CL$$btod_emul)
    __btod_mult_common                       0x08001aa3   Thumb Code   580  btod.o(CL$$btod_mult_common)
    ADC_Cmd                                  0x08001ce7   Thumb Code    22  stm32f10x_adc.o(i.ADC_Cmd)
    ADC_DMACmd                               0x08001cfd   Thumb Code    22  stm32f10x_adc.o(i.ADC_DMACmd)
    ADC_GetCalibrationStatus                 0x08001d13   Thumb Code    20  stm32f10x_adc.o(i.ADC_GetCalibrationStatus)
    ADC_GetResetCalibrationStatus            0x08001d27   Thumb Code    20  stm32f10x_adc.o(i.ADC_GetResetCalibrationStatus)
    ADC_Init                                 0x08001d3d   Thumb Code    70  stm32f10x_adc.o(i.ADC_Init)
    ADC_RegularChannelConfig                 0x08001d8d   Thumb Code   184  stm32f10x_adc.o(i.ADC_RegularChannelConfig)
    ADC_ResetCalibration                     0x08001e45   Thumb Code    10  stm32f10x_adc.o(i.ADC_ResetCalibration)
    ADC_SoftwareStartConvCmd                 0x08001e4f   Thumb Code    22  stm32f10x_adc.o(i.ADC_SoftwareStartConvCmd)
    ADC_StartCalibration                     0x08001e65   Thumb Code    10  stm32f10x_adc.o(i.ADC_StartCalibration)
    AD_Init                                  0x08001e71   Thumb Code   252  ad.o(i.AD_Init)
    BEEP_Init                                0x08001f7d   Thumb Code    44  beep.o(i.BEEP_Init)
    BEEP_Off                                 0x08001fad   Thumb Code    14  beep.o(i.BEEP_Off)
    BEEP_On                                  0x08001fc1   Thumb Code    14  beep.o(i.BEEP_On)
    BusFault_Handler                         0x08001fd5   Thumb Code     4  stm32f10x_it.o(i.BusFault_Handler)
    DHT11_Check                              0x08001fd9   Thumb Code    88  dht11.o(i.DHT11_Check)
    DHT11_Init                               0x08002035   Thumb Code    58  dht11.o(i.DHT11_Init)
    DHT11_Mode                               0x08002075   Thumb Code    52  dht11.o(i.DHT11_Mode)
    DHT11_Read_Bit                           0x080020ad   Thumb Code    88  dht11.o(i.DHT11_Read_Bit)
    DHT11_Read_Byte                          0x08002109   Thumb Code    30  dht11.o(i.DHT11_Read_Byte)
    DHT11_Read_Data                          0x08002127   Thumb Code    88  dht11.o(i.DHT11_Read_Data)
    DHT11_Rst                                0x08002181   Thumb Code    42  dht11.o(i.DHT11_Rst)
    DMA_Cmd                                  0x080021b1   Thumb Code    24  stm32f10x_dma.o(i.DMA_Cmd)
    DMA_Init                                 0x080021c9   Thumb Code    60  stm32f10x_dma.o(i.DMA_Init)
    DebugMon_Handler                         0x08002205   Thumb Code     2  stm32f10x_it.o(i.DebugMon_Handler)
    FAN_Init                                 0x08002209   Thumb Code    44  fan.o(i.FAN_Init)
    FAN_Off                                  0x08002239   Thumb Code    14  fan.o(i.FAN_Off)
    FAN_On                                   0x0800224d   Thumb Code    14  fan.o(i.FAN_On)
    FucCheckSum                              0x08002261   Thumb Code    34  pm25.o(i.FucCheckSum)
    GPIO_Init                                0x08002283   Thumb Code   278  stm32f10x_gpio.o(i.GPIO_Init)
    GPIO_ReadInputDataBit                    0x08002399   Thumb Code    18  stm32f10x_gpio.o(i.GPIO_ReadInputDataBit)
    GPIO_ResetBits                           0x080023ab   Thumb Code     4  stm32f10x_gpio.o(i.GPIO_ResetBits)
    GPIO_SetBits                             0x080023af   Thumb Code     4  stm32f10x_gpio.o(i.GPIO_SetBits)
    GPIO_WriteBit                            0x080023b3   Thumb Code    10  stm32f10x_gpio.o(i.GPIO_WriteBit)
    HardFault_Handler                        0x080023bd   Thumb Code     4  stm32f10x_it.o(i.HardFault_Handler)
    Key_Init                                 0x080023c1   Thumb Code    40  keys.o(i.Key_Init)
    Key_Scan                                 0x080023ed   Thumb Code   164  keys.o(i.Key_Scan)
    MemManage_Handler                        0x080024a1   Thumb Code     4  stm32f10x_it.o(i.MemManage_Handler)
    NMI_Handler                              0x080024a5   Thumb Code     2  stm32f10x_it.o(i.NMI_Handler)
    NVIC_Init                                0x080024a9   Thumb Code   100  misc.o(i.NVIC_Init)
    NVIC_PriorityGroupConfig                 0x08002519   Thumb Code    10  misc.o(i.NVIC_PriorityGroupConfig)
    OLED_Clear                               0x0800252d   Thumb Code    42  oled.o(i.OLED_Clear)
    OLED_I2C_Init                            0x08002559   Thumb Code    72  oled.o(i.OLED_I2C_Init)
    OLED_I2C_SendByte                        0x080025a5   Thumb Code    74  oled.o(i.OLED_I2C_SendByte)
    OLED_I2C_Start                           0x080025f5   Thumb Code    44  oled.o(i.OLED_I2C_Start)
    OLED_I2C_Stop                            0x08002625   Thumb Code    34  oled.o(i.OLED_I2C_Stop)
    OLED_Init                                0x0800264d   Thumb Code   174  oled.o(i.OLED_Init)
    OLED_Pow                                 0x080026fb   Thumb Code    20  oled.o(i.OLED_Pow)
    OLED_SetCursor                           0x0800270f   Thumb Code    34  oled.o(i.OLED_SetCursor)
    OLED_ShowChar                            0x08002731   Thumb Code   110  oled.o(i.OLED_ShowChar)
    OLED_ShowNum                             0x080027a5   Thumb Code    68  oled.o(i.OLED_ShowNum)
    OLED_ShowString                          0x080027e9   Thumb Code    40  oled.o(i.OLED_ShowString)
    OLED_WriteCommand                        0x08002811   Thumb Code    32  oled.o(i.OLED_WriteCommand)
    OLED_WriteData                           0x08002831   Thumb Code    32  oled.o(i.OLED_WriteData)
    PM25_GetCurrentData                      0x08002851   Thumb Code    10  pm25.o(i.PM25_GetCurrentData)
    PM25_Init                                0x08002861   Thumb Code    12  pm25.o(i.PM25_Init)
    PM25_ReceiveHandler                      0x08002871   Thumb Code    84  pm25.o(i.PM25_ReceiveHandler)
    PendSV_Handler                           0x080029cd   Thumb Code     2  stm32f10x_it.o(i.PendSV_Handler)
    RCC_ADCCLKConfig                         0x080029d1   Thumb Code    18  stm32f10x_rcc.o(i.RCC_ADCCLKConfig)
    RCC_AHBPeriphClockCmd                    0x080029e9   Thumb Code    26  stm32f10x_rcc.o(i.RCC_AHBPeriphClockCmd)
    RCC_APB1PeriphClockCmd                   0x08002a09   Thumb Code    26  stm32f10x_rcc.o(i.RCC_APB1PeriphClockCmd)
    RCC_APB1PeriphResetCmd                   0x08002a29   Thumb Code    26  stm32f10x_rcc.o(i.RCC_APB1PeriphResetCmd)
    RCC_APB2PeriphClockCmd                   0x08002a49   Thumb Code    26  stm32f10x_rcc.o(i.RCC_APB2PeriphClockCmd)
    RCC_APB2PeriphResetCmd                   0x08002a69   Thumb Code    26  stm32f10x_rcc.o(i.RCC_APB2PeriphResetCmd)
    RCC_GetClocksFreq                        0x08002a89   Thumb Code   192  stm32f10x_rcc.o(i.RCC_GetClocksFreq)
    SVC_Handler                              0x08002b5d   Thumb Code     2  stm32f10x_it.o(i.SVC_Handler)
    SysTick_Handler                          0x08002c49   Thumb Code     2  stm32f10x_it.o(i.SysTick_Handler)
    SystemInit                               0x08002c4d   Thumb Code    78  system_stm32f10x.o(i.SystemInit)
    TIM4_IRQHandler                          0x08002cad   Thumb Code    26  stm32f10x_it.o(i.TIM4_IRQHandler)
    TIM4_Init                                0x08002ccd   Thumb Code   106  timer4.o(i.TIM4_Init)
    TIM_ClearITPendingBit                    0x08002d3d   Thumb Code     6  stm32f10x_tim.o(i.TIM_ClearITPendingBit)
    TIM_Cmd                                  0x08002d43   Thumb Code    24  stm32f10x_tim.o(i.TIM_Cmd)
    TIM_GetITStatus                          0x08002d5b   Thumb Code    34  stm32f10x_tim.o(i.TIM_GetITStatus)
    TIM_ITConfig                             0x08002d7d   Thumb Code    18  stm32f10x_tim.o(i.TIM_ITConfig)
    TIM_TimeBaseInit                         0x08002d91   Thumb Code   122  stm32f10x_tim.o(i.TIM_TimeBaseInit)
    USART1_IRQHandler                        0x08002e35   Thumb Code    48  stm32f10x_it.o(i.USART1_IRQHandler)
    USART2_IRQHandler                        0x08002e6d   Thumb Code    48  stm32f10x_it.o(i.USART2_IRQHandler)
    USART_ClearFlag                          0x08002ea1   Thumb Code    18  stm32f10x_usart.o(i.USART_ClearFlag)
    USART_ClearITPendingBit                  0x08002eb3   Thumb Code    30  stm32f10x_usart.o(i.USART_ClearITPendingBit)
    USART_Cmd                                0x08002ed1   Thumb Code    24  stm32f10x_usart.o(i.USART_Cmd)
    USART_DeInit                             0x08002ee9   Thumb Code   134  stm32f10x_usart.o(i.USART_DeInit)
    USART_GetFlagStatus                      0x08002f85   Thumb Code    26  stm32f10x_usart.o(i.USART_GetFlagStatus)
    USART_GetITStatus                        0x08002f9f   Thumb Code    84  stm32f10x_usart.o(i.USART_GetITStatus)
    USART_ITConfig                           0x08002ff3   Thumb Code    74  stm32f10x_usart.o(i.USART_ITConfig)
    USART_Init                               0x0800303d   Thumb Code   210  stm32f10x_usart.o(i.USART_Init)
    USART_ReceiveData                        0x08003115   Thumb Code    10  stm32f10x_usart.o(i.USART_ReceiveData)
    USART_SendData                           0x0800311f   Thumb Code     8  stm32f10x_usart.o(i.USART_SendData)
    UsageFault_Handler                       0x08003127   Thumb Code     4  stm32f10x_it.o(i.UsageFault_Handler)
    Usart1_Init                              0x0800312d   Thumb Code   150  usart1.o(i.Usart1_Init)
    Usart2_Init                              0x080031cd   Thumb Code   176  usart2.o(i.Usart2_Init)
    __ARM_fpclassify                         0x08003285   Thumb Code    40  fpclassify.o(i.__ARM_fpclassify)
    _is_digit                                0x080032ad   Thumb Code    14  __printf_wp.o(i._is_digit)
    adc_to_ppm                               0x080032bd   Thumb Code    92  main.o(i.adc_to_ppm)
    check_alarm_conditions                   0x08003329   Thumb Code   150  main.o(i.check_alarm_conditions)
    delay_ms                                 0x080033d9   Thumb Code    24  delay.o(i.delay_ms)
    delay_us                                 0x080033f1   Thumb Code    46  delay.o(i.delay_us)
    exchangeBytes                            0x0800341f   Thumb Code    26  common.o(i.exchangeBytes)
    exchangeWord                             0x08003439   Thumb Code    26  common.o(i.exchangeWord)
    gizAcrossByteJudge                       0x08003453   Thumb Code    42  datapointtools.o(i.gizAcrossByteJudge)
    gizByteOrderExchange                     0x0800347d   Thumb Code    50  datapointtools.o(i.gizByteOrderExchange)
    gizGetTimerCount                         0x080038ad   Thumb Code     6  gizwits_product.o(i.gizGetTimerCount)
    gizProtocolSum                           0x08004721   Thumb Code    38  common.o(i.gizProtocolSum)
    gizPutData                               0x080047f5   Thumb Code    52  gizwits_protocol.o(i.gizPutData)
    gizStandardCompressValue                 0x0800493d   Thumb Code   128  datapointtools.o(i.gizStandardCompressValue)
    gizStandardDecompressionValue            0x080049bd   Thumb Code   194  datapointtools.o(i.gizStandardDecompressionValue)
    gizTimerMs                               0x08004a81   Thumb Code    12  gizwits_product.o(i.gizTimerMs)
    gizY2X                                   0x08004a91   Thumb Code    14  datapointtools.o(i.gizY2X)
    gizY2XFloat                              0x08004a9f   Thumb Code    42  datapointtools.o(i.gizY2XFloat)
    gizwitsEventProcess                      0x08004ac9   Thumb Code   258  gizwits_product.o(i.gizwitsEventProcess)
    gizwitsHandle                            0x08004c81   Thumb Code   548  gizwits_protocol.o(i.gizwitsHandle)
    gizwitsInit                              0x08004fa1   Thumb Code    46  gizwits_protocol.o(i.gizwitsInit)
    gizwitsSetMode                           0x08005005   Thumb Code   552  gizwits_protocol.o(i.gizwitsSetMode)
    main                                     0x08005265   Thumb Code   304  main.o(i.main)
    mcuRestart                               0x080053bd   Thumb Code    38  gizwits_product.o(i.mcuRestart)
    rbCanRead                                0x080053ed   Thumb Code    56  ringbuffer.o(i.rbCanRead)
    rbCanWrite                               0x08005425   Thumb Code    30  ringbuffer.o(i.rbCanWrite)
    rbCapacity                               0x08005443   Thumb Code    14  ringbuffer.o(i.rbCapacity)
    rbCreate                                 0x08005451   Thumb Code    22  ringbuffer.o(i.rbCreate)
    rbRead                                   0x08005467   Thumb Code   162  ringbuffer.o(i.rbRead)
    rbWrite                                  0x08005509   Thumb Code   154  ringbuffer.o(i.rbWrite)
    u1_printf                                0x080055a5   Thumb Code    72  usart1.o(i.u1_printf)
    uartWrite                                0x080055f5   Thumb Code    82  gizwits_product.o(i.uartWrite)
    update_main_display                      0x0800564d   Thumb Code   178  main.o(i.update_main_display)
    update_threshold_display                 0x08005745   Thumb Code    58  main.o(i.update_threshold_display)
    userHandle                               0x080057c1   Thumb Code    44  gizwits_product.o(i.userHandle)
    userInit                                 0x08005805   Thumb Code    40  gizwits_product.o(i.userInit)
    _get_lc_ctype                            0x08005831   Thumb Code    44  lc_ctype_c.o(locale$$code)
    _get_lc_numeric                          0x0800585d   Thumb Code    44  lc_numeric_c.o(locale$$code)
    __aeabi_d2f                              0x08005889   Thumb Code     0  d2f.o(x$fpl$d2f)
    _d2f                                     0x08005889   Thumb Code    98  d2f.o(x$fpl$d2f)
    __aeabi_dadd                             0x080058ed   Thumb Code     0  daddsub_clz.o(x$fpl$dadd)
    _dadd                                    0x080058ed   Thumb Code   332  daddsub_clz.o(x$fpl$dadd)
    __aeabi_ddiv                             0x08005a3d   Thumb Code     0  ddiv.o(x$fpl$ddiv)
    _ddiv                                    0x08005a3d   Thumb Code   552  ddiv.o(x$fpl$ddiv)
    __aeabi_dmul                             0x08005ced   Thumb Code     0  dmul.o(x$fpl$dmul)
    _dmul                                    0x08005ced   Thumb Code   332  dmul.o(x$fpl$dmul)
    __fpl_dnaninf                            0x08005e41   Thumb Code   156  dnaninf.o(x$fpl$dnaninf)
    __fpl_dretinf                            0x08005edd   Thumb Code    12  dretinf.o(x$fpl$dretinf)
    __aeabi_dsub                             0x08005ee9   Thumb Code     0  daddsub_clz.o(x$fpl$dsub)
    _dsub                                    0x08005ee9   Thumb Code   464  daddsub_clz.o(x$fpl$dsub)
    __aeabi_f2d                              0x080060bd   Thumb Code     0  f2d.o(x$fpl$f2d)
    _f2d                                     0x080060bd   Thumb Code    86  f2d.o(x$fpl$f2d)
    __aeabi_fadd                             0x08006115   Thumb Code     0  faddsub_clz.o(x$fpl$fadd)
    _fadd                                    0x08006115   Thumb Code   196  faddsub_clz.o(x$fpl$fadd)
    __fpl_fcmp_Inf                           0x080061d9   Thumb Code    24  fcmpi.o(x$fpl$fcmpinf)
    __aeabi_fdiv                             0x080061f1   Thumb Code     0  fdiv.o(x$fpl$fdiv)
    _fdiv                                    0x080061f1   Thumb Code   384  fdiv.o(x$fpl$fdiv)
    __aeabi_cfcmpeq                          0x08006375   Thumb Code     0  feqf.o(x$fpl$feqf)
    _fcmpeq                                  0x08006375   Thumb Code   104  feqf.o(x$fpl$feqf)
    __aeabi_f2uiz                            0x080063dd   Thumb Code     0  ffixu.o(x$fpl$ffixu)
    _ffixu                                   0x080063dd   Thumb Code    62  ffixu.o(x$fpl$ffixu)
    __aeabi_i2f                              0x0800641d   Thumb Code     0  fflt_clz.o(x$fpl$fflt)
    _fflt                                    0x0800641d   Thumb Code    48  fflt_clz.o(x$fpl$fflt)
    __aeabi_ui2f                             0x0800644d   Thumb Code     0  fflt_clz.o(x$fpl$ffltu)
    _ffltu                                   0x0800644d   Thumb Code    38  fflt_clz.o(x$fpl$ffltu)
    __aeabi_cfcmple                          0x08006475   Thumb Code     0  fleqf.o(x$fpl$fleqf)
    _fcmple                                  0x08006475   Thumb Code   104  fleqf.o(x$fpl$fleqf)
    __fpl_fcmple_InfNaN                      0x080064c7   Thumb Code     0  fleqf.o(x$fpl$fleqf)
    __aeabi_fmul                             0x080064dd   Thumb Code     0  fmul.o(x$fpl$fmul)
    _fmul                                    0x080064dd   Thumb Code   258  fmul.o(x$fpl$fmul)
    __fpl_fnaninf                            0x080065df   Thumb Code   140  fnaninf.o(x$fpl$fnaninf)
    __fpl_fretinf                            0x0800666b   Thumb Code    10  fretinf.o(x$fpl$fretinf)
    __aeabi_cfrcmple                         0x08006675   Thumb Code     0  frleqf.o(x$fpl$frleqf)
    _frcmple                                 0x08006675   Thumb Code    98  frleqf.o(x$fpl$frleqf)
    __aeabi_fsub                             0x080066d9   Thumb Code     0  faddsub_clz.o(x$fpl$fsub)
    _fsub                                    0x080066d9   Thumb Code   234  faddsub_clz.o(x$fpl$fsub)
    _printf_fp_dec                           0x080067c3   Thumb Code     4  printf1.o(x$fpl$printf1)
    _printf_fp_hex                           0x080067c7   Thumb Code     4  printf2.o(x$fpl$printf2)
    OLED_F8x16                               0x080067ca   Data        1520  oled.o(.constdata)
    __I$use$fp                               0x080067ca   Number         0  usenofp.o(x$fpl$usenofp)
    Region$$Table$$Base                      0x08006eb8   Number         0  anon$$obj.o(Region$$Table)
    Region$$Table$$Limit                     0x08006ed8   Number         0  anon$$obj.o(Region$$Table)
    __ctype                                  0x08006ee5   Data           0  lc_ctype_c.o(locale$$data)
    g_temp                                   0x20000000   Data           1  main.o(.data)
    g_humi                                   0x20000001   Data           1  main.o(.data)
    g_PM25                                   0x20000004   Data           4  main.o(.data)
    g_MQ2                                    0x20000008   Data           4  main.o(.data)
    g_MQ135                                  0x2000000c   Data           4  main.o(.data)
    threshold                                0x20000010   Data           4  main.o(.data)
    in_threshold_menu                        0x20000014   Data           1  main.o(.data)
    Usart1_RxCompleted                       0x2000001c   Data           1  usart1.o(.data)
    Usart1_RxCounter                         0x20000020   Data           4  usart1.o(.data)
    AD_Value                                 0x2000003e   Data           8  ad.o(.data)
    Usart1_RxBuff                            0x20000060   Data        1024  usart1.o(.bss)
    USART1_TxBuff                            0x20000460   Data        1024  usart1.o(.bss)
    currentDataPoint                         0x20000875   Data          22  gizwits_product.o(.bss)
    gizwitsProtocol                          0x2000088c   Data         444  gizwits_protocol.o(.bss)
    pRb                                      0x20000a48   Data          16  gizwits_protocol.o(.bss)
    __libspace_start                         0x20000adc   Data          96  libspace.o(.bss)
    __temporary_stack_top$libspace           0x20000b3c   Data           0  libspace.o(.bss)



==============================================================================

Memory Map of the image

  Image Entry point : 0x08000121

  Load Region LR_IROM1 (Base: 0x08000000, Size: 0x00007060, Max: 0x00010000, ABSOLUTE)

    Execution Region ER_IROM1 (Exec base: 0x08000000, Load base: 0x08000000, Size: 0x00007004, Max: 0x00010000, ABSOLUTE)

    Exec Addr    Load Addr    Size         Type   Attr      Idx    E Section Name        Object

    0x08000000   0x08000000   0x00000120   Data   RO          525    RESET               startup_stm32f10x_md_vl.o
    0x08000120   0x08000120   0x00000008   Code   RO         4449  * !!!main             c_w.l(__main.o)
    0x08000128   0x08000128   0x00000034   Code   RO         4869    !!!scatter          c_w.l(__scatter.o)
    0x0800015c   0x0800015c   0x0000001a   Code   RO         4871    !!handler_copy      c_w.l(__scatter_copy.o)
    0x08000176   0x08000176   0x00000002   PAD
    0x08000178   0x08000178   0x0000001c   Code   RO         4873    !!handler_zi        c_w.l(__scatter_zi.o)
    0x08000194   0x08000194   0x00000000   Code   RO         4591    .ARM.Collect$$_printf_percent$$00000000  c_w.l(_printf_percent.o)
    0x08000194   0x08000194   0x00000006   Code   RO         4580    .ARM.Collect$$_printf_percent$$00000001  c_w.l(_printf_n.o)
    0x0800019a   0x0800019a   0x00000006   Code   RO         4582    .ARM.Collect$$_printf_percent$$00000002  c_w.l(_printf_p.o)
    0x080001a0   0x080001a0   0x00000006   Code   RO         4587    .ARM.Collect$$_printf_percent$$00000003  c_w.l(_printf_f.o)
    0x080001a6   0x080001a6   0x00000006   Code   RO         4588    .ARM.Collect$$_printf_percent$$00000004  c_w.l(_printf_e.o)
    0x080001ac   0x080001ac   0x00000006   Code   RO         4589    .ARM.Collect$$_printf_percent$$00000005  c_w.l(_printf_g.o)
    0x080001b2   0x080001b2   0x00000006   Code   RO         4590    .ARM.Collect$$_printf_percent$$00000006  c_w.l(_printf_a.o)
    0x080001b8   0x080001b8   0x0000000a   Code   RO         4595    .ARM.Collect$$_printf_percent$$00000007  c_w.l(_printf_ll.o)
    0x080001c2   0x080001c2   0x00000006   Code   RO         4584    .ARM.Collect$$_printf_percent$$00000008  c_w.l(_printf_i.o)
    0x080001c8   0x080001c8   0x00000006   Code   RO         4585    .ARM.Collect$$_printf_percent$$00000009  c_w.l(_printf_d.o)
    0x080001ce   0x080001ce   0x00000006   Code   RO         4586    .ARM.Collect$$_printf_percent$$0000000A  c_w.l(_printf_u.o)
    0x080001d4   0x080001d4   0x00000006   Code   RO         4583    .ARM.Collect$$_printf_percent$$0000000B  c_w.l(_printf_o.o)
    0x080001da   0x080001da   0x00000006   Code   RO         4581    .ARM.Collect$$_printf_percent$$0000000C  c_w.l(_printf_x.o)
    0x080001e0   0x080001e0   0x00000006   Code   RO         4592    .ARM.Collect$$_printf_percent$$0000000D  c_w.l(_printf_lli.o)
    0x080001e6   0x080001e6   0x00000006   Code   RO         4593    .ARM.Collect$$_printf_percent$$0000000E  c_w.l(_printf_lld.o)
    0x080001ec   0x080001ec   0x00000006   Code   RO         4594    .ARM.Collect$$_printf_percent$$0000000F  c_w.l(_printf_llu.o)
    0x080001f2   0x080001f2   0x00000006   Code   RO         4599    .ARM.Collect$$_printf_percent$$00000010  c_w.l(_printf_llo.o)
    0x080001f8   0x080001f8   0x00000006   Code   RO         4600    .ARM.Collect$$_printf_percent$$00000011  c_w.l(_printf_llx.o)
    0x080001fe   0x080001fe   0x0000000a   Code   RO         4596    .ARM.Collect$$_printf_percent$$00000012  c_w.l(_printf_l.o)
    0x08000208   0x08000208   0x00000006   Code   RO         4578    .ARM.Collect$$_printf_percent$$00000013  c_w.l(_printf_c.o)
    0x0800020e   0x0800020e   0x00000006   Code   RO         4579    .ARM.Collect$$_printf_percent$$00000014  c_w.l(_printf_s.o)
    0x08000214   0x08000214   0x00000006   Code   RO         4597    .ARM.Collect$$_printf_percent$$00000015  c_w.l(_printf_lc.o)
    0x0800021a   0x0800021a   0x00000006   Code   RO         4598    .ARM.Collect$$_printf_percent$$00000016  c_w.l(_printf_ls.o)
    0x08000220   0x08000220   0x00000004   Code   RO         4684    .ARM.Collect$$_printf_percent$$00000017  c_w.l(_printf_percent_end.o)
    0x08000224   0x08000224   0x00000002   Code   RO         4736    .ARM.Collect$$libinit$$00000000  c_w.l(libinit.o)
    0x08000226   0x08000226   0x00000000   Code   RO         4738    .ARM.Collect$$libinit$$00000002  c_w.l(libinit2.o)
    0x08000226   0x08000226   0x00000000   Code   RO         4740    .ARM.Collect$$libinit$$00000004  c_w.l(libinit2.o)
    0x08000226   0x08000226   0x00000000   Code   RO         4743    .ARM.Collect$$libinit$$0000000A  c_w.l(libinit2.o)
    0x08000226   0x08000226   0x00000000   Code   RO         4745    .ARM.Collect$$libinit$$0000000C  c_w.l(libinit2.o)
    0x08000226   0x08000226   0x00000000   Code   RO         4747    .ARM.Collect$$libinit$$0000000E  c_w.l(libinit2.o)
    0x08000226   0x08000226   0x00000006   Code   RO         4748    .ARM.Collect$$libinit$$0000000F  c_w.l(libinit2.o)
    0x0800022c   0x0800022c   0x00000000   Code   RO         4750    .ARM.Collect$$libinit$$00000011  c_w.l(libinit2.o)
    0x0800022c   0x0800022c   0x0000000c   Code   RO         4751    .ARM.Collect$$libinit$$00000012  c_w.l(libinit2.o)
    0x08000238   0x08000238   0x00000000   Code   RO         4752    .ARM.Collect$$libinit$$00000013  c_w.l(libinit2.o)
    0x08000238   0x08000238   0x00000000   Code   RO         4754    .ARM.Collect$$libinit$$00000015  c_w.l(libinit2.o)
    0x08000238   0x08000238   0x0000000a   Code   RO         4755    .ARM.Collect$$libinit$$00000016  c_w.l(libinit2.o)
    0x08000242   0x08000242   0x00000000   Code   RO         4756    .ARM.Collect$$libinit$$00000017  c_w.l(libinit2.o)
    0x08000242   0x08000242   0x00000000   Code   RO         4758    .ARM.Collect$$libinit$$00000019  c_w.l(libinit2.o)
    0x08000242   0x08000242   0x00000000   Code   RO         4760    .ARM.Collect$$libinit$$0000001B  c_w.l(libinit2.o)
    0x08000242   0x08000242   0x00000000   Code   RO         4762    .ARM.Collect$$libinit$$0000001D  c_w.l(libinit2.o)
    0x08000242   0x08000242   0x00000000   Code   RO         4764    .ARM.Collect$$libinit$$0000001F  c_w.l(libinit2.o)
    0x08000242   0x08000242   0x00000000   Code   RO         4766    .ARM.Collect$$libinit$$00000021  c_w.l(libinit2.o)
    0x08000242   0x08000242   0x00000000   Code   RO         4768    .ARM.Collect$$libinit$$00000023  c_w.l(libinit2.o)
    0x08000242   0x08000242   0x00000000   Code   RO         4770    .ARM.Collect$$libinit$$00000025  c_w.l(libinit2.o)
    0x08000242   0x08000242   0x00000000   Code   RO         4774    .ARM.Collect$$libinit$$0000002C  c_w.l(libinit2.o)
    0x08000242   0x08000242   0x00000000   Code   RO         4776    .ARM.Collect$$libinit$$0000002E  c_w.l(libinit2.o)
    0x08000242   0x08000242   0x00000000   Code   RO         4778    .ARM.Collect$$libinit$$00000030  c_w.l(libinit2.o)
    0x08000242   0x08000242   0x00000000   Code   RO         4780    .ARM.Collect$$libinit$$00000032  c_w.l(libinit2.o)
    0x08000242   0x08000242   0x00000002   Code   RO         4781    .ARM.Collect$$libinit$$00000033  c_w.l(libinit2.o)
    0x08000244   0x08000244   0x00000002   Code   RO         4817    .ARM.Collect$$libshutdown$$00000000  c_w.l(libshutdown.o)
    0x08000246   0x08000246   0x00000000   Code   RO         4828    .ARM.Collect$$libshutdown$$00000002  c_w.l(libshutdown2.o)
    0x08000246   0x08000246   0x00000000   Code   RO         4830    .ARM.Collect$$libshutdown$$00000004  c_w.l(libshutdown2.o)
    0x08000246   0x08000246   0x00000000   Code   RO         4833    .ARM.Collect$$libshutdown$$00000007  c_w.l(libshutdown2.o)
    0x08000246   0x08000246   0x00000000   Code   RO         4836    .ARM.Collect$$libshutdown$$0000000A  c_w.l(libshutdown2.o)
    0x08000246   0x08000246   0x00000000   Code   RO         4838    .ARM.Collect$$libshutdown$$0000000C  c_w.l(libshutdown2.o)
    0x08000246   0x08000246   0x00000000   Code   RO         4841    .ARM.Collect$$libshutdown$$0000000F  c_w.l(libshutdown2.o)
    0x08000246   0x08000246   0x00000002   Code   RO         4842    .ARM.Collect$$libshutdown$$00000010  c_w.l(libshutdown2.o)
    0x08000248   0x08000248   0x00000000   Code   RO         4505    .ARM.Collect$$rtentry$$00000000  c_w.l(__rtentry.o)
    0x08000248   0x08000248   0x00000000   Code   RO         4645    .ARM.Collect$$rtentry$$00000002  c_w.l(__rtentry2.o)
    0x08000248   0x08000248   0x00000006   Code   RO         4657    .ARM.Collect$$rtentry$$00000004  c_w.l(__rtentry4.o)
    0x0800024e   0x0800024e   0x00000000   Code   RO         4647    .ARM.Collect$$rtentry$$00000009  c_w.l(__rtentry2.o)
    0x0800024e   0x0800024e   0x00000004   Code   RO         4648    .ARM.Collect$$rtentry$$0000000A  c_w.l(__rtentry2.o)
    0x08000252   0x08000252   0x00000000   Code   RO         4650    .ARM.Collect$$rtentry$$0000000C  c_w.l(__rtentry2.o)
    0x08000252   0x08000252   0x00000008   Code   RO         4651    .ARM.Collect$$rtentry$$0000000D  c_w.l(__rtentry2.o)
    0x0800025a   0x0800025a   0x00000002   Code   RO         4786    .ARM.Collect$$rtexit$$00000000  c_w.l(rtexit.o)
    0x0800025c   0x0800025c   0x00000000   Code   RO         4795    .ARM.Collect$$rtexit$$00000002  c_w.l(rtexit2.o)
    0x0800025c   0x0800025c   0x00000004   Code   RO         4796    .ARM.Collect$$rtexit$$00000003  c_w.l(rtexit2.o)
    0x08000260   0x08000260   0x00000006   Code   RO         4797    .ARM.Collect$$rtexit$$00000004  c_w.l(rtexit2.o)
    0x08000266   0x08000266   0x00000002   PAD
    0x08000268   0x08000268   0x00000040   Code   RO          526    .text               startup_stm32f10x_md_vl.o
    0x080002a8   0x080002a8   0x00000024   Code   RO         4435    .text               c_w.l(vsprintf.o)
    0x080002cc   0x080002cc   0x0000003e   Code   RO         4437    .text               c_w.l(strlen.o)
    0x0800030a   0x0800030a   0x0000008a   Code   RO         4439    .text               c_w.l(rt_memcpy_v6.o)
    0x08000394   0x08000394   0x00000064   Code   RO         4441    .text               c_w.l(rt_memcpy_w.o)
    0x080003f8   0x080003f8   0x00000044   Code   RO         4443    .text               c_w.l(rt_memclr.o)
    0x0800043c   0x0800043c   0x0000004e   Code   RO         4445    .text               c_w.l(rt_memclr_w.o)
    0x0800048a   0x0800048a   0x00000006   Code   RO         4447    .text               c_w.l(heapauxi.o)
    0x08000490   0x08000490   0x00000010   Code   RO         4506    .text               c_w.l(rt_ctype_table.o)
    0x080004a0   0x080004a0   0x0000004e   Code   RO         4512    .text               c_w.l(_printf_pad.o)
    0x080004ee   0x080004ee   0x00000024   Code   RO         4514    .text               c_w.l(_printf_truncate.o)
    0x08000512   0x08000512   0x00000052   Code   RO         4516    .text               c_w.l(_printf_str.o)
    0x08000564   0x08000564   0x00000078   Code   RO         4518    .text               c_w.l(_printf_dec.o)
    0x080005dc   0x080005dc   0x00000028   Code   RO         4520    .text               c_w.l(_printf_charcount.o)
    0x08000604   0x08000604   0x00000030   Code   RO         4522    .text               c_w.l(_printf_char_common.o)
    0x08000634   0x08000634   0x0000000a   Code   RO         4524    .text               c_w.l(_sputc.o)
    0x0800063e   0x0800063e   0x00000002   PAD
    0x08000640   0x08000640   0x000000bc   Code   RO         4526    .text               c_w.l(_printf_wctomb.o)
    0x080006fc   0x080006fc   0x0000007c   Code   RO         4529    .text               c_w.l(_printf_longlong_dec.o)
    0x08000778   0x08000778   0x00000070   Code   RO         4535    .text               c_w.l(_printf_oct_int_ll.o)
    0x080007e8   0x080007e8   0x00000094   Code   RO         4555    .text               c_w.l(_printf_hex_int_ll_ptr.o)
    0x0800087c   0x0800087c   0x00000188   Code   RO         4575    .text               c_w.l(__printf_flags_ss_wp.o)
    0x08000a04   0x08000a04   0x00000008   Code   RO         4662    .text               c_w.l(rt_locale_intlibspace.o)
    0x08000a0c   0x08000a0c   0x0000008a   Code   RO         4669    .text               c_w.l(lludiv10.o)
    0x08000a96   0x08000a96   0x000000b2   Code   RO         4671    .text               c_w.l(_printf_intcommon.o)
    0x08000b48   0x08000b48   0x0000041e   Code   RO         4673    .text               c_w.l(_printf_fp_dec.o)
    0x08000f66   0x08000f66   0x00000002   PAD
    0x08000f68   0x08000f68   0x000002fc   Code   RO         4675    .text               c_w.l(_printf_fp_hex.o)
    0x08001264   0x08001264   0x0000002c   Code   RO         4680    .text               c_w.l(_printf_char.o)
    0x08001290   0x08001290   0x0000002c   Code   RO         4682    .text               c_w.l(_printf_wchar.o)
    0x080012bc   0x080012bc   0x00000040   Code   RO         4685    .text               c_w.l(_wcrtomb.o)
    0x080012fc   0x080012fc   0x00000008   Code   RO         4692    .text               c_w.l(libspace.o)
    0x08001304   0x08001304   0x0000004a   Code   RO         4695    .text               c_w.l(sys_stackheap_outer.o)
    0x0800134e   0x0800134e   0x00000002   PAD
    0x08001350   0x08001350   0x00000080   Code   RO         4697    .text               c_w.l(_printf_fp_infnan.o)
    0x080013d0   0x080013d0   0x000000e4   Code   RO         4699    .text               c_w.l(bigflt0.o)
    0x080014b4   0x080014b4   0x00000012   Code   RO         4727    .text               c_w.l(exit.o)
    0x080014c6   0x080014c6   0x00000002   PAD
    0x080014c8   0x080014c8   0x00000080   Code   RO         4729    .text               c_w.l(strcmpv7m.o)
    0x08001548   0x08001548   0x0000000c   Code   RO         4807    .text               c_w.l(sys_exit.o)
    0x08001554   0x08001554   0x00000002   Code   RO         4818    .text               c_w.l(use_no_semi.o)
    0x08001556   0x08001556   0x00000000   Code   RO         4820    .text               c_w.l(indicate_semi.o)
    0x08001556   0x08001556   0x0000003e   Code   RO         4702    CL$$btod_d2e        c_w.l(btod.o)
    0x08001594   0x08001594   0x00000046   Code   RO         4704    CL$$btod_d2e_denorm_low  c_w.l(btod.o)
    0x080015da   0x080015da   0x00000060   Code   RO         4703    CL$$btod_d2e_norm_op1  c_w.l(btod.o)
    0x0800163a   0x0800163a   0x00000338   Code   RO         4712    CL$$btod_div_common  c_w.l(btod.o)
    0x08001972   0x08001972   0x000000dc   Code   RO         4709    CL$$btod_e2e        c_w.l(btod.o)
    0x08001a4e   0x08001a4e   0x0000002a   Code   RO         4706    CL$$btod_ediv       c_w.l(btod.o)
    0x08001a78   0x08001a78   0x0000002a   Code   RO         4705    CL$$btod_emul       c_w.l(btod.o)
    0x08001aa2   0x08001aa2   0x00000244   Code   RO         4711    CL$$btod_mult_common  c_w.l(btod.o)
    0x08001ce6   0x08001ce6   0x00000016   Code   RO          628    i.ADC_Cmd           stm32f10x_adc.o
    0x08001cfc   0x08001cfc   0x00000016   Code   RO          629    i.ADC_DMACmd        stm32f10x_adc.o
    0x08001d12   0x08001d12   0x00000014   Code   RO          636    i.ADC_GetCalibrationStatus  stm32f10x_adc.o
    0x08001d26   0x08001d26   0x00000014   Code   RO          642    i.ADC_GetResetCalibrationStatus  stm32f10x_adc.o
    0x08001d3a   0x08001d3a   0x00000002   PAD
    0x08001d3c   0x08001d3c   0x00000050   Code   RO          646    i.ADC_Init          stm32f10x_adc.o
    0x08001d8c   0x08001d8c   0x000000b8   Code   RO          650    i.ADC_RegularChannelConfig  stm32f10x_adc.o
    0x08001e44   0x08001e44   0x0000000a   Code   RO          651    i.ADC_ResetCalibration  stm32f10x_adc.o
    0x08001e4e   0x08001e4e   0x00000016   Code   RO          653    i.ADC_SoftwareStartConvCmd  stm32f10x_adc.o
    0x08001e64   0x08001e64   0x0000000a   Code   RO          655    i.ADC_StartCalibration  stm32f10x_adc.o
    0x08001e6e   0x08001e6e   0x00000002   PAD
    0x08001e70   0x08001e70   0x0000010c   Code   RO         3985    i.AD_Init           ad.o
    0x08001f7c   0x08001f7c   0x00000030   Code   RO         3620    i.BEEP_Init         beep.o
    0x08001fac   0x08001fac   0x00000014   Code   RO         3621    i.BEEP_Off          beep.o
    0x08001fc0   0x08001fc0   0x00000014   Code   RO         3622    i.BEEP_On           beep.o
    0x08001fd4   0x08001fd4   0x00000004   Code   RO            1    i.BusFault_Handler  stm32f10x_it.o
    0x08001fd8   0x08001fd8   0x0000005c   Code   RO         3791    i.DHT11_Check       dht11.o
    0x08002034   0x08002034   0x00000040   Code   RO         3792    i.DHT11_Init        dht11.o
    0x08002074   0x08002074   0x00000038   Code   RO         3793    i.DHT11_Mode        dht11.o
    0x080020ac   0x080020ac   0x0000005c   Code   RO         3794    i.DHT11_Read_Bit    dht11.o
    0x08002108   0x08002108   0x0000001e   Code   RO         3795    i.DHT11_Read_Byte   dht11.o
    0x08002126   0x08002126   0x00000058   Code   RO         3796    i.DHT11_Read_Data   dht11.o
    0x0800217e   0x0800217e   0x00000002   PAD
    0x08002180   0x08002180   0x00000030   Code   RO         3797    i.DHT11_Rst         dht11.o
    0x080021b0   0x080021b0   0x00000018   Code   RO         1334    i.DMA_Cmd           stm32f10x_dma.o
    0x080021c8   0x080021c8   0x0000003c   Code   RO         1340    i.DMA_Init          stm32f10x_dma.o
    0x08002204   0x08002204   0x00000002   Code   RO            2    i.DebugMon_Handler  stm32f10x_it.o
    0x08002206   0x08002206   0x00000002   PAD
    0x08002208   0x08002208   0x00000030   Code   RO         3953    i.FAN_Init          fan.o
    0x08002238   0x08002238   0x00000014   Code   RO         3954    i.FAN_Off           fan.o
    0x0800224c   0x0800224c   0x00000014   Code   RO         3955    i.FAN_On            fan.o
    0x08002260   0x08002260   0x00000022   Code   RO         3842    i.FucCheckSum       pm25.o
    0x08002282   0x08002282   0x00000116   Code   RO         1770    i.GPIO_Init         stm32f10x_gpio.o
    0x08002398   0x08002398   0x00000012   Code   RO         1774    i.GPIO_ReadInputDataBit  stm32f10x_gpio.o
    0x080023aa   0x080023aa   0x00000004   Code   RO         1777    i.GPIO_ResetBits    stm32f10x_gpio.o
    0x080023ae   0x080023ae   0x00000004   Code   RO         1778    i.GPIO_SetBits      stm32f10x_gpio.o
    0x080023b2   0x080023b2   0x0000000a   Code   RO         1781    i.GPIO_WriteBit     stm32f10x_gpio.o
    0x080023bc   0x080023bc   0x00000004   Code   RO            3    i.HardFault_Handler  stm32f10x_it.o
    0x080023c0   0x080023c0   0x0000002c   Code   RO         3652    i.Key_Init          keys.o
    0x080023ec   0x080023ec   0x000000b4   Code   RO         3653    i.Key_Scan          keys.o
    0x080024a0   0x080024a0   0x00000004   Code   RO            4    i.MemManage_Handler  stm32f10x_it.o
    0x080024a4   0x080024a4   0x00000002   Code   RO            5    i.NMI_Handler       stm32f10x_it.o
    0x080024a6   0x080024a6   0x00000002   PAD
    0x080024a8   0x080024a8   0x00000070   Code   RO          583    i.NVIC_Init         misc.o
    0x08002518   0x08002518   0x00000014   Code   RO          584    i.NVIC_PriorityGroupConfig  misc.o
    0x0800252c   0x0800252c   0x0000002a   Code   RO         3674    i.OLED_Clear        oled.o
    0x08002556   0x08002556   0x00000002   PAD
    0x08002558   0x08002558   0x0000004c   Code   RO         3676    i.OLED_I2C_Init     oled.o
    0x080025a4   0x080025a4   0x00000050   Code   RO         3677    i.OLED_I2C_SendByte  oled.o
    0x080025f4   0x080025f4   0x00000030   Code   RO         3678    i.OLED_I2C_Start    oled.o
    0x08002624   0x08002624   0x00000028   Code   RO         3679    i.OLED_I2C_Stop     oled.o
    0x0800264c   0x0800264c   0x000000ae   Code   RO         3680    i.OLED_Init         oled.o
    0x080026fa   0x080026fa   0x00000014   Code   RO         3681    i.OLED_Pow          oled.o
    0x0800270e   0x0800270e   0x00000022   Code   RO         3682    i.OLED_SetCursor    oled.o
    0x08002730   0x08002730   0x00000074   Code   RO         3684    i.OLED_ShowChar     oled.o
    0x080027a4   0x080027a4   0x00000044   Code   RO         3686    i.OLED_ShowNum      oled.o
    0x080027e8   0x080027e8   0x00000028   Code   RO         3688    i.OLED_ShowString   oled.o
    0x08002810   0x08002810   0x00000020   Code   RO         3689    i.OLED_WriteCommand  oled.o
    0x08002830   0x08002830   0x00000020   Code   RO         3690    i.OLED_WriteData    oled.o
    0x08002850   0x08002850   0x00000010   Code   RO         3843    i.PM25_GetCurrentData  pm25.o
    0x08002860   0x08002860   0x00000010   Code   RO         3844    i.PM25_Init         pm25.o
    0x08002870   0x08002870   0x00000060   Code   RO         3845    i.PM25_ReceiveHandler  pm25.o
    0x080028d0   0x080028d0   0x000000fc   Code   RO         3846    i.ParsePM25Data     pm25.o
    0x080029cc   0x080029cc   0x00000002   Code   RO            6    i.PendSV_Handler    stm32f10x_it.o
    0x080029ce   0x080029ce   0x00000002   PAD
    0x080029d0   0x080029d0   0x00000018   Code   RO         2196    i.RCC_ADCCLKConfig  stm32f10x_rcc.o
    0x080029e8   0x080029e8   0x00000020   Code   RO         2197    i.RCC_AHBPeriphClockCmd  stm32f10x_rcc.o
    0x08002a08   0x08002a08   0x00000020   Code   RO         2198    i.RCC_APB1PeriphClockCmd  stm32f10x_rcc.o
    0x08002a28   0x08002a28   0x00000020   Code   RO         2199    i.RCC_APB1PeriphResetCmd  stm32f10x_rcc.o
    0x08002a48   0x08002a48   0x00000020   Code   RO         2200    i.RCC_APB2PeriphClockCmd  stm32f10x_rcc.o
    0x08002a68   0x08002a68   0x00000020   Code   RO         2201    i.RCC_APB2PeriphResetCmd  stm32f10x_rcc.o
    0x08002a88   0x08002a88   0x000000d4   Code   RO         2208    i.RCC_GetClocksFreq  stm32f10x_rcc.o
    0x08002b5c   0x08002b5c   0x00000002   Code   RO            7    i.SVC_Handler       stm32f10x_it.o
    0x08002b5e   0x08002b5e   0x00000008   Code   RO          530    i.SetSysClock       system_stm32f10x.o
    0x08002b66   0x08002b66   0x00000002   PAD
    0x08002b68   0x08002b68   0x000000e0   Code   RO          531    i.SetSysClockTo72   system_stm32f10x.o
    0x08002c48   0x08002c48   0x00000002   Code   RO            8    i.SysTick_Handler   stm32f10x_it.o
    0x08002c4a   0x08002c4a   0x00000002   PAD
    0x08002c4c   0x08002c4c   0x00000060   Code   RO          533    i.SystemInit        system_stm32f10x.o
    0x08002cac   0x08002cac   0x00000020   Code   RO            9    i.TIM4_IRQHandler   stm32f10x_it.o
    0x08002ccc   0x08002ccc   0x00000070   Code   RO          394    i.TIM4_Init         timer4.o
    0x08002d3c   0x08002d3c   0x00000006   Code   RO         2839    i.TIM_ClearITPendingBit  stm32f10x_tim.o
    0x08002d42   0x08002d42   0x00000018   Code   RO         2844    i.TIM_Cmd           stm32f10x_tim.o
    0x08002d5a   0x08002d5a   0x00000022   Code   RO         2865    i.TIM_GetITStatus   stm32f10x_tim.o
    0x08002d7c   0x08002d7c   0x00000012   Code   RO         2869    i.TIM_ITConfig      stm32f10x_tim.o
    0x08002d8e   0x08002d8e   0x00000002   PAD
    0x08002d90   0x08002d90   0x000000a4   Code   RO         2915    i.TIM_TimeBaseInit  stm32f10x_tim.o
    0x08002e34   0x08002e34   0x00000038   Code   RO           10    i.USART1_IRQHandler  stm32f10x_it.o
    0x08002e6c   0x08002e6c   0x00000034   Code   RO           11    i.USART2_IRQHandler  stm32f10x_it.o
    0x08002ea0   0x08002ea0   0x00000012   Code   RO         3379    i.USART_ClearFlag   stm32f10x_usart.o
    0x08002eb2   0x08002eb2   0x0000001e   Code   RO         3380    i.USART_ClearITPendingBit  stm32f10x_usart.o
    0x08002ed0   0x08002ed0   0x00000018   Code   RO         3383    i.USART_Cmd         stm32f10x_usart.o
    0x08002ee8   0x08002ee8   0x0000009c   Code   RO         3385    i.USART_DeInit      stm32f10x_usart.o
    0x08002f84   0x08002f84   0x0000001a   Code   RO         3386    i.USART_GetFlagStatus  stm32f10x_usart.o
    0x08002f9e   0x08002f9e   0x00000054   Code   RO         3387    i.USART_GetITStatus  stm32f10x_usart.o
    0x08002ff2   0x08002ff2   0x0000004a   Code   RO         3389    i.USART_ITConfig    stm32f10x_usart.o
    0x0800303c   0x0800303c   0x000000d8   Code   RO         3390    i.USART_Init        stm32f10x_usart.o
    0x08003114   0x08003114   0x0000000a   Code   RO         3397    i.USART_ReceiveData  stm32f10x_usart.o
    0x0800311e   0x0800311e   0x00000008   Code   RO         3400    i.USART_SendData    stm32f10x_usart.o
    0x08003126   0x08003126   0x00000004   Code   RO           12    i.UsageFault_Handler  stm32f10x_it.o
    0x0800312a   0x0800312a   0x00000002   PAD
    0x0800312c   0x0800312c   0x000000a0   Code   RO          409    i.Usart1_Init       usart1.o
    0x080031cc   0x080031cc   0x000000b8   Code   RO          447    i.Usart2_Init       usart2.o
    0x08003284   0x08003284   0x00000028   Code   RO         4784    i.__ARM_fpclassify  m_ws.l(fpclassify.o)
    0x080032ac   0x080032ac   0x0000000e   Code   RO         4568    i._is_digit         c_w.l(__printf_wp.o)
    0x080032ba   0x080032ba   0x00000002   PAD
    0x080032bc   0x080032bc   0x0000006c   Code   RO          210    i.adc_to_ppm        main.o
    0x08003328   0x08003328   0x000000b0   Code   RO          211    i.check_alarm_conditions  main.o
    0x080033d8   0x080033d8   0x00000018   Code   RO          275    i.delay_ms          delay.o
    0x080033f0   0x080033f0   0x0000002e   Code   RO          277    i.delay_us          delay.o
    0x0800341e   0x0800341e   0x0000001a   Code   RO         4002    i.exchangeBytes     common.o
    0x08003438   0x08003438   0x0000001a   Code   RO         4003    i.exchangeWord      common.o
    0x08003452   0x08003452   0x0000002a   Code   RO         4074    i.gizAcrossByteJudge  datapointtools.o
    0x0800347c   0x0800347c   0x00000032   Code   RO         4075    i.gizByteOrderExchange  datapointtools.o
    0x080034ae   0x080034ae   0x00000002   PAD
    0x080034b0   0x080034b0   0x000001bc   Code   RO         4269    i.gizCheckReport    gizwits_protocol.o
    0x0800366c   0x0800366c   0x000000ac   Code   RO         4270    i.gizDataPoint2Event  gizwits_protocol.o
    0x08003718   0x08003718   0x000000d8   Code   RO         4271    i.gizDataPoints2ReportData  gizwits_protocol.o
    0x080037f0   0x080037f0   0x000000bc   Code   RO         4272    i.gizDevReportPolicy  gizwits_protocol.o
    0x080038ac   0x080038ac   0x0000000c   Code   RO         4196    i.gizGetTimerCount  gizwits_product.o
    0x080038b8   0x080038b8   0x0000008c   Code   RO         4273    i.gizProtocolAckHandle  gizwits_protocol.o
    0x08003944   0x08003944   0x000000a0   Code   RO         4274    i.gizProtocolCommonAck  gizwits_protocol.o
    0x080039e4   0x080039e4   0x000000a4   Code   RO         4275    i.gizProtocolErrorCmd  gizwits_protocol.o
    0x08003a88   0x08003a88   0x0000017c   Code   RO         4276    i.gizProtocolGetDeviceInfo  gizwits_protocol.o
    0x08003c04   0x08003c04   0x000001fc   Code   RO         4277    i.gizProtocolGetOnePacket  gizwits_protocol.o
    0x08003e00   0x08003e00   0x00000050   Code   RO         4278    i.gizProtocolHeadInit  gizwits_protocol.o
    0x08003e50   0x08003e50   0x00000140   Code   RO         4279    i.gizProtocolIssuedDataAck  gizwits_protocol.o
    0x08003f90   0x08003f90   0x0000010c   Code   RO         4280    i.gizProtocolIssuedProcess  gizwits_protocol.o
    0x0800409c   0x0800409c   0x0000005c   Code   RO         4281    i.gizProtocolModuleInfoHandle  gizwits_protocol.o
    0x080040f8   0x080040f8   0x00000504   Code   RO         4282    i.gizProtocolModuleStatus  gizwits_protocol.o
    0x080045fc   0x080045fc   0x0000008c   Code   RO         4283    i.gizProtocolNTP    gizwits_protocol.o
    0x08004688   0x08004688   0x0000001c   Code   RO         4284    i.gizProtocolReboot  gizwits_protocol.o
    0x080046a4   0x080046a4   0x0000007c   Code   RO         4285    i.gizProtocolResendData  gizwits_protocol.o
    0x08004720   0x08004720   0x00000026   Code   RO         4005    i.gizProtocolSum    common.o
    0x08004746   0x08004746   0x00000002   PAD
    0x08004748   0x08004748   0x00000064   Code   RO         4286    i.gizProtocolWaitAck  gizwits_protocol.o
    0x080047ac   0x080047ac   0x00000048   Code   RO         4287    i.gizProtocolWaitAckCheck  gizwits_protocol.o
    0x080047f4   0x080047f4   0x00000074   Code   RO         4288    i.gizPutData        gizwits_protocol.o
    0x08004868   0x08004868   0x000000d4   Code   RO         4289    i.gizReportData     gizwits_protocol.o
    0x0800493c   0x0800493c   0x00000080   Code   RO         4076    i.gizStandardCompressValue  datapointtools.o
    0x080049bc   0x080049bc   0x000000c2   Code   RO         4077    i.gizStandardDecompressionValue  datapointtools.o
    0x08004a7e   0x08004a7e   0x00000002   PAD
    0x08004a80   0x08004a80   0x00000010   Code   RO         4197    i.gizTimerMs        gizwits_product.o
    0x08004a90   0x08004a90   0x0000000e   Code   RO         4082    i.gizY2X            datapointtools.o
    0x08004a9e   0x08004a9e   0x0000002a   Code   RO         4083    i.gizY2XFloat       datapointtools.o
    0x08004ac8   0x08004ac8   0x000001b8   Code   RO         4198    i.gizwitsEventProcess  gizwits_product.o
    0x08004c80   0x08004c80   0x00000320   Code   RO         4292    i.gizwitsHandle     gizwits_protocol.o
    0x08004fa0   0x08004fa0   0x00000064   Code   RO         4293    i.gizwitsInit       gizwits_protocol.o
    0x08005004   0x08005004   0x00000260   Code   RO         4295    i.gizwitsSetMode    gizwits_protocol.o
    0x08005264   0x08005264   0x00000158   Code   RO          212    i.main              main.o
    0x080053bc   0x080053bc   0x00000030   Code   RO         4199    i.mcuRestart        gizwits_product.o
    0x080053ec   0x080053ec   0x00000038   Code   RO         4143    i.rbCanRead         ringbuffer.o
    0x08005424   0x08005424   0x0000001e   Code   RO         4144    i.rbCanWrite        ringbuffer.o
    0x08005442   0x08005442   0x0000000e   Code   RO         4145    i.rbCapacity        ringbuffer.o
    0x08005450   0x08005450   0x00000016   Code   RO         4146    i.rbCreate          ringbuffer.o
    0x08005466   0x08005466   0x000000a2   Code   RO         4148    i.rbRead            ringbuffer.o
    0x08005508   0x08005508   0x0000009a   Code   RO         4149    i.rbWrite           ringbuffer.o
    0x080055a2   0x080055a2   0x00000002   PAD
    0x080055a4   0x080055a4   0x00000050   Code   RO          411    i.u1_printf         usart1.o
    0x080055f4   0x080055f4   0x00000058   Code   RO         4200    i.uartWrite         gizwits_product.o
    0x0800564c   0x0800564c   0x000000f8   Code   RO          213    i.update_main_display  main.o
    0x08005744   0x08005744   0x0000007c   Code   RO          214    i.update_threshold_display  main.o
    0x080057c0   0x080057c0   0x00000044   Code   RO         4201    i.userHandle        gizwits_product.o
    0x08005804   0x08005804   0x0000002c   Code   RO         4202    i.userInit          gizwits_product.o
    0x08005830   0x08005830   0x0000002c   Code   RO         4688    locale$$code        c_w.l(lc_ctype_c.o)
    0x0800585c   0x0800585c   0x0000002c   Code   RO         4725    locale$$code        c_w.l(lc_numeric_c.o)
    0x08005888   0x08005888   0x00000062   Code   RO         4451    x$fpl$d2f           fz_ws.l(d2f.o)
    0x080058ea   0x080058ea   0x00000002   PAD
    0x080058ec   0x080058ec   0x00000150   Code   RO         4453    x$fpl$dadd          fz_ws.l(daddsub_clz.o)
    0x08005a3c   0x08005a3c   0x000002b0   Code   RO         4460    x$fpl$ddiv          fz_ws.l(ddiv.o)
    0x08005cec   0x08005cec   0x00000154   Code   RO         4463    x$fpl$dmul          fz_ws.l(dmul.o)
    0x08005e40   0x08005e40   0x0000009c   Code   RO         4601    x$fpl$dnaninf       fz_ws.l(dnaninf.o)
    0x08005edc   0x08005edc   0x0000000c   Code   RO         4603    x$fpl$dretinf       fz_ws.l(dretinf.o)
    0x08005ee8   0x08005ee8   0x000001d4   Code   RO         4455    x$fpl$dsub          fz_ws.l(daddsub_clz.o)
    0x080060bc   0x080060bc   0x00000056   Code   RO         4465    x$fpl$f2d           fz_ws.l(f2d.o)
    0x08006112   0x08006112   0x00000002   PAD
    0x08006114   0x08006114   0x000000c4   Code   RO         4467    x$fpl$fadd          fz_ws.l(faddsub_clz.o)
    0x080061d8   0x080061d8   0x00000018   Code   RO         4605    x$fpl$fcmpinf       fz_ws.l(fcmpi.o)
    0x080061f0   0x080061f0   0x00000184   Code   RO         4474    x$fpl$fdiv          fz_ws.l(fdiv.o)
    0x08006374   0x08006374   0x00000068   Code   RO         4477    x$fpl$feqf          fz_ws.l(feqf.o)
    0x080063dc   0x080063dc   0x0000003e   Code   RO         4479    x$fpl$ffixu         fz_ws.l(ffixu.o)
    0x0800641a   0x0800641a   0x00000002   PAD
    0x0800641c   0x0800641c   0x00000030   Code   RO         4484    x$fpl$fflt          fz_ws.l(fflt_clz.o)
    0x0800644c   0x0800644c   0x00000026   Code   RO         4483    x$fpl$ffltu         fz_ws.l(fflt_clz.o)
    0x08006472   0x08006472   0x00000002   PAD
    0x08006474   0x08006474   0x00000068   Code   RO         4489    x$fpl$fleqf         fz_ws.l(fleqf.o)
    0x080064dc   0x080064dc   0x00000102   Code   RO         4491    x$fpl$fmul          fz_ws.l(fmul.o)
    0x080065de   0x080065de   0x0000008c   Code   RO         4611    x$fpl$fnaninf       fz_ws.l(fnaninf.o)
    0x0800666a   0x0800666a   0x0000000a   Code   RO         4613    x$fpl$fretinf       fz_ws.l(fretinf.o)
    0x08006674   0x08006674   0x00000062   Code   RO         4493    x$fpl$frleqf        fz_ws.l(frleqf.o)
    0x080066d6   0x080066d6   0x00000002   PAD
    0x080066d8   0x080066d8   0x000000ea   Code   RO         4469    x$fpl$fsub          fz_ws.l(faddsub_clz.o)
    0x080067c2   0x080067c2   0x00000004   Code   RO         4617    x$fpl$printf1       fz_ws.l(printf1.o)
    0x080067c6   0x080067c6   0x00000004   Code   RO         4619    x$fpl$printf2       fz_ws.l(printf2.o)
    0x080067ca   0x080067ca   0x00000000   Code   RO         4627    x$fpl$usenofp       fz_ws.l(usenofp.o)
    0x080067ca   0x080067ca   0x000005f0   Data   RO         3691    .constdata          oled.o
    0x08006dba   0x08006dba   0x00000002   PAD
    0x08006dbc   0x08006dbc   0x00000008   Data   RO         4527    .constdata          c_w.l(_printf_wctomb.o)
    0x08006dc4   0x08006dc4   0x00000028   Data   RO         4556    .constdata          c_w.l(_printf_hex_int_ll_ptr.o)
    0x08006dec   0x08006dec   0x00000011   Data   RO         4576    .constdata          c_w.l(__printf_flags_ss_wp.o)
    0x08006dfd   0x08006dfd   0x00000026   Data   RO         4676    .constdata          c_w.l(_printf_fp_hex.o)
    0x08006e23   0x08006e23   0x00000001   PAD
    0x08006e24   0x08006e24   0x00000094   Data   RO         4700    .constdata          c_w.l(bigflt0.o)
    0x08006eb8   0x08006eb8   0x00000020   Data   RO         4867    Region$$Table       anon$$obj.o
    0x08006ed8   0x08006ed8   0x00000110   Data   RO         4687    locale$$data        c_w.l(lc_ctype_c.o)
    0x08006fe8   0x08006fe8   0x0000001c   Data   RO         4724    locale$$data        c_w.l(lc_numeric_c.o)


    Execution Region RW_IRAM1 (Exec base: 0x20000000, Load base: 0x08007004, Size: 0x00001140, Max: 0x00005000, ABSOLUTE)

    Exec Addr    Load Addr    Size         Type   Attr      Idx    E Section Name        Object

    0x20000000   0x08007004   0x0000001c   Data   RW          215    .data               main.o
    0x2000001c   0x08007020   0x00000008   Data   RW          413    .data               usart1.o
    0x20000024   0x08007028   0x00000014   Data   RW         2228    .data               stm32f10x_rcc.o
    0x20000038   0x0800703c   0x00000003   Data   RW         3654    .data               keys.o
    0x2000003b   0x0800703f   0x00000003   Data   RW         3848    .data               pm25.o
    0x2000003e   0x08007042   0x00000008   Data   RW         3986    .data               ad.o
    0x20000046   0x0800704a   0x00000002   PAD
    0x20000048   0x0800704c   0x00000004   Data   RW         4204    .data               gizwits_product.o
    0x2000004c   0x08007050   0x00000010   Data   RW         4297    .data               gizwits_protocol.o
    0x2000005c   0x08007060   0x00000004   PAD
    0x20000060        -       0x00000800   Zero   RW          412    .bss                usart1.o
    0x20000860        -       0x00000015   Zero   RW         3847    .bss                pm25.o
    0x20000875        -       0x00000016   Zero   RW         4203    .bss                gizwits_product.o
    0x2000088b   0x08007060   0x00000001   PAD
    0x2000088c        -       0x00000250   Zero   RW         4296    .bss                gizwits_protocol.o
    0x20000adc        -       0x00000060   Zero   RW         4693    .bss                c_w.l(libspace.o)
    0x20000b3c   0x08007060   0x00000004   PAD
    0x20000b40        -       0x00000200   Zero   RW          524    HEAP                startup_stm32f10x_md_vl.o
    0x20000d40        -       0x00000400   Zero   RW          523    STACK               startup_stm32f10x_md_vl.o


==============================================================================

Image component sizes


      Code (inc. data)   RO Data    RW Data    ZI Data      Debug   Object Name

       268         16          0          8          0       1189   ad.o
        88         16          0          0          0       1325   beep.o
        90          0          0          0          0       3416   common.o
       470          0          0          0          0       4994   datapointtools.o
        70          0          0          0          0        962   delay.o
       470         24          0          0          0       4261   dht11.o
        88         16          0          0          0       1314   fan.o
       716        256          0          4         22      26930   gizwits_product.o
      6716       2214          0         16        592      18618   gizwits_protocol.o
       224         20          0          3          0       1758   keys.o
      1000        218          0         28          0       4123   main.o
       132         22          0          0          0       3091   misc.o
       802         26       1520          0          0       7641   oled.o
       414         60          0          3         21       3786   pm25.o
       438          0          0          0          0       4476   ringbuffer.o
        64         26        288          0       1536        796   startup_stm32f10x_md_vl.o
       390         10          0          0          0      16109   stm32f10x_adc.o
        84          0          0          0          0      12469   stm32f10x_dma.o
       314          0          0          0          0      12376   stm32f10x_gpio.o
       166         18          0          0          0     277676   stm32f10x_it.o
       396         56          0         20          0      15139   stm32f10x_rcc.o
       246         42          0          0          0      23686   stm32f10x_tim.o
       646         28          0          0          0      13652   stm32f10x_usart.o
         0          0          0          0          0         32   sys.o
       328         28          0          0          0       1853   system_stm32f10x.o
       112          6          0          0          0        672   timer4.o
       240         18          0          8       2048       2696   usart1.o
       184          8          0          0          0        742   usart2.o

    ----------------------------------------------------------------------
     15186       3128       1842         92       4224     465782   Object Totals
         0          0         32          0          0          0   (incl. Generated)
        30          0          2          2          5          0   (incl. Padding)

    ----------------------------------------------------------------------

      Code (inc. data)   RO Data    RW Data    ZI Data      Debug   Library Member Name

         8          0          0          0          0         68   __main.o
       392          4         17          0          0         92   __printf_flags_ss_wp.o
        14          0          0          0          0         68   __printf_wp.o
         0          0          0          0          0          0   __rtentry.o
        12          0          0          0          0          0   __rtentry2.o
         6          0          0          0          0          0   __rtentry4.o
        52          8          0          0          0          0   __scatter.o
        26          0          0          0          0          0   __scatter_copy.o
        28          0          0          0          0          0   __scatter_zi.o
         6          0          0          0          0          0   _printf_a.o
         6          0          0          0          0          0   _printf_c.o
        44          0          0          0          0        108   _printf_char.o
        48          6          0          0          0         96   _printf_char_common.o
        40          0          0          0          0         68   _printf_charcount.o
         6          0          0          0          0          0   _printf_d.o
       120         16          0          0          0         92   _printf_dec.o
         6          0          0          0          0          0   _printf_e.o
         6          0          0          0          0          0   _printf_f.o
      1054          0          0          0          0        216   _printf_fp_dec.o
       764          8         38          0          0        100   _printf_fp_hex.o
       128         16          0          0          0         84   _printf_fp_infnan.o
         6          0          0          0          0          0   _printf_g.o
       148          4         40          0          0        160   _printf_hex_int_ll_ptr.o
         6          0          0          0          0          0   _printf_i.o
       178          0          0          0          0         88   _printf_intcommon.o
        10          0          0          0          0          0   _printf_l.o
         6          0          0          0          0          0   _printf_lc.o
        10          0          0          0          0          0   _printf_ll.o
         6          0          0          0          0          0   _printf_lld.o
         6          0          0          0          0          0   _printf_lli.o
         6          0          0          0          0          0   _printf_llo.o
         6          0          0          0          0          0   _printf_llu.o
         6          0          0          0          0          0   _printf_llx.o
       124         16          0          0          0         92   _printf_longlong_dec.o
         6          0          0          0          0          0   _printf_ls.o
         6          0          0          0          0          0   _printf_n.o
         6          0          0          0          0          0   _printf_o.o
       112         10          0          0          0        124   _printf_oct_int_ll.o
         6          0          0          0          0          0   _printf_p.o
        78          0          0          0          0        108   _printf_pad.o
         0          0          0          0          0          0   _printf_percent.o
         4          0          0          0          0          0   _printf_percent_end.o
         6          0          0          0          0          0   _printf_s.o
        82          0          0          0          0         80   _printf_str.o
        36          0          0          0          0         84   _printf_truncate.o
         6          0          0          0          0          0   _printf_u.o
        44          0          0          0          0        108   _printf_wchar.o
       188          6          8          0          0         92   _printf_wctomb.o
         6          0          0          0          0          0   _printf_x.o
        10          0          0          0          0         68   _sputc.o
        64          0          0          0          0         92   _wcrtomb.o
       228          4        148          0          0         96   bigflt0.o
      1936        128          0          0          0        672   btod.o
        18          0          0          0          0         80   exit.o
         6          0          0          0          0        152   heapauxi.o
         0          0          0          0          0          0   indicate_semi.o
        44         10        272          0          0         76   lc_ctype_c.o
        44         10         28          0          0         76   lc_numeric_c.o
         2          0          0          0          0          0   libinit.o
        30          0          0          0          0          0   libinit2.o
         2          0          0          0          0          0   libshutdown.o
         2          0          0          0          0          0   libshutdown2.o
         8          4          0          0         96         68   libspace.o
       138          0          0          0          0         80   lludiv10.o
        16          4          0          0          0         76   rt_ctype_table.o
         8          4          0          0          0         68   rt_locale_intlibspace.o
        68          0          0          0          0         68   rt_memclr.o
        78          0          0          0          0         80   rt_memclr_w.o
       138          0          0          0          0         68   rt_memcpy_v6.o
       100          0          0          0          0         80   rt_memcpy_w.o
         2          0          0          0          0          0   rtexit.o
        10          0          0          0          0          0   rtexit2.o
       128          0          0          0          0         68   strcmpv7m.o
        62          0          0          0          0         76   strlen.o
        12          4          0          0          0         68   sys_exit.o
        74          0          0          0          0         80   sys_stackheap_outer.o
         2          0          0          0          0         68   use_no_semi.o
        36          4          0          0          0         76   vsprintf.o
        98          4          0          0          0         92   d2f.o
       804         16          0          0          0        272   daddsub_clz.o
       688        140          0          0          0        208   ddiv.o
       340         12          0          0          0        104   dmul.o
       156          4          0          0          0         92   dnaninf.o
        12          0          0          0          0         68   dretinf.o
        86          4          0          0          0         84   f2d.o
       430          8          0          0          0        168   faddsub_clz.o
        24          0          0          0          0         68   fcmpi.o
       388         76          0          0          0         96   fdiv.o
       104          4          0          0          0         84   feqf.o
        62          4          0          0          0         84   ffixu.o
        86          0          0          0          0        136   fflt_clz.o
       104          4          0          0          0         84   fleqf.o
       258          4          0          0          0         84   fmul.o
       140          4          0          0          0         84   fnaninf.o
        10          0          0          0          0         68   fretinf.o
        98          0          0          0          0         68   frleqf.o
         4          0          0          0          0         68   printf1.o
         4          0          0          0          0         68   printf2.o
         0          0          0          0          0          0   usenofp.o
        40          0          0          0          0         68   fpclassify.o

    ----------------------------------------------------------------------
     11096        550        552          0        100       6412   Library Totals
        24          0          1          0          4          0   (incl. Padding)

    ----------------------------------------------------------------------

      Code (inc. data)   RO Data    RW Data    ZI Data      Debug   Library Name

      7136        266        551          0         96       4264   c_w.l
      3896        284          0          0          0       2080   fz_ws.l
        40          0          0          0          0         68   m_ws.l

    ----------------------------------------------------------------------
     11096        550        552          0        100       6412   Library Totals

    ----------------------------------------------------------------------

==============================================================================


      Code (inc. data)   RO Data    RW Data    ZI Data      Debug   

     26282       3678       2394         92       4324     461270   Grand Totals
     26282       3678       2394         92       4324     461270   ELF Image Totals
     26282       3678       2394         92          0          0   ROM Totals

==============================================================================

    Total RO  Size (Code + RO Data)                28676 (  28.00kB)
    Total RW  Size (RW Data + ZI Data)              4416 (   4.31kB)
    Total ROM Size (Code + RO Data + RW Data)      28768 (  28.09kB)

==============================================================================

